[2.377s] Invoking command in '/home/project/ASV/ASV_new/src/sensors': DEBUGINFOD_URLS=https://debuginfod.ubuntu.com PS1=(vir_env_main) \[\e]0;\u@\h: \w\a\]${debian_chroot:+($debian_chroot)}\[\033[01;32m\]\u@\h\[\033[00m\]:\[\033[01;34m\]\w\[\033[00m\]\$ PYTHONPATH=/home/project/ASV/ASV_new/build/sensors/prefix_override:/home/project/ASV/vir_env_main/lib/python3.12/site-packages/colcon_core/task/python/colcon_distutils_commands:/home/project/ASV/ASV_new/install/sensors/lib/python3.12/site-packages:${PYTHONPATH} VIRTUAL_ENV_PROMPT=(vir_env_main) /home/project/ASV/vir_env_main/bin/python3 -W ignore:setup.py install is deprecated -W ignore:easy_install command is deprecated setup.py egg_info --egg-base ../../build/sensors build --build-base /home/project/ASV/ASV_new/build/sensors/build install --record /home/project/ASV/ASV_new/build/sensors/install.log --single-version-externally-managed install_data
[2.776s] /home/project/ASV/vir_env_main/lib/python3.12/site-packages/setuptools/_distutils/dist.py:289: UserWarning: Unknown distribution option: 'tests_require'
[2.776s]   warnings.warn(msg)
[2.926s] running egg_info
[2.949s] creating ../../build/sensors/sensors.egg-info
[2.951s] writing ../../build/sensors/sensors.egg-info/PKG-INFO
[2.951s] writing dependency_links to ../../build/sensors/sensors.egg-info/dependency_links.txt
[2.951s] writing requirements to ../../build/sensors/sensors.egg-info/requires.txt
[2.952s] writing top-level names to ../../build/sensors/sensors.egg-info/top_level.txt
[2.952s] writing manifest file '../../build/sensors/sensors.egg-info/SOURCES.txt'
[3.009s] reading manifest file '../../build/sensors/sensors.egg-info/SOURCES.txt'
[3.011s] writing manifest file '../../build/sensors/sensors.egg-info/SOURCES.txt'
[3.011s] running build
[3.012s] running build_py
[3.012s] creating /home/project/ASV/ASV_new/build/sensors/build/lib/sensors
[3.012s] copying sensors/__init__.py -> /home/project/ASV/ASV_new/build/sensors/build/lib/sensors
[3.014s] running install
[3.023s] running install_lib
[3.048s] creating /home/project/ASV/ASV_new/install/sensors/lib/python3.12/site-packages/sensors
[3.050s] copying /home/project/ASV/ASV_new/build/sensors/build/lib/sensors/__init__.py -> /home/project/ASV/ASV_new/install/sensors/lib/python3.12/site-packages/sensors
[3.050s] byte-compiling /home/project/ASV/ASV_new/install/sensors/lib/python3.12/site-packages/sensors/__init__.py to __init__.cpython-312.pyc
[3.050s] running install_data
[3.052s] creating /home/project/ASV/ASV_new/install/sensors/share/ament_index/resource_index/packages
[3.053s] copying resource/sensors -> /home/project/ASV/ASV_new/install/sensors/share/ament_index/resource_index/packages
[3.056s] copying package.xml -> /home/project/ASV/ASV_new/install/sensors/share/sensors
[3.061s] running install_egg_info
[3.089s] Copying ../../build/sensors/sensors.egg-info to /home/project/ASV/ASV_new/install/sensors/lib/python3.12/site-packages/sensors-0.0.0-py3.12.egg-info
[3.096s] running install_scripts
[3.218s] writing list of installed files to '/home/project/ASV/ASV_new/build/sensors/install.log'
[3.361s] Invoked command in '/home/project/ASV/ASV_new/src/sensors' returned '0': DEBUGINFOD_URLS=https://debuginfod.ubuntu.com PS1=(vir_env_main) \[\e]0;\u@\h: \w\a\]${debian_chroot:+($debian_chroot)}\[\033[01;32m\]\u@\h\[\033[00m\]:\[\033[01;34m\]\w\[\033[00m\]\$ PYTHONPATH=/home/project/ASV/ASV_new/build/sensors/prefix_override:/home/project/ASV/vir_env_main/lib/python3.12/site-packages/colcon_core/task/python/colcon_distutils_commands:/home/project/ASV/ASV_new/install/sensors/lib/python3.12/site-packages:${PYTHONPATH} VIRTUAL_ENV_PROMPT=(vir_env_main) /home/project/ASV/vir_env_main/bin/python3 -W ignore:setup.py install is deprecated -W ignore:easy_install command is deprecated setup.py egg_info --egg-base ../../build/sensors build --build-base /home/project/ASV/ASV_new/build/sensors/build install --record /home/project/ASV/ASV_new/build/sensors/install.log --single-version-externally-managed install_data
