[1.623s] Invoking command in '/home/project/ASV/ASV_new/src/imu': DEBUGINFOD_URLS=https://debuginfod.ubuntu.com PS1=(vir_env_main) \[\e]0;\u@\h: \w\a\]${debian_chroot:+($debian_chroot)}\[\033[01;32m\]\u@\h\[\033[00m\]:\[\033[01;34m\]\w\[\033[00m\]\$ PYTHONPATH=/home/project/ASV/ASV_new/build/imu/prefix_override:/home/project/ASV/vir_env_main/lib/python3.12/site-packages/colcon_core/task/python/colcon_distutils_commands:/home/project/ASV/ASV_new/install/imu/lib/python3.12/site-packages:${PYTHONPATH} VIRTUAL_ENV_PROMPT=(vir_env_main) /home/project/ASV/vir_env_main/bin/python3 -W ignore:setup.py install is deprecated -W ignore:easy_install command is deprecated setup.py egg_info --egg-base ../../build/imu build --build-base /home/project/ASV/ASV_new/build/imu/build install --record /home/project/ASV/ASV_new/build/imu/install.log --single-version-externally-managed install_data
[1.878s] /home/project/ASV/vir_env_main/lib/python3.12/site-packages/setuptools/_distutils/dist.py:289: UserWarning: Unknown distribution option: 'tests_require'
[1.878s]   warnings.warn(msg)
[2.005s] running egg_info
[2.028s] writing ../../build/imu/imu.egg-info/PKG-INFO
[2.029s] writing dependency_links to ../../build/imu/imu.egg-info/dependency_links.txt
[2.030s] writing entry points to ../../build/imu/imu.egg-info/entry_points.txt
[2.030s] writing requirements to ../../build/imu/imu.egg-info/requires.txt
[2.031s] writing top-level names to ../../build/imu/imu.egg-info/top_level.txt
[2.076s] reading manifest file '../../build/imu/imu.egg-info/SOURCES.txt'
[2.078s] writing manifest file '../../build/imu/imu.egg-info/SOURCES.txt'
[2.079s] running build
[2.079s] running build_py
[2.080s] copying imu/__init__.py -> /home/project/ASV/ASV_new/build/imu/build/lib/imu
[2.080s] copying imu/imu_logger.py -> /home/project/ASV/ASV_new/build/imu/build/lib/imu
[2.080s] copying imu/imu_publisher.py -> /home/project/ASV/ASV_new/build/imu/build/lib/imu
[2.081s] running install
[2.088s] running install_lib
[2.108s] copying /home/project/ASV/ASV_new/build/imu/build/lib/imu/imu_logger.py -> /home/project/ASV/ASV_new/install/imu/lib/python3.12/site-packages/imu
[2.109s] copying /home/project/ASV/ASV_new/build/imu/build/lib/imu/imu_publisher.py -> /home/project/ASV/ASV_new/install/imu/lib/python3.12/site-packages/imu
[2.109s] byte-compiling /home/project/ASV/ASV_new/install/imu/lib/python3.12/site-packages/imu/imu_logger.py to imu_logger.cpython-312.pyc
[2.113s] byte-compiling /home/project/ASV/ASV_new/install/imu/lib/python3.12/site-packages/imu/imu_publisher.py to imu_publisher.cpython-312.pyc
[2.116s] running install_data
[2.118s] copying resource/imu -> /home/project/ASV/ASV_new/install/imu/share/ament_index/resource_index/packages
[2.119s] copying package.xml -> /home/project/ASV/ASV_new/install/imu/share/imu
[2.119s] running install_egg_info
[2.139s] removing '/home/project/ASV/ASV_new/install/imu/lib/python3.12/site-packages/imu-0.0.0-py3.12.egg-info' (and everything under it)
[2.140s] Copying ../../build/imu/imu.egg-info to /home/project/ASV/ASV_new/install/imu/lib/python3.12/site-packages/imu-0.0.0-py3.12.egg-info
[2.142s] running install_scripts
[2.187s] Installing imu_logger script to /home/project/ASV/ASV_new/install/imu/lib/imu
[2.188s] Installing imu_publisher script to /home/project/ASV/ASV_new/install/imu/lib/imu
[2.188s] writing list of installed files to '/home/project/ASV/ASV_new/build/imu/install.log'
[2.365s] Invoked command in '/home/project/ASV/ASV_new/src/imu' returned '0': DEBUGINFOD_URLS=https://debuginfod.ubuntu.com PS1=(vir_env_main) \[\e]0;\u@\h: \w\a\]${debian_chroot:+($debian_chroot)}\[\033[01;32m\]\u@\h\[\033[00m\]:\[\033[01;34m\]\w\[\033[00m\]\$ PYTHONPATH=/home/project/ASV/ASV_new/build/imu/prefix_override:/home/project/ASV/vir_env_main/lib/python3.12/site-packages/colcon_core/task/python/colcon_distutils_commands:/home/project/ASV/ASV_new/install/imu/lib/python3.12/site-packages:${PYTHONPATH} VIRTUAL_ENV_PROMPT=(vir_env_main) /home/project/ASV/vir_env_main/bin/python3 -W ignore:setup.py install is deprecated -W ignore:easy_install command is deprecated setup.py egg_info --egg-base ../../build/imu build --build-base /home/project/ASV/ASV_new/build/imu/build install --record /home/project/ASV/ASV_new/build/imu/install.log --single-version-externally-managed install_data
