[3.450s] Invoking command in '/home/project/ASV/ASV_new/src/sensors': DEBUGINFOD_URLS=https://debuginfod.ubuntu.com PYTHONPATH=/home/project/ASV/ASV_new/build/sensors/prefix_override:/home/project/ASV/vir_env_main/lib/python3.12/site-packages/colcon_core/task/python/colcon_distutils_commands:/home/project/ASV/ASV_new/install/sensors/lib/python3.12/site-packages:${PYTHONPATH} VIRTUAL_ENV_PROMPT=(vir_env_main) /home/project/ASV/vir_env_main/bin/python3 -W ignore:setup.py install is deprecated -W ignore:easy_install command is deprecated setup.py egg_info --egg-base ../../build/sensors build --build-base /home/project/ASV/ASV_new/build/sensors/build install --record /home/project/ASV/ASV_new/build/sensors/install.log --single-version-externally-managed install_data
[4.024s] running egg_info
[4.060s] writing ../../build/sensors/sensors.egg-info/PKG-INFO
[4.060s] writing dependency_links to ../../build/sensors/sensors.egg-info/dependency_links.txt
[4.064s] writing entry points to ../../build/sensors/sensors.egg-info/entry_points.txt
[4.066s] writing requirements to ../../build/sensors/sensors.egg-info/requires.txt
[4.067s] writing top-level names to ../../build/sensors/sensors.egg-info/top_level.txt
[4.252s] reading manifest file '../../build/sensors/sensors.egg-info/SOURCES.txt'
[4.256s] writing manifest file '../../build/sensors/sensors.egg-info/SOURCES.txt'
[4.256s] running build
[4.256s] running build_py
[4.257s] copying sensors/battery_pub.py -> /home/project/ASV/ASV_new/build/sensors/build/lib/sensors
[4.257s] copying sensors/__init__.py -> /home/project/ASV/ASV_new/build/sensors/build/lib/sensors
[4.258s] running install
[4.272s] running install_lib
[4.339s] running install_data
[4.341s] copying resource/sensors -> /home/project/ASV/ASV_new/install/sensors/share/ament_index/resource_index/packages
[4.342s] copying package.xml -> /home/project/ASV/ASV_new/install/sensors/share/sensors
[4.342s] running install_egg_info
[4.433s] removing '/home/project/ASV/ASV_new/install/sensors/lib/python3.12/site-packages/sensors-0.0.0-py3.12.egg-info' (and everything under it)
[4.434s] Copying ../../build/sensors/sensors.egg-info to /home/project/ASV/ASV_new/install/sensors/lib/python3.12/site-packages/sensors-0.0.0-py3.12.egg-info
[4.449s] running install_scripts
[4.524s] Installing batt_pub script to /home/project/ASV/ASV_new/install/sensors/lib/sensors
[4.525s] writing list of installed files to '/home/project/ASV/ASV_new/build/sensors/install.log'
[4.628s] Invoked command in '/home/project/ASV/ASV_new/src/sensors' returned '0': DEBUGINFOD_URLS=https://debuginfod.ubuntu.com PYTHONPATH=/home/project/ASV/ASV_new/build/sensors/prefix_override:/home/project/ASV/vir_env_main/lib/python3.12/site-packages/colcon_core/task/python/colcon_distutils_commands:/home/project/ASV/ASV_new/install/sensors/lib/python3.12/site-packages:${PYTHONPATH} VIRTUAL_ENV_PROMPT=(vir_env_main) /home/project/ASV/vir_env_main/bin/python3 -W ignore:setup.py install is deprecated -W ignore:easy_install command is deprecated setup.py egg_info --egg-base ../../build/sensors build --build-base /home/project/ASV/ASV_new/build/sensors/build install --record /home/project/ASV/ASV_new/build/sensors/install.log --single-version-externally-managed install_data
