[5.656s] Invoking command in '/home/project/ASV/ASV_new/src/imu': DEBUGINFOD_URLS=https://debuginfod.ubuntu.com PYTHONPATH=/home/project/ASV/ASV_new/build/imu/prefix_override:/home/project/ASV/vir_env_main/lib/python3.12/site-packages/colcon_core/task/python/colcon_distutils_commands:/home/project/ASV/ASV_new/install/imu/lib/python3.12/site-packages:${PYTHONPATH} VIRTUAL_ENV_PROMPT=(vir_env_main) /home/project/ASV/vir_env_main/bin/python3 -W ignore:setup.py install is deprecated -W ignore:easy_install command is deprecated setup.py egg_info --egg-base ../../build/imu build --build-base /home/project/ASV/ASV_new/build/imu/build install --record /home/project/ASV/ASV_new/build/imu/install.log --single-version-externally-managed install_data
[6.855s] running egg_info
[6.895s] writing ../../build/imu/imu.egg-info/PKG-INFO
[6.896s] writing dependency_links to ../../build/imu/imu.egg-info/dependency_links.txt
[6.900s] writing entry points to ../../build/imu/imu.egg-info/entry_points.txt
[6.903s] writing requirements to ../../build/imu/imu.egg-info/requires.txt
[6.904s] writing top-level names to ../../build/imu/imu.egg-info/top_level.txt
[7.101s] reading manifest file '../../build/imu/imu.egg-info/SOURCES.txt'
[7.108s] writing manifest file '../../build/imu/imu.egg-info/SOURCES.txt'
[7.108s] running build
[7.108s] running build_py
[7.108s] copying imu/__init__.py -> /home/project/ASV/ASV_new/build/imu/build/lib/imu
[7.116s] copying imu/imu_logger.py -> /home/project/ASV/ASV_new/build/imu/build/lib/imu
[7.116s] copying imu/imu_publisher.py -> /home/project/ASV/ASV_new/build/imu/build/lib/imu
[7.116s] running install
[7.180s] running install_lib
[7.284s] copying /home/project/ASV/ASV_new/build/imu/build/lib/imu/imu_logger.py -> /home/project/ASV/ASV_new/install/imu/lib/python3.12/site-packages/imu
[7.290s] byte-compiling /home/project/ASV/ASV_new/install/imu/lib/python3.12/site-packages/imu/imu_logger.py to imu_logger.cpython-312.pyc
[7.300s] running install_data
[7.300s] copying resource/imu -> /home/project/ASV/ASV_new/install/imu/share/ament_index/resource_index/packages
[7.304s] copying package.xml -> /home/project/ASV/ASV_new/install/imu/share/imu
[7.305s] running install_egg_info
[7.457s] removing '/home/project/ASV/ASV_new/install/imu/lib/python3.12/site-packages/imu-0.0.0-py3.12.egg-info' (and everything under it)
[7.461s] Copying ../../build/imu/imu.egg-info to /home/project/ASV/ASV_new/install/imu/lib/python3.12/site-packages/imu-0.0.0-py3.12.egg-info
[7.475s] running install_scripts
[7.855s] Installing imu_logger script to /home/project/ASV/ASV_new/install/imu/lib/imu
[7.855s] Installing imu_publisher script to /home/project/ASV/ASV_new/install/imu/lib/imu
[7.855s] writing list of installed files to '/home/project/ASV/ASV_new/build/imu/install.log'
[8.081s] Invoked command in '/home/project/ASV/ASV_new/src/imu' returned '0': DEBUGINFOD_URLS=https://debuginfod.ubuntu.com PYTHONPATH=/home/project/ASV/ASV_new/build/imu/prefix_override:/home/project/ASV/vir_env_main/lib/python3.12/site-packages/colcon_core/task/python/colcon_distutils_commands:/home/project/ASV/ASV_new/install/imu/lib/python3.12/site-packages:${PYTHONPATH} VIRTUAL_ENV_PROMPT=(vir_env_main) /home/project/ASV/vir_env_main/bin/python3 -W ignore:setup.py install is deprecated -W ignore:easy_install command is deprecated setup.py egg_info --egg-base ../../build/imu build --build-base /home/project/ASV/ASV_new/build/imu/build install --record /home/project/ASV/ASV_new/build/imu/install.log --single-version-externally-managed install_data
