[5.557s] Invoking command in '/home/project/ASV/ASV_new/src/sensors': DEBUGINFOD_URLS=https://debuginfod.ubuntu.com PYTHONPATH=/home/project/ASV/ASV_new/build/sensors/prefix_override:/home/project/ASV/vir_env_main/lib/python3.12/site-packages/colcon_core/task/python/colcon_distutils_commands:/home/project/ASV/ASV_new/install/sensors/lib/python3.12/site-packages:${PYTHONPATH} VIRTUAL_ENV_PROMPT=(vir_env_main) /home/project/ASV/vir_env_main/bin/python3 -W ignore:setup.py install is deprecated -W ignore:easy_install command is deprecated setup.py egg_info --egg-base ../../build/sensors build --build-base /home/project/ASV/ASV_new/build/sensors/build install --record /home/project/ASV/ASV_new/build/sensors/install.log --single-version-externally-managed install_data
[8.222s] running egg_info
[8.282s] writing ../../build/sensors/sensors.egg-info/PKG-INFO
[8.287s] writing dependency_links to ../../build/sensors/sensors.egg-info/dependency_links.txt
[8.288s] writing entry points to ../../build/sensors/sensors.egg-info/entry_points.txt
[8.290s] writing requirements to ../../build/sensors/sensors.egg-info/requires.txt
[8.290s] writing top-level names to ../../build/sensors/sensors.egg-info/top_level.txt
[8.428s] reading manifest file '../../build/sensors/sensors.egg-info/SOURCES.txt'
[8.429s] writing manifest file '../../build/sensors/sensors.egg-info/SOURCES.txt'
[8.430s] running build
[8.432s] running build_py
[8.432s] copying sensors/battery_pub.py -> /home/project/ASV/ASV_new/build/sensors/build/lib/sensors
[8.432s] copying sensors/__init__.py -> /home/project/ASV/ASV_new/build/sensors/build/lib/sensors
[8.432s] running install
[8.442s] running install_lib
[8.476s] running install_data
[8.477s] copying resource/sensors -> /home/project/ASV/ASV_new/install/sensors/share/ament_index/resource_index/packages
[8.477s] copying package.xml -> /home/project/ASV/ASV_new/install/sensors/share/sensors
[8.477s] running install_egg_info
[8.519s] removing '/home/project/ASV/ASV_new/install/sensors/lib/python3.12/site-packages/sensors-0.0.0-py3.12.egg-info' (and everything under it)
[8.519s] Copying ../../build/sensors/sensors.egg-info to /home/project/ASV/ASV_new/install/sensors/lib/python3.12/site-packages/sensors-0.0.0-py3.12.egg-info
[8.520s] running install_scripts
[8.619s] Installing batt_pub script to /home/project/ASV/ASV_new/install/sensors/lib/sensors
[8.625s] writing list of installed files to '/home/project/ASV/ASV_new/build/sensors/install.log'
[8.735s] Invoked command in '/home/project/ASV/ASV_new/src/sensors' returned '0': DEBUGINFOD_URLS=https://debuginfod.ubuntu.com PYTHONPATH=/home/project/ASV/ASV_new/build/sensors/prefix_override:/home/project/ASV/vir_env_main/lib/python3.12/site-packages/colcon_core/task/python/colcon_distutils_commands:/home/project/ASV/ASV_new/install/sensors/lib/python3.12/site-packages:${PYTHONPATH} VIRTUAL_ENV_PROMPT=(vir_env_main) /home/project/ASV/vir_env_main/bin/python3 -W ignore:setup.py install is deprecated -W ignore:easy_install command is deprecated setup.py egg_info --egg-base ../../build/sensors build --build-base /home/project/ASV/ASV_new/build/sensors/build install --record /home/project/ASV/ASV_new/build/sensors/install.log --single-version-externally-managed install_data
