[0.304s] DEBUG:colcon:Command line arguments: ['/home/project/ASV/vir_env_main/bin/colcon', 'build']
[0.304s] DEBUG:colcon:Parsed command line arguments: Namespace(log_base=None, log_level=None, verb_name='build', build_base='build', install_base='install', merge_install=False, symlink_install=False, test_result_base=None, continue_on_error=False, executor='parallel', parallel_workers=4, event_handlers=None, ignore_user_meta=False, metas=['./colcon.meta'], base_paths=['.'], packages_ignore=None, packages_ignore_regex=None, paths=None, packages_up_to=None, packages_up_to_regex=None, packages_above=None, packages_above_and_dependencies=None, packages_above_depth=None, packages_select_by_dep=None, packages_skip_by_dep=None, packages_skip_up_to=None, packages_select_build_failed=False, packages_skip_build_finished=False, packages_select_test_failures=False, packages_skip_test_passed=False, packages_select=None, packages_skip=None, packages_select_regex=None, packages_skip_regex=None, packages_start=None, packages_end=None, cmake_args=None, cmake_target=None, cmake_target_skip_unavailable=False, cmake_clean_cache=False, cmake_clean_first=False, cmake_force_configure=False, ament_cmake_args=None, catkin_cmake_args=None, catkin_skip_building_tests=False, verb_parser=<colcon_defaults.argument_parser.defaults.DefaultArgumentsDecorator object at 0xffffb804dee0>, verb_extension=<colcon_core.verb.build.BuildVerb object at 0xffffb804dcd0>, main=<bound method BuildVerb.main of <colcon_core.verb.build.BuildVerb object at 0xffffb804dcd0>>)
[0.368s] Level 1:colcon.colcon_core.package_discovery:discover_packages(colcon_meta) check parameters
[0.368s] Level 1:colcon.colcon_core.package_discovery:discover_packages(recursive) check parameters
[0.368s] Level 1:colcon.colcon_core.package_discovery:discover_packages(ignore) check parameters
[0.368s] Level 1:colcon.colcon_core.package_discovery:discover_packages(path) check parameters
[0.368s] Level 1:colcon.colcon_core.package_discovery:discover_packages(colcon_meta) discover
[0.368s] Level 1:colcon.colcon_core.package_discovery:discover_packages(recursive) discover
[0.368s] INFO:colcon.colcon_core.package_discovery:Crawling recursively for packages in '/home/project/ASV/ASV_new'
[0.369s] Level 1:colcon.colcon_core.package_identification:_identify(.) by extensions ['ignore', 'ignore_ament_install']
[0.369s] Level 1:colcon.colcon_core.package_identification:_identify(.) by extension 'ignore'
[0.369s] Level 1:colcon.colcon_core.package_identification:_identify(.) by extension 'ignore_ament_install'
[0.369s] Level 1:colcon.colcon_core.package_identification:_identify(.) by extensions ['colcon_pkg']
[0.369s] Level 1:colcon.colcon_core.package_identification:_identify(.) by extension 'colcon_pkg'
[0.369s] Level 1:colcon.colcon_core.package_identification:_identify(.) by extensions ['colcon_meta']
[0.369s] Level 1:colcon.colcon_core.package_identification:_identify(.) by extension 'colcon_meta'
[0.369s] Level 1:colcon.colcon_core.package_identification:_identify(.) by extensions ['ros']
[0.369s] Level 1:colcon.colcon_core.package_identification:_identify(.) by extension 'ros'
[0.415s] Level 1:colcon.colcon_core.package_identification:_identify(.) by extensions ['cmake', 'python']
[0.415s] Level 1:colcon.colcon_core.package_identification:_identify(.) by extension 'cmake'
[0.415s] Level 1:colcon.colcon_core.package_identification:_identify(.) by extension 'python'
[0.415s] Level 1:colcon.colcon_core.package_identification:_identify(.) by extensions ['python_setup_py']
[0.415s] Level 1:colcon.colcon_core.package_identification:_identify(.) by extension 'python_setup_py'
[0.415s] Level 1:colcon.colcon_core.package_identification:_identify(build) by extensions ['ignore', 'ignore_ament_install']
[0.416s] Level 1:colcon.colcon_core.package_identification:_identify(build) by extension 'ignore'
[0.416s] Level 1:colcon.colcon_core.package_identification:_identify(build) ignored
[0.416s] Level 1:colcon.colcon_core.package_identification:_identify(install) by extensions ['ignore', 'ignore_ament_install']
[0.416s] Level 1:colcon.colcon_core.package_identification:_identify(install) by extension 'ignore'
[0.416s] Level 1:colcon.colcon_core.package_identification:_identify(install) ignored
[0.416s] Level 1:colcon.colcon_core.package_identification:_identify(log) by extensions ['ignore', 'ignore_ament_install']
[0.416s] Level 1:colcon.colcon_core.package_identification:_identify(log) by extension 'ignore'
[0.416s] Level 1:colcon.colcon_core.package_identification:_identify(log) ignored
[0.416s] Level 1:colcon.colcon_core.package_identification:_identify(src) by extensions ['ignore', 'ignore_ament_install']
[0.416s] Level 1:colcon.colcon_core.package_identification:_identify(src) by extension 'ignore'
[0.416s] Level 1:colcon.colcon_core.package_identification:_identify(src) by extension 'ignore_ament_install'
[0.416s] Level 1:colcon.colcon_core.package_identification:_identify(src) by extensions ['colcon_pkg']
[0.417s] Level 1:colcon.colcon_core.package_identification:_identify(src) by extension 'colcon_pkg'
[0.417s] Level 1:colcon.colcon_core.package_identification:_identify(src) by extensions ['colcon_meta']
[0.417s] Level 1:colcon.colcon_core.package_identification:_identify(src) by extension 'colcon_meta'
[0.417s] Level 1:colcon.colcon_core.package_identification:_identify(src) by extensions ['ros']
[0.417s] Level 1:colcon.colcon_core.package_identification:_identify(src) by extension 'ros'
[0.417s] Level 1:colcon.colcon_core.package_identification:_identify(src) by extensions ['cmake', 'python']
[0.417s] Level 1:colcon.colcon_core.package_identification:_identify(src) by extension 'cmake'
[0.417s] Level 1:colcon.colcon_core.package_identification:_identify(src) by extension 'python'
[0.417s] Level 1:colcon.colcon_core.package_identification:_identify(src) by extensions ['python_setup_py']
[0.417s] Level 1:colcon.colcon_core.package_identification:_identify(src) by extension 'python_setup_py'
[0.417s] Level 1:colcon.colcon_core.package_identification:_identify(src/gps) by extensions ['ignore', 'ignore_ament_install']
[0.417s] Level 1:colcon.colcon_core.package_identification:_identify(src/gps) by extension 'ignore'
[0.417s] Level 1:colcon.colcon_core.package_identification:_identify(src/gps) by extension 'ignore_ament_install'
[0.417s] Level 1:colcon.colcon_core.package_identification:_identify(src/gps) by extensions ['colcon_pkg']
[0.417s] Level 1:colcon.colcon_core.package_identification:_identify(src/gps) by extension 'colcon_pkg'
[0.417s] Level 1:colcon.colcon_core.package_identification:_identify(src/gps) by extensions ['colcon_meta']
[0.417s] Level 1:colcon.colcon_core.package_identification:_identify(src/gps) by extension 'colcon_meta'
[0.417s] Level 1:colcon.colcon_core.package_identification:_identify(src/gps) by extensions ['ros']
[0.417s] Level 1:colcon.colcon_core.package_identification:_identify(src/gps) by extension 'ros'
[0.423s] DEBUG:colcon.colcon_core.package_identification:Package 'src/gps' with type 'ros.ament_python' and name 'gps'
[0.423s] Level 1:colcon.colcon_core.package_identification:_identify(src/imu) by extensions ['ignore', 'ignore_ament_install']
[0.423s] Level 1:colcon.colcon_core.package_identification:_identify(src/imu) by extension 'ignore'
[0.423s] Level 1:colcon.colcon_core.package_identification:_identify(src/imu) by extension 'ignore_ament_install'
[0.423s] Level 1:colcon.colcon_core.package_identification:_identify(src/imu) by extensions ['colcon_pkg']
[0.423s] Level 1:colcon.colcon_core.package_identification:_identify(src/imu) by extension 'colcon_pkg'
[0.423s] Level 1:colcon.colcon_core.package_identification:_identify(src/imu) by extensions ['colcon_meta']
[0.423s] Level 1:colcon.colcon_core.package_identification:_identify(src/imu) by extension 'colcon_meta'
[0.423s] Level 1:colcon.colcon_core.package_identification:_identify(src/imu) by extensions ['ros']
[0.423s] Level 1:colcon.colcon_core.package_identification:_identify(src/imu) by extension 'ros'
[0.424s] DEBUG:colcon.colcon_core.package_identification:Package 'src/imu' with type 'ros.ament_python' and name 'imu'
[0.424s] Level 1:colcon.colcon_core.package_identification:_identify(src/sensors) by extensions ['ignore', 'ignore_ament_install']
[0.425s] Level 1:colcon.colcon_core.package_identification:_identify(src/sensors) by extension 'ignore'
[0.425s] Level 1:colcon.colcon_core.package_identification:_identify(src/sensors) by extension 'ignore_ament_install'
[0.425s] Level 1:colcon.colcon_core.package_identification:_identify(src/sensors) by extensions ['colcon_pkg']
[0.425s] Level 1:colcon.colcon_core.package_identification:_identify(src/sensors) by extension 'colcon_pkg'
[0.425s] Level 1:colcon.colcon_core.package_identification:_identify(src/sensors) by extensions ['colcon_meta']
[0.425s] Level 1:colcon.colcon_core.package_identification:_identify(src/sensors) by extension 'colcon_meta'
[0.425s] Level 1:colcon.colcon_core.package_identification:_identify(src/sensors) by extensions ['ros']
[0.425s] Level 1:colcon.colcon_core.package_identification:_identify(src/sensors) by extension 'ros'
[0.426s] DEBUG:colcon.colcon_core.package_identification:Package 'src/sensors' with type 'ros.ament_python' and name 'sensors'
[0.426s] Level 1:colcon.colcon_core.package_identification:_identify(src/thruster) by extensions ['ignore', 'ignore_ament_install']
[0.426s] Level 1:colcon.colcon_core.package_identification:_identify(src/thruster) by extension 'ignore'
[0.426s] Level 1:colcon.colcon_core.package_identification:_identify(src/thruster) by extension 'ignore_ament_install'
[0.426s] Level 1:colcon.colcon_core.package_identification:_identify(src/thruster) by extensions ['colcon_pkg']
[0.426s] Level 1:colcon.colcon_core.package_identification:_identify(src/thruster) by extension 'colcon_pkg'
[0.427s] Level 1:colcon.colcon_core.package_identification:_identify(src/thruster) by extensions ['colcon_meta']
[0.427s] Level 1:colcon.colcon_core.package_identification:_identify(src/thruster) by extension 'colcon_meta'
[0.428s] Level 1:colcon.colcon_core.package_identification:_identify(src/thruster) by extensions ['ros']
[0.428s] Level 1:colcon.colcon_core.package_identification:_identify(src/thruster) by extension 'ros'
[0.433s] DEBUG:colcon.colcon_core.package_identification:Package 'src/thruster' with type 'ros.ament_python' and name 'thruster'
[0.434s] Level 1:colcon.colcon_core.package_discovery:discover_packages(recursive) using defaults
[0.435s] Level 1:colcon.colcon_core.package_discovery:discover_packages(ignore) discover
[0.435s] Level 1:colcon.colcon_core.package_discovery:discover_packages(ignore) using defaults
[0.435s] Level 1:colcon.colcon_core.package_discovery:discover_packages(path) discover
[0.435s] Level 1:colcon.colcon_core.package_discovery:discover_packages(path) using defaults
[0.480s] Level 5:colcon.colcon_core.verb:set package 'gps' build argument 'cmake_args' from command line to 'None'
[0.480s] Level 5:colcon.colcon_core.verb:set package 'gps' build argument 'cmake_target' from command line to 'None'
[0.480s] Level 5:colcon.colcon_core.verb:set package 'gps' build argument 'cmake_target_skip_unavailable' from command line to 'False'
[0.480s] Level 5:colcon.colcon_core.verb:set package 'gps' build argument 'cmake_clean_cache' from command line to 'False'
[0.480s] Level 5:colcon.colcon_core.verb:set package 'gps' build argument 'cmake_clean_first' from command line to 'False'
[0.480s] Level 5:colcon.colcon_core.verb:set package 'gps' build argument 'cmake_force_configure' from command line to 'False'
[0.480s] Level 5:colcon.colcon_core.verb:set package 'gps' build argument 'ament_cmake_args' from command line to 'None'
[0.480s] Level 5:colcon.colcon_core.verb:set package 'gps' build argument 'catkin_cmake_args' from command line to 'None'
[0.480s] Level 5:colcon.colcon_core.verb:set package 'gps' build argument 'catkin_skip_building_tests' from command line to 'False'
[0.480s] DEBUG:colcon.colcon_core.verb:Building package 'gps' with the following arguments: {'ament_cmake_args': None, 'build_base': '/home/project/ASV/ASV_new/build/gps', 'catkin_cmake_args': None, 'catkin_skip_building_tests': False, 'cmake_args': None, 'cmake_clean_cache': False, 'cmake_clean_first': False, 'cmake_force_configure': False, 'cmake_target': None, 'cmake_target_skip_unavailable': False, 'install_base': '/home/project/ASV/ASV_new/install/gps', 'merge_install': False, 'path': '/home/project/ASV/ASV_new/src/gps', 'symlink_install': False, 'test_result_base': None}
[0.480s] Level 5:colcon.colcon_core.verb:set package 'imu' build argument 'cmake_args' from command line to 'None'
[0.481s] Level 5:colcon.colcon_core.verb:set package 'imu' build argument 'cmake_target' from command line to 'None'
[0.481s] Level 5:colcon.colcon_core.verb:set package 'imu' build argument 'cmake_target_skip_unavailable' from command line to 'False'
[0.481s] Level 5:colcon.colcon_core.verb:set package 'imu' build argument 'cmake_clean_cache' from command line to 'False'
[0.481s] Level 5:colcon.colcon_core.verb:set package 'imu' build argument 'cmake_clean_first' from command line to 'False'
[0.481s] Level 5:colcon.colcon_core.verb:set package 'imu' build argument 'cmake_force_configure' from command line to 'False'
[0.481s] Level 5:colcon.colcon_core.verb:set package 'imu' build argument 'ament_cmake_args' from command line to 'None'
[0.481s] Level 5:colcon.colcon_core.verb:set package 'imu' build argument 'catkin_cmake_args' from command line to 'None'
[0.481s] Level 5:colcon.colcon_core.verb:set package 'imu' build argument 'catkin_skip_building_tests' from command line to 'False'
[0.481s] DEBUG:colcon.colcon_core.verb:Building package 'imu' with the following arguments: {'ament_cmake_args': None, 'build_base': '/home/project/ASV/ASV_new/build/imu', 'catkin_cmake_args': None, 'catkin_skip_building_tests': False, 'cmake_args': None, 'cmake_clean_cache': False, 'cmake_clean_first': False, 'cmake_force_configure': False, 'cmake_target': None, 'cmake_target_skip_unavailable': False, 'install_base': '/home/project/ASV/ASV_new/install/imu', 'merge_install': False, 'path': '/home/project/ASV/ASV_new/src/imu', 'symlink_install': False, 'test_result_base': None}
[0.481s] Level 5:colcon.colcon_core.verb:set package 'sensors' build argument 'cmake_args' from command line to 'None'
[0.481s] Level 5:colcon.colcon_core.verb:set package 'sensors' build argument 'cmake_target' from command line to 'None'
[0.481s] Level 5:colcon.colcon_core.verb:set package 'sensors' build argument 'cmake_target_skip_unavailable' from command line to 'False'
[0.481s] Level 5:colcon.colcon_core.verb:set package 'sensors' build argument 'cmake_clean_cache' from command line to 'False'
[0.481s] Level 5:colcon.colcon_core.verb:set package 'sensors' build argument 'cmake_clean_first' from command line to 'False'
[0.481s] Level 5:colcon.colcon_core.verb:set package 'sensors' build argument 'cmake_force_configure' from command line to 'False'
[0.481s] Level 5:colcon.colcon_core.verb:set package 'sensors' build argument 'ament_cmake_args' from command line to 'None'
[0.481s] Level 5:colcon.colcon_core.verb:set package 'sensors' build argument 'catkin_cmake_args' from command line to 'None'
[0.481s] Level 5:colcon.colcon_core.verb:set package 'sensors' build argument 'catkin_skip_building_tests' from command line to 'False'
[0.481s] DEBUG:colcon.colcon_core.verb:Building package 'sensors' with the following arguments: {'ament_cmake_args': None, 'build_base': '/home/project/ASV/ASV_new/build/sensors', 'catkin_cmake_args': None, 'catkin_skip_building_tests': False, 'cmake_args': None, 'cmake_clean_cache': False, 'cmake_clean_first': False, 'cmake_force_configure': False, 'cmake_target': None, 'cmake_target_skip_unavailable': False, 'install_base': '/home/project/ASV/ASV_new/install/sensors', 'merge_install': False, 'path': '/home/project/ASV/ASV_new/src/sensors', 'symlink_install': False, 'test_result_base': None}
[0.482s] Level 5:colcon.colcon_core.verb:set package 'thruster' build argument 'cmake_args' from command line to 'None'
[0.482s] Level 5:colcon.colcon_core.verb:set package 'thruster' build argument 'cmake_target' from command line to 'None'
[0.482s] Level 5:colcon.colcon_core.verb:set package 'thruster' build argument 'cmake_target_skip_unavailable' from command line to 'False'
[0.482s] Level 5:colcon.colcon_core.verb:set package 'thruster' build argument 'cmake_clean_cache' from command line to 'False'
[0.482s] Level 5:colcon.colcon_core.verb:set package 'thruster' build argument 'cmake_clean_first' from command line to 'False'
[0.482s] Level 5:colcon.colcon_core.verb:set package 'thruster' build argument 'cmake_force_configure' from command line to 'False'
[0.482s] Level 5:colcon.colcon_core.verb:set package 'thruster' build argument 'ament_cmake_args' from command line to 'None'
[0.482s] Level 5:colcon.colcon_core.verb:set package 'thruster' build argument 'catkin_cmake_args' from command line to 'None'
[0.482s] Level 5:colcon.colcon_core.verb:set package 'thruster' build argument 'catkin_skip_building_tests' from command line to 'False'
[0.482s] DEBUG:colcon.colcon_core.verb:Building package 'thruster' with the following arguments: {'ament_cmake_args': None, 'build_base': '/home/project/ASV/ASV_new/build/thruster', 'catkin_cmake_args': None, 'catkin_skip_building_tests': False, 'cmake_args': None, 'cmake_clean_cache': False, 'cmake_clean_first': False, 'cmake_force_configure': False, 'cmake_target': None, 'cmake_target_skip_unavailable': False, 'install_base': '/home/project/ASV/ASV_new/install/thruster', 'merge_install': False, 'path': '/home/project/ASV/ASV_new/src/thruster', 'symlink_install': False, 'test_result_base': None}
[0.483s] INFO:colcon.colcon_core.executor:Executing jobs using 'parallel' executor
[0.484s] DEBUG:colcon.colcon_parallel_executor.executor.parallel:run_until_complete
[0.485s] INFO:colcon.colcon_ros.task.ament_python.build:Building ROS package in '/home/project/ASV/ASV_new/src/gps' with build type 'ament_python'
[0.485s] Level 1:colcon.colcon_core.shell:create_environment_hook('gps', 'ament_prefix_path')
[0.492s] INFO:colcon.colcon_core.plugin_system:Skipping extension 'colcon_core.shell.bat': Not used on non-Windows systems
[0.493s] INFO:colcon.colcon_core.shell:Creating environment hook '/home/project/ASV/ASV_new/install/gps/share/gps/hook/ament_prefix_path.ps1'
[0.498s] INFO:colcon.colcon_core.shell:Creating environment descriptor '/home/project/ASV/ASV_new/install/gps/share/gps/hook/ament_prefix_path.dsv'
[0.501s] INFO:colcon.colcon_core.shell:Creating environment hook '/home/project/ASV/ASV_new/install/gps/share/gps/hook/ament_prefix_path.sh'
[0.505s] INFO:colcon.colcon_core.shell:Skip shell extension 'powershell' for command environment: Not usable outside of PowerShell
[0.505s] DEBUG:colcon.colcon_core.shell:Skip shell extension 'dsv' for command environment
[0.520s] INFO:colcon.colcon_ros.task.ament_python.build:Building ROS package in '/home/project/ASV/ASV_new/src/imu' with build type 'ament_python'
[0.521s] Level 1:colcon.colcon_core.shell:create_environment_hook('imu', 'ament_prefix_path')
[0.521s] INFO:colcon.colcon_core.shell:Creating environment hook '/home/project/ASV/ASV_new/install/imu/share/imu/hook/ament_prefix_path.ps1'
[0.522s] INFO:colcon.colcon_core.shell:Creating environment descriptor '/home/project/ASV/ASV_new/install/imu/share/imu/hook/ament_prefix_path.dsv'
[0.523s] INFO:colcon.colcon_core.shell:Creating environment hook '/home/project/ASV/ASV_new/install/imu/share/imu/hook/ament_prefix_path.sh'
[0.528s] INFO:colcon.colcon_core.shell:Skip shell extension 'powershell' for command environment: Not usable outside of PowerShell
[0.528s] DEBUG:colcon.colcon_core.shell:Skip shell extension 'dsv' for command environment
[0.536s] INFO:colcon.colcon_ros.task.ament_python.build:Building ROS package in '/home/project/ASV/ASV_new/src/sensors' with build type 'ament_python'
[0.537s] Level 1:colcon.colcon_core.shell:create_environment_hook('sensors', 'ament_prefix_path')
[0.537s] INFO:colcon.colcon_core.shell:Creating environment hook '/home/project/ASV/ASV_new/install/sensors/share/sensors/hook/ament_prefix_path.ps1'
[0.538s] INFO:colcon.colcon_core.shell:Creating environment descriptor '/home/project/ASV/ASV_new/install/sensors/share/sensors/hook/ament_prefix_path.dsv'
[0.541s] INFO:colcon.colcon_core.shell:Creating environment hook '/home/project/ASV/ASV_new/install/sensors/share/sensors/hook/ament_prefix_path.sh'
[0.547s] INFO:colcon.colcon_core.shell:Skip shell extension 'powershell' for command environment: Not usable outside of PowerShell
[0.548s] DEBUG:colcon.colcon_core.shell:Skip shell extension 'dsv' for command environment
[0.555s] INFO:colcon.colcon_ros.task.ament_python.build:Building ROS package in '/home/project/ASV/ASV_new/src/thruster' with build type 'ament_python'
[0.556s] Level 1:colcon.colcon_core.shell:create_environment_hook('thruster', 'ament_prefix_path')
[0.556s] INFO:colcon.colcon_core.shell:Creating environment hook '/home/project/ASV/ASV_new/install/thruster/share/thruster/hook/ament_prefix_path.ps1'
[0.558s] INFO:colcon.colcon_core.shell:Creating environment descriptor '/home/project/ASV/ASV_new/install/thruster/share/thruster/hook/ament_prefix_path.dsv'
[0.563s] INFO:colcon.colcon_core.shell:Creating environment hook '/home/project/ASV/ASV_new/install/thruster/share/thruster/hook/ament_prefix_path.sh'
[0.571s] INFO:colcon.colcon_core.shell:Skip shell extension 'powershell' for command environment: Not usable outside of PowerShell
[0.572s] DEBUG:colcon.colcon_core.shell:Skip shell extension 'dsv' for command environment
[1.046s] INFO:colcon.colcon_core.task.python.build:Building Python package in '/home/project/ASV/ASV_new/src/gps'
[1.048s] INFO:colcon.colcon_core.shell:Skip shell extension 'powershell' for command environment: Not usable outside of PowerShell
[1.048s] DEBUG:colcon.colcon_core.shell:Skip shell extension 'dsv' for command environment
[1.527s] INFO:colcon.colcon_core.task.python.build:Building Python package in '/home/project/ASV/ASV_new/src/imu'
[1.528s] INFO:colcon.colcon_core.shell:Skip shell extension 'powershell' for command environment: Not usable outside of PowerShell
[1.529s] DEBUG:colcon.colcon_core.shell:Skip shell extension 'dsv' for command environment
[1.974s] INFO:colcon.colcon_core.task.python.build:Building Python package in '/home/project/ASV/ASV_new/src/sensors'
[1.974s] INFO:colcon.colcon_core.shell:Skip shell extension 'powershell' for command environment: Not usable outside of PowerShell
[1.974s] DEBUG:colcon.colcon_core.shell:Skip shell extension 'dsv' for command environment
[2.442s] INFO:colcon.colcon_core.task.python.build:Building Python package in '/home/project/ASV/ASV_new/src/thruster'
[2.443s] INFO:colcon.colcon_core.shell:Skip shell extension 'powershell' for command environment: Not usable outside of PowerShell
[2.443s] DEBUG:colcon.colcon_core.shell:Skip shell extension 'dsv' for command environment
[3.614s] DEBUG:colcon.colcon_core.event_handler.log_command:Invoking command in '/home/project/ASV/ASV_new/src/imu': DEBUGINFOD_URLS=https://debuginfod.ubuntu.com PS1=(vir_env_main) \[\e]0;\u@\h: \w\a\]${debian_chroot:+($debian_chroot)}\[\033[01;32m\]\u@\h\[\033[00m\]:\[\033[01;34m\]\w\[\033[00m\]\$ PYTHONPATH=/home/project/ASV/ASV_new/build/imu/prefix_override:/home/project/ASV/vir_env_main/lib/python3.12/site-packages/colcon_core/task/python/colcon_distutils_commands:/home/project/ASV/ASV_new/install/imu/lib/python3.12/site-packages:${PYTHONPATH} VIRTUAL_ENV_PROMPT=(vir_env_main) /home/project/ASV/vir_env_main/bin/python3 -W ignore:setup.py install is deprecated -W ignore:easy_install command is deprecated setup.py egg_info --egg-base ../../build/imu build --build-base /home/project/ASV/ASV_new/build/imu/build install --record /home/project/ASV/ASV_new/build/imu/install.log --single-version-externally-managed install_data
[3.949s] DEBUG:colcon.colcon_core.event_handler.log_command:Invoking command in '/home/project/ASV/ASV_new/src/gps': DEBUGINFOD_URLS=https://debuginfod.ubuntu.com PS1=(vir_env_main) \[\e]0;\u@\h: \w\a\]${debian_chroot:+($debian_chroot)}\[\033[01;32m\]\u@\h\[\033[00m\]:\[\033[01;34m\]\w\[\033[00m\]\$ PYTHONPATH=/home/project/ASV/ASV_new/build/gps/prefix_override:/home/project/ASV/vir_env_main/lib/python3.12/site-packages/colcon_core/task/python/colcon_distutils_commands:/home/project/ASV/ASV_new/install/gps/lib/python3.12/site-packages:${PYTHONPATH} VIRTUAL_ENV_PROMPT=(vir_env_main) /home/project/ASV/vir_env_main/bin/python3 -W ignore:setup.py install is deprecated -W ignore:easy_install command is deprecated setup.py egg_info --egg-base ../../build/gps build --build-base /home/project/ASV/ASV_new/build/gps/build install --record /home/project/ASV/ASV_new/build/gps/install.log --single-version-externally-managed install_data
[4.189s] DEBUG:colcon.colcon_core.event_handler.log_command:Invoking command in '/home/project/ASV/ASV_new/src/sensors': DEBUGINFOD_URLS=https://debuginfod.ubuntu.com PS1=(vir_env_main) \[\e]0;\u@\h: \w\a\]${debian_chroot:+($debian_chroot)}\[\033[01;32m\]\u@\h\[\033[00m\]:\[\033[01;34m\]\w\[\033[00m\]\$ PYTHONPATH=/home/project/ASV/ASV_new/build/sensors/prefix_override:/home/project/ASV/vir_env_main/lib/python3.12/site-packages/colcon_core/task/python/colcon_distutils_commands:/home/project/ASV/ASV_new/install/sensors/lib/python3.12/site-packages:${PYTHONPATH} VIRTUAL_ENV_PROMPT=(vir_env_main) /home/project/ASV/vir_env_main/bin/python3 -W ignore:setup.py install is deprecated -W ignore:easy_install command is deprecated setup.py egg_info --egg-base ../../build/sensors build --build-base /home/project/ASV/ASV_new/build/sensors/build install --record /home/project/ASV/ASV_new/build/sensors/install.log --single-version-externally-managed install_data
[4.374s] DEBUG:colcon.colcon_core.event_handler.log_command:Invoking command in '/home/project/ASV/ASV_new/src/thruster': DEBUGINFOD_URLS=https://debuginfod.ubuntu.com PS1=(vir_env_main) \[\e]0;\u@\h: \w\a\]${debian_chroot:+($debian_chroot)}\[\033[01;32m\]\u@\h\[\033[00m\]:\[\033[01;34m\]\w\[\033[00m\]\$ PYTHONPATH=/home/project/ASV/ASV_new/build/thruster/prefix_override:/home/project/ASV/vir_env_main/lib/python3.12/site-packages/colcon_core/task/python/colcon_distutils_commands:/home/project/ASV/ASV_new/install/thruster/lib/python3.12/site-packages:${PYTHONPATH} VIRTUAL_ENV_PROMPT=(vir_env_main) /home/project/ASV/vir_env_main/bin/python3 -W ignore:setup.py install is deprecated -W ignore:easy_install command is deprecated setup.py egg_info --egg-base ../../build/thruster build --build-base /home/project/ASV/ASV_new/build/thruster/build install --record /home/project/ASV/ASV_new/build/thruster/install.log --single-version-externally-managed install_data
[6.945s] DEBUG:colcon.colcon_core.event_handler.log_command:Invoked command in '/home/project/ASV/ASV_new/src/imu' returned '0': DEBUGINFOD_URLS=https://debuginfod.ubuntu.com PS1=(vir_env_main) \[\e]0;\u@\h: \w\a\]${debian_chroot:+($debian_chroot)}\[\033[01;32m\]\u@\h\[\033[00m\]:\[\033[01;34m\]\w\[\033[00m\]\$ PYTHONPATH=/home/project/ASV/ASV_new/build/imu/prefix_override:/home/project/ASV/vir_env_main/lib/python3.12/site-packages/colcon_core/task/python/colcon_distutils_commands:/home/project/ASV/ASV_new/install/imu/lib/python3.12/site-packages:${PYTHONPATH} VIRTUAL_ENV_PROMPT=(vir_env_main) /home/project/ASV/vir_env_main/bin/python3 -W ignore:setup.py install is deprecated -W ignore:easy_install command is deprecated setup.py egg_info --egg-base ../../build/imu build --build-base /home/project/ASV/ASV_new/build/imu/build install --record /home/project/ASV/ASV_new/build/imu/install.log --single-version-externally-managed install_data
[8.218s] Level 1:colcon.colcon_core.environment:checking '/home/project/ASV/ASV_new/install/imu' for CMake module files
[8.219s] Level 1:colcon.colcon_core.environment:checking '/home/project/ASV/ASV_new/install/imu' for CMake config files
[8.222s] Level 1:colcon.colcon_core.environment:checking '/home/project/ASV/ASV_new/install/imu/lib'
[8.222s] Level 1:colcon.colcon_core.environment:checking '/home/project/ASV/ASV_new/install/imu/bin'
[8.222s] Level 1:colcon.colcon_core.environment:checking '/home/project/ASV/ASV_new/install/imu/lib/pkgconfig/imu.pc'
[8.223s] Level 1:colcon.colcon_core.environment:checking '/home/project/ASV/ASV_new/install/imu/lib/python3.12/site-packages'
[8.223s] Level 1:colcon.colcon_core.shell:create_environment_hook('imu', 'pythonpath')
[8.223s] INFO:colcon.colcon_core.shell:Creating environment hook '/home/project/ASV/ASV_new/install/imu/share/imu/hook/pythonpath.ps1'
[8.225s] INFO:colcon.colcon_core.shell:Creating environment descriptor '/home/project/ASV/ASV_new/install/imu/share/imu/hook/pythonpath.dsv'
[8.227s] INFO:colcon.colcon_core.shell:Creating environment hook '/home/project/ASV/ASV_new/install/imu/share/imu/hook/pythonpath.sh'
[8.234s] Level 1:colcon.colcon_core.environment:checking '/home/project/ASV/ASV_new/install/imu/bin'
[8.234s] Level 1:colcon.colcon_core.environment:create_environment_scripts_only(imu)
[8.235s] INFO:colcon.colcon_core.shell:Creating package script '/home/project/ASV/ASV_new/install/imu/share/imu/package.ps1'
[8.237s] INFO:colcon.colcon_core.shell:Creating package descriptor '/home/project/ASV/ASV_new/install/imu/share/imu/package.dsv'
[8.238s] INFO:colcon.colcon_core.shell:Creating package script '/home/project/ASV/ASV_new/install/imu/share/imu/package.sh'
[8.242s] INFO:colcon.colcon_core.shell:Creating package script '/home/project/ASV/ASV_new/install/imu/share/imu/package.bash'
[8.246s] INFO:colcon.colcon_core.shell:Creating package script '/home/project/ASV/ASV_new/install/imu/share/imu/package.zsh'
[8.250s] Level 1:colcon.colcon_core.environment:create_file_with_runtime_dependencies(/home/project/ASV/ASV_new/install/imu/share/colcon-core/packages/imu)
[8.253s] Level 1:colcon.colcon_core.environment:checking '/home/project/ASV/ASV_new/install/sensors' for CMake module files
[8.255s] Level 1:colcon.colcon_core.environment:checking '/home/project/ASV/ASV_new/install/sensors' for CMake config files
[8.256s] DEBUG:colcon.colcon_core.event_handler.log_command:Invoked command in '/home/project/ASV/ASV_new/src/sensors' returned '0': DEBUGINFOD_URLS=https://debuginfod.ubuntu.com PS1=(vir_env_main) \[\e]0;\u@\h: \w\a\]${debian_chroot:+($debian_chroot)}\[\033[01;32m\]\u@\h\[\033[00m\]:\[\033[01;34m\]\w\[\033[00m\]\$ PYTHONPATH=/home/project/ASV/ASV_new/build/sensors/prefix_override:/home/project/ASV/vir_env_main/lib/python3.12/site-packages/colcon_core/task/python/colcon_distutils_commands:/home/project/ASV/ASV_new/install/sensors/lib/python3.12/site-packages:${PYTHONPATH} VIRTUAL_ENV_PROMPT=(vir_env_main) /home/project/ASV/vir_env_main/bin/python3 -W ignore:setup.py install is deprecated -W ignore:easy_install command is deprecated setup.py egg_info --egg-base ../../build/sensors build --build-base /home/project/ASV/ASV_new/build/sensors/build install --record /home/project/ASV/ASV_new/build/sensors/install.log --single-version-externally-managed install_data
[8.257s] Level 1:colcon.colcon_core.environment:checking '/home/project/ASV/ASV_new/install/sensors/lib'
[8.257s] Level 1:colcon.colcon_core.environment:checking '/home/project/ASV/ASV_new/install/sensors/bin'
[8.257s] Level 1:colcon.colcon_core.environment:checking '/home/project/ASV/ASV_new/install/sensors/lib/pkgconfig/sensors.pc'
[8.258s] Level 1:colcon.colcon_core.environment:checking '/home/project/ASV/ASV_new/install/sensors/lib/python3.12/site-packages'
[8.258s] Level 1:colcon.colcon_core.shell:create_environment_hook('sensors', 'pythonpath')
[8.259s] INFO:colcon.colcon_core.shell:Creating environment hook '/home/project/ASV/ASV_new/install/sensors/share/sensors/hook/pythonpath.ps1'
[8.262s] INFO:colcon.colcon_core.shell:Creating environment descriptor '/home/project/ASV/ASV_new/install/sensors/share/sensors/hook/pythonpath.dsv'
[8.267s] INFO:colcon.colcon_core.shell:Creating environment hook '/home/project/ASV/ASV_new/install/sensors/share/sensors/hook/pythonpath.sh'
[8.272s] Level 1:colcon.colcon_core.environment:checking '/home/project/ASV/ASV_new/install/sensors/bin'
[8.272s] Level 1:colcon.colcon_core.environment:create_environment_scripts_only(sensors)
[8.274s] INFO:colcon.colcon_core.shell:Creating package script '/home/project/ASV/ASV_new/install/sensors/share/sensors/package.ps1'
[8.276s] INFO:colcon.colcon_core.shell:Creating package descriptor '/home/project/ASV/ASV_new/install/sensors/share/sensors/package.dsv'
[8.280s] INFO:colcon.colcon_core.shell:Creating package script '/home/project/ASV/ASV_new/install/sensors/share/sensors/package.sh'
[8.284s] INFO:colcon.colcon_core.shell:Creating package script '/home/project/ASV/ASV_new/install/sensors/share/sensors/package.bash'
[8.288s] INFO:colcon.colcon_core.shell:Creating package script '/home/project/ASV/ASV_new/install/sensors/share/sensors/package.zsh'
[8.330s] Level 1:colcon.colcon_core.environment:create_file_with_runtime_dependencies(/home/project/ASV/ASV_new/install/sensors/share/colcon-core/packages/sensors)
[8.332s] Level 1:colcon.colcon_core.environment:checking '/home/project/ASV/ASV_new/install/thruster' for CMake module files
[8.336s] Level 1:colcon.colcon_core.environment:checking '/home/project/ASV/ASV_new/install/thruster' for CMake config files
[8.338s] Level 1:colcon.colcon_core.environment:checking '/home/project/ASV/ASV_new/install/thruster/lib'
[8.338s] Level 1:colcon.colcon_core.environment:checking '/home/project/ASV/ASV_new/install/thruster/bin'
[8.338s] Level 1:colcon.colcon_core.environment:checking '/home/project/ASV/ASV_new/install/thruster/lib/pkgconfig/thruster.pc'
[8.339s] Level 1:colcon.colcon_core.environment:checking '/home/project/ASV/ASV_new/install/thruster/lib/python3.12/site-packages'
[8.340s] Level 1:colcon.colcon_core.shell:create_environment_hook('thruster', 'pythonpath')
[8.340s] INFO:colcon.colcon_core.shell:Creating environment hook '/home/project/ASV/ASV_new/install/thruster/share/thruster/hook/pythonpath.ps1'
[8.341s] DEBUG:colcon.colcon_core.event_handler.log_command:Invoked command in '/home/project/ASV/ASV_new/src/thruster' returned '0': DEBUGINFOD_URLS=https://debuginfod.ubuntu.com PS1=(vir_env_main) \[\e]0;\u@\h: \w\a\]${debian_chroot:+($debian_chroot)}\[\033[01;32m\]\u@\h\[\033[00m\]:\[\033[01;34m\]\w\[\033[00m\]\$ PYTHONPATH=/home/project/ASV/ASV_new/build/thruster/prefix_override:/home/project/ASV/vir_env_main/lib/python3.12/site-packages/colcon_core/task/python/colcon_distutils_commands:/home/project/ASV/ASV_new/install/thruster/lib/python3.12/site-packages:${PYTHONPATH} VIRTUAL_ENV_PROMPT=(vir_env_main) /home/project/ASV/vir_env_main/bin/python3 -W ignore:setup.py install is deprecated -W ignore:easy_install command is deprecated setup.py egg_info --egg-base ../../build/thruster build --build-base /home/project/ASV/ASV_new/build/thruster/build install --record /home/project/ASV/ASV_new/build/thruster/install.log --single-version-externally-managed install_data
[8.342s] INFO:colcon.colcon_core.shell:Creating environment descriptor '/home/project/ASV/ASV_new/install/thruster/share/thruster/hook/pythonpath.dsv'
[8.344s] INFO:colcon.colcon_core.shell:Creating environment hook '/home/project/ASV/ASV_new/install/thruster/share/thruster/hook/pythonpath.sh'
[8.349s] Level 1:colcon.colcon_core.environment:checking '/home/project/ASV/ASV_new/install/thruster/bin'
[8.349s] Level 1:colcon.colcon_core.environment:create_environment_scripts_only(thruster)
[8.350s] INFO:colcon.colcon_core.shell:Creating package script '/home/project/ASV/ASV_new/install/thruster/share/thruster/package.ps1'
[8.351s] INFO:colcon.colcon_core.shell:Creating package descriptor '/home/project/ASV/ASV_new/install/thruster/share/thruster/package.dsv'
[8.352s] INFO:colcon.colcon_core.shell:Creating package script '/home/project/ASV/ASV_new/install/thruster/share/thruster/package.sh'
[8.353s] INFO:colcon.colcon_core.shell:Creating package script '/home/project/ASV/ASV_new/install/thruster/share/thruster/package.bash'
[8.353s] INFO:colcon.colcon_core.shell:Creating package script '/home/project/ASV/ASV_new/install/thruster/share/thruster/package.zsh'
[8.354s] Level 1:colcon.colcon_core.environment:create_file_with_runtime_dependencies(/home/project/ASV/ASV_new/install/thruster/share/colcon-core/packages/thruster)
[8.355s] Level 1:colcon.colcon_core.environment:checking '/home/project/ASV/ASV_new/install/gps' for CMake module files
[8.356s] Level 1:colcon.colcon_core.environment:checking '/home/project/ASV/ASV_new/install/gps' for CMake config files
[8.356s] DEBUG:colcon.colcon_core.event_handler.log_command:Invoked command in '/home/project/ASV/ASV_new/src/gps' returned '0': DEBUGINFOD_URLS=https://debuginfod.ubuntu.com PS1=(vir_env_main) \[\e]0;\u@\h: \w\a\]${debian_chroot:+($debian_chroot)}\[\033[01;32m\]\u@\h\[\033[00m\]:\[\033[01;34m\]\w\[\033[00m\]\$ PYTHONPATH=/home/project/ASV/ASV_new/build/gps/prefix_override:/home/project/ASV/vir_env_main/lib/python3.12/site-packages/colcon_core/task/python/colcon_distutils_commands:/home/project/ASV/ASV_new/install/gps/lib/python3.12/site-packages:${PYTHONPATH} VIRTUAL_ENV_PROMPT=(vir_env_main) /home/project/ASV/vir_env_main/bin/python3 -W ignore:setup.py install is deprecated -W ignore:easy_install command is deprecated setup.py egg_info --egg-base ../../build/gps build --build-base /home/project/ASV/ASV_new/build/gps/build install --record /home/project/ASV/ASV_new/build/gps/install.log --single-version-externally-managed install_data
[8.357s] Level 1:colcon.colcon_core.environment:checking '/home/project/ASV/ASV_new/install/gps/lib'
[8.357s] Level 1:colcon.colcon_core.environment:checking '/home/project/ASV/ASV_new/install/gps/bin'
[8.357s] Level 1:colcon.colcon_core.environment:checking '/home/project/ASV/ASV_new/install/gps/lib/pkgconfig/gps.pc'
[8.358s] Level 1:colcon.colcon_core.environment:checking '/home/project/ASV/ASV_new/install/gps/lib/python3.12/site-packages'
[8.358s] Level 1:colcon.colcon_core.shell:create_environment_hook('gps', 'pythonpath')
[8.359s] INFO:colcon.colcon_core.shell:Creating environment hook '/home/project/ASV/ASV_new/install/gps/share/gps/hook/pythonpath.ps1'
[8.362s] INFO:colcon.colcon_core.shell:Creating environment descriptor '/home/project/ASV/ASV_new/install/gps/share/gps/hook/pythonpath.dsv'
[8.364s] INFO:colcon.colcon_core.shell:Creating environment hook '/home/project/ASV/ASV_new/install/gps/share/gps/hook/pythonpath.sh'
[8.368s] Level 1:colcon.colcon_core.environment:checking '/home/project/ASV/ASV_new/install/gps/bin'
[8.368s] Level 1:colcon.colcon_core.environment:create_environment_scripts_only(gps)
[8.369s] INFO:colcon.colcon_core.shell:Creating package script '/home/project/ASV/ASV_new/install/gps/share/gps/package.ps1'
[8.370s] INFO:colcon.colcon_core.shell:Creating package descriptor '/home/project/ASV/ASV_new/install/gps/share/gps/package.dsv'
[8.371s] INFO:colcon.colcon_core.shell:Creating package script '/home/project/ASV/ASV_new/install/gps/share/gps/package.sh'
[8.372s] INFO:colcon.colcon_core.shell:Creating package script '/home/project/ASV/ASV_new/install/gps/share/gps/package.bash'
[8.374s] INFO:colcon.colcon_core.shell:Creating package script '/home/project/ASV/ASV_new/install/gps/share/gps/package.zsh'
[8.375s] Level 1:colcon.colcon_core.environment:create_file_with_runtime_dependencies(/home/project/ASV/ASV_new/install/gps/share/colcon-core/packages/gps)
[8.376s] DEBUG:colcon.colcon_parallel_executor.executor.parallel:closing loop
[8.379s] DEBUG:colcon.colcon_parallel_executor.executor.parallel:loop closed
[8.380s] DEBUG:colcon.colcon_parallel_executor.executor.parallel:run_until_complete finished with '0'
[8.381s] DEBUG:colcon.colcon_core.event_reactor:joining thread
[8.543s] INFO:colcon.colcon_core.plugin_system:Skipping extension 'colcon_notification.desktop_notification.notify2': 'notify2' not found
[8.543s] INFO:colcon.colcon_core.plugin_system:Skipping extension 'colcon_notification.desktop_notification.terminal_notifier': Not used on non-Darwin systems
[8.543s] INFO:colcon.colcon_core.plugin_system:Skipping extension 'colcon_notification.desktop_notification.win32': Not used on non-Windows systems
[8.544s] INFO:colcon.colcon_notification.desktop_notification:Sending desktop notification using 'notify_send'
[8.627s] DEBUG:colcon.colcon_core.event_reactor:joined thread
[8.628s] INFO:colcon.colcon_core.shell:Creating prefix script '/home/project/ASV/ASV_new/install/local_setup.ps1'
[8.630s] INFO:colcon.colcon_core.shell:Creating prefix util module '/home/project/ASV/ASV_new/install/_local_setup_util_ps1.py'
[8.633s] INFO:colcon.colcon_core.shell:Creating prefix chain script '/home/project/ASV/ASV_new/install/setup.ps1'
[8.635s] INFO:colcon.colcon_core.shell:Creating prefix script '/home/project/ASV/ASV_new/install/local_setup.sh'
[8.637s] INFO:colcon.colcon_core.shell:Creating prefix util module '/home/project/ASV/ASV_new/install/_local_setup_util_sh.py'
[8.638s] INFO:colcon.colcon_core.shell:Creating prefix chain script '/home/project/ASV/ASV_new/install/setup.sh'
[8.641s] INFO:colcon.colcon_core.shell:Creating prefix script '/home/project/ASV/ASV_new/install/local_setup.bash'
[8.645s] INFO:colcon.colcon_core.shell:Creating prefix chain script '/home/project/ASV/ASV_new/install/setup.bash'
[8.651s] INFO:colcon.colcon_core.shell:Creating prefix script '/home/project/ASV/ASV_new/install/local_setup.zsh'
[8.655s] INFO:colcon.colcon_core.shell:Creating prefix chain script '/home/project/ASV/ASV_new/install/setup.zsh'
