running egg_info
creating ../../build/sensors/sensors.egg-info
writing ../../build/sensors/sensors.egg-info/PKG-INFO
writing dependency_links to ../../build/sensors/sensors.egg-info/dependency_links.txt
writing entry points to ../../build/sensors/sensors.egg-info/entry_points.txt
writing requirements to ../../build/sensors/sensors.egg-info/requires.txt
writing top-level names to ../../build/sensors/sensors.egg-info/top_level.txt
writing manifest file '../../build/sensors/sensors.egg-info/SOURCES.txt'
reading manifest file '../../build/sensors/sensors.egg-info/SOURCES.txt'
writing manifest file '../../build/sensors/sensors.egg-info/SOURCES.txt'
running build
running build_py
creating /home/project/ASV/ASV_new/build/sensors/build/lib/sensors
copying sensors/battery_pub.py -> /home/project/ASV/ASV_new/build/sensors/build/lib/sensors
copying sensors/__init__.py -> /home/project/ASV/ASV_new/build/sensors/build/lib/sensors
running install
running install_lib
creating /home/project/ASV/ASV_new/install/sensors/lib/python3.12/site-packages/sensors
copying /home/project/ASV/ASV_new/build/sensors/build/lib/sensors/battery_pub.py -> /home/project/ASV/ASV_new/install/sensors/lib/python3.12/site-packages/sensors
copying /home/project/ASV/ASV_new/build/sensors/build/lib/sensors/__init__.py -> /home/project/ASV/ASV_new/install/sensors/lib/python3.12/site-packages/sensors
byte-compiling /home/project/ASV/ASV_new/install/sensors/lib/python3.12/site-packages/sensors/battery_pub.py to battery_pub.cpython-312.pyc
byte-compiling /home/project/ASV/ASV_new/install/sensors/lib/python3.12/site-packages/sensors/__init__.py to __init__.cpython-312.pyc
running install_data
creating /home/project/ASV/ASV_new/install/sensors/share/ament_index/resource_index/packages
copying resource/sensors -> /home/project/ASV/ASV_new/install/sensors/share/ament_index/resource_index/packages
copying package.xml -> /home/project/ASV/ASV_new/install/sensors/share/sensors
running install_egg_info
Copying ../../build/sensors/sensors.egg-info to /home/project/ASV/ASV_new/install/sensors/lib/python3.12/site-packages/sensors-0.0.0-py3.12.egg-info
running install_scripts
Installing batt_pub script to /home/project/ASV/ASV_new/install/sensors/lib/sensors
writing list of installed files to '/home/project/ASV/ASV_new/build/sensors/install.log'
