[2.820s] Invoking command in '/home/project/ASV/ASV_new/src/sensors': DEBUGINFOD_URLS=https://debuginfod.ubuntu.com PS1=(vir_env_main) \[\e]0;\u@\h: \w\a\]${debian_chroot:+($debian_chroot)}\[\033[01;32m\]\u@\h\[\033[00m\]:\[\033[01;34m\]\w\[\033[00m\]\$ PYTHONPATH=/home/project/ASV/ASV_new/build/sensors/prefix_override:/home/project/ASV/vir_env_main/lib/python3.12/site-packages/colcon_core/task/python/colcon_distutils_commands:/home/project/ASV/ASV_new/install/sensors/lib/python3.12/site-packages:${PYTHONPATH} VIRTUAL_ENV_PROMPT=(vir_env_main) /home/project/ASV/vir_env_main/bin/python3.12 -W ignore:setup.py install is deprecated -W ignore:easy_install command is deprecated setup.py egg_info --egg-base ../../build/sensors build --build-base /home/project/ASV/ASV_new/build/sensors/build install --record /home/project/ASV/ASV_new/build/sensors/install.log --install-scripts $base/lib/sensors --single-version-externally-managed install_data
[3.722s] running egg_info
[3.765s] creating ../../build/sensors/sensors.egg-info
[3.767s] writing ../../build/sensors/sensors.egg-info/PKG-INFO
[3.767s] writing dependency_links to ../../build/sensors/sensors.egg-info/dependency_links.txt
[3.767s] writing entry points to ../../build/sensors/sensors.egg-info/entry_points.txt
[3.767s] writing requirements to ../../build/sensors/sensors.egg-info/requires.txt
[3.767s] writing top-level names to ../../build/sensors/sensors.egg-info/top_level.txt
[3.767s] writing manifest file '../../build/sensors/sensors.egg-info/SOURCES.txt'
[3.854s] reading manifest file '../../build/sensors/sensors.egg-info/SOURCES.txt'
[3.855s] writing manifest file '../../build/sensors/sensors.egg-info/SOURCES.txt'
[3.855s] running build
[3.856s] running build_py
[3.856s] creating /home/project/ASV/ASV_new/build/sensors/build/lib/sensors
[3.856s] copying sensors/battery_pub.py -> /home/project/ASV/ASV_new/build/sensors/build/lib/sensors
[3.856s] copying sensors/__init__.py -> /home/project/ASV/ASV_new/build/sensors/build/lib/sensors
[3.857s] running install
[3.866s] running install_lib
[3.904s] creating /home/project/ASV/ASV_new/install/sensors/lib/python3.12/site-packages/sensors
[3.905s] copying /home/project/ASV/ASV_new/build/sensors/build/lib/sensors/battery_pub.py -> /home/project/ASV/ASV_new/install/sensors/lib/python3.12/site-packages/sensors
[3.905s] copying /home/project/ASV/ASV_new/build/sensors/build/lib/sensors/__init__.py -> /home/project/ASV/ASV_new/install/sensors/lib/python3.12/site-packages/sensors
[3.905s] byte-compiling /home/project/ASV/ASV_new/install/sensors/lib/python3.12/site-packages/sensors/battery_pub.py to battery_pub.cpython-312.pyc
[3.907s] byte-compiling /home/project/ASV/ASV_new/install/sensors/lib/python3.12/site-packages/sensors/__init__.py to __init__.cpython-312.pyc
[3.907s] running install_data
[3.907s] creating /home/project/ASV/ASV_new/install/sensors/share/ament_index/resource_index/packages
[3.907s] copying resource/sensors -> /home/project/ASV/ASV_new/install/sensors/share/ament_index/resource_index/packages
[3.908s] copying package.xml -> /home/project/ASV/ASV_new/install/sensors/share/sensors
[3.908s] running install_egg_info
[3.947s] Copying ../../build/sensors/sensors.egg-info to /home/project/ASV/ASV_new/install/sensors/lib/python3.12/site-packages/sensors-0.0.0-py3.12.egg-info
[3.948s] running install_scripts
[4.175s] Installing batt_pub script to /home/project/ASV/ASV_new/install/sensors/lib/sensors
[4.176s] writing list of installed files to '/home/project/ASV/ASV_new/build/sensors/install.log'
[4.268s] Invoked command in '/home/project/ASV/ASV_new/src/sensors' returned '0': DEBUGINFOD_URLS=https://debuginfod.ubuntu.com PS1=(vir_env_main) \[\e]0;\u@\h: \w\a\]${debian_chroot:+($debian_chroot)}\[\033[01;32m\]\u@\h\[\033[00m\]:\[\033[01;34m\]\w\[\033[00m\]\$ PYTHONPATH=/home/project/ASV/ASV_new/build/sensors/prefix_override:/home/project/ASV/vir_env_main/lib/python3.12/site-packages/colcon_core/task/python/colcon_distutils_commands:/home/project/ASV/ASV_new/install/sensors/lib/python3.12/site-packages:${PYTHONPATH} VIRTUAL_ENV_PROMPT=(vir_env_main) /home/project/ASV/vir_env_main/bin/python3.12 -W ignore:setup.py install is deprecated -W ignore:easy_install command is deprecated setup.py egg_info --egg-base ../../build/sensors build --build-base /home/project/ASV/ASV_new/build/sensors/build install --record /home/project/ASV/ASV_new/build/sensors/install.log --install-scripts $base/lib/sensors --single-version-externally-managed install_data
