[3.774s] Invoking command in '/home/project/ASV/ASV_new/src/sensors': DEBUGINFOD_URLS=https://debuginfod.ubuntu.com PS1=(vir_env_main) \[\e]0;\u@\h: \w\a\]${debian_chroot:+($debian_chroot)}\[\033[01;32m\]\u@\h\[\033[00m\]:\[\033[01;34m\]\w\[\033[00m\]\$ PYTHONPATH=/home/project/ASV/ASV_new/build/sensors/prefix_override:/home/project/ASV/vir_env_main/lib/python3.12/site-packages/colcon_core/task/python/colcon_distutils_commands:/home/project/ASV/ASV_new/install/sensors/lib/python3.12/site-packages:${PYTHONPATH} VIRTUAL_ENV_PROMPT=(vir_env_main) /home/project/ASV/vir_env_main/bin/python3 -W ignore:setup.py install is deprecated -W ignore:easy_install command is deprecated setup.py egg_info --egg-base ../../build/sensors build --build-base /home/project/ASV/ASV_new/build/sensors/build install --record /home/project/ASV/ASV_new/build/sensors/install.log --single-version-externally-managed install_data
[4.466s] running egg_info
[4.498s] writing ../../build/sensors/sensors.egg-info/PKG-INFO
[4.499s] writing dependency_links to ../../build/sensors/sensors.egg-info/dependency_links.txt
[4.505s] writing entry points to ../../build/sensors/sensors.egg-info/entry_points.txt
[4.506s] writing requirements to ../../build/sensors/sensors.egg-info/requires.txt
[4.509s] writing top-level names to ../../build/sensors/sensors.egg-info/top_level.txt
[4.726s] reading manifest file '../../build/sensors/sensors.egg-info/SOURCES.txt'
[4.740s] writing manifest file '../../build/sensors/sensors.egg-info/SOURCES.txt'
[4.740s] running build
[4.740s] running build_py
[4.740s] copying sensors/__init__.py -> /home/project/ASV/ASV_new/build/sensors/build/lib/sensors
[4.743s] running install
[4.778s] running install_lib
[4.818s] running install_data
[4.818s] copying resource/sensors -> /home/project/ASV/ASV_new/install/sensors/share/ament_index/resource_index/packages
[4.819s] copying package.xml -> /home/project/ASV/ASV_new/install/sensors/share/sensors
[4.821s] running install_egg_info
[4.860s] removing '/home/project/ASV/ASV_new/install/sensors/lib/python3.12/site-packages/sensors-0.0.0-py3.12.egg-info' (and everything under it)
[4.863s] Copying ../../build/sensors/sensors.egg-info to /home/project/ASV/ASV_new/install/sensors/lib/python3.12/site-packages/sensors-0.0.0-py3.12.egg-info
[4.863s] running install_scripts
[4.960s] Installing batt_pub script to /home/project/ASV/ASV_new/install/sensors/lib/sensors
[4.960s] writing list of installed files to '/home/project/ASV/ASV_new/build/sensors/install.log'
[5.118s] Invoked command in '/home/project/ASV/ASV_new/src/sensors' returned '0': DEBUGINFOD_URLS=https://debuginfod.ubuntu.com PS1=(vir_env_main) \[\e]0;\u@\h: \w\a\]${debian_chroot:+($debian_chroot)}\[\033[01;32m\]\u@\h\[\033[00m\]:\[\033[01;34m\]\w\[\033[00m\]\$ PYTHONPATH=/home/project/ASV/ASV_new/build/sensors/prefix_override:/home/project/ASV/vir_env_main/lib/python3.12/site-packages/colcon_core/task/python/colcon_distutils_commands:/home/project/ASV/ASV_new/install/sensors/lib/python3.12/site-packages:${PYTHONPATH} VIRTUAL_ENV_PROMPT=(vir_env_main) /home/project/ASV/vir_env_main/bin/python3 -W ignore:setup.py install is deprecated -W ignore:easy_install command is deprecated setup.py egg_info --egg-base ../../build/sensors build --build-base /home/project/ASV/ASV_new/build/sensors/build install --record /home/project/ASV/ASV_new/build/sensors/install.log --single-version-externally-managed install_data
