[2.360s] Invoking command in '/home/project/ASV/ASV_new/src/thruster': DEBUGINFOD_URLS=https://debuginfod.ubuntu.com PS1=(vir_env_main) \[\e]0;\u@\h: \w\a\]${debian_chroot:+($debian_chroot)}\[\033[01;32m\]\u@\h\[\033[00m\]:\[\033[01;34m\]\w\[\033[00m\]\$ PYTHONPATH=/home/project/ASV/ASV_new/build/thruster/prefix_override:/home/project/ASV/vir_env_main/lib/python3.12/site-packages/colcon_core/task/python/colcon_distutils_commands:/home/project/ASV/ASV_new/install/thruster/lib/python3.12/site-packages:${PYTHONPATH} VIRTUAL_ENV_PROMPT=(vir_env_main) /home/project/ASV/vir_env_main/bin/python3 -W ignore:setup.py install is deprecated -W ignore:easy_install command is deprecated setup.py egg_info --egg-base ../../build/thruster build --build-base /home/project/ASV/ASV_new/build/thruster/build install --record /home/project/ASV/ASV_new/build/thruster/install.log --single-version-externally-managed install_data
[2.894s] running egg_info
[2.918s] writing ../../build/thruster/thruster.egg-info/PKG-INFO
[2.919s] writing dependency_links to ../../build/thruster/thruster.egg-info/dependency_links.txt
[2.920s] writing entry points to ../../build/thruster/thruster.egg-info/entry_points.txt
[2.921s] writing requirements to ../../build/thruster/thruster.egg-info/requires.txt
[2.922s] writing top-level names to ../../build/thruster/thruster.egg-info/top_level.txt
[2.974s] reading manifest file '../../build/thruster/thruster.egg-info/SOURCES.txt'
[2.977s] writing manifest file '../../build/thruster/thruster.egg-info/SOURCES.txt'
[2.977s] running build
[2.978s] running build_py
[2.979s] copying thruster/__init__.py -> /home/project/ASV/ASV_new/build/thruster/build/lib/thruster
[2.979s] copying thruster/thrust_teleop_publisher.py -> /home/project/ASV/ASV_new/build/thruster/build/lib/thruster
[2.979s] copying thruster/thrust_subscriber.py -> /home/project/ASV/ASV_new/build/thruster/build/lib/thruster
[2.980s] running install
[2.990s] running install_lib
[3.018s] copying /home/project/ASV/ASV_new/build/thruster/build/lib/thruster/thrust_teleop_publisher.py -> /home/project/ASV/ASV_new/install/thruster/lib/python3.12/site-packages/thruster
[3.024s] byte-compiling /home/project/ASV/ASV_new/install/thruster/lib/python3.12/site-packages/thruster/thrust_teleop_publisher.py to thrust_teleop_publisher.cpython-312.pyc
[3.029s] running install_data
[3.030s] copying resource/thruster -> /home/project/ASV/ASV_new/install/thruster/share/ament_index/resource_index/packages
[3.033s] copying package.xml -> /home/project/ASV/ASV_new/install/thruster/share/thruster
[3.037s] running install_egg_info
[3.068s] removing '/home/project/ASV/ASV_new/install/thruster/lib/python3.12/site-packages/thruster-0.0.0-py3.12.egg-info' (and everything under it)
[3.072s] Copying ../../build/thruster/thruster.egg-info to /home/project/ASV/ASV_new/install/thruster/lib/python3.12/site-packages/thruster-0.0.0-py3.12.egg-info
[3.082s] running install_scripts
[3.158s] Installing thruster_sub script to /home/project/ASV/ASV_new/install/thruster/lib/thruster
[3.159s] Installing thruster_teleop script to /home/project/ASV/ASV_new/install/thruster/lib/thruster
[3.159s] writing list of installed files to '/home/project/ASV/ASV_new/build/thruster/install.log'
[3.313s] Invoked command in '/home/project/ASV/ASV_new/src/thruster' returned '0': DEBUGINFOD_URLS=https://debuginfod.ubuntu.com PS1=(vir_env_main) \[\e]0;\u@\h: \w\a\]${debian_chroot:+($debian_chroot)}\[\033[01;32m\]\u@\h\[\033[00m\]:\[\033[01;34m\]\w\[\033[00m\]\$ PYTHONPATH=/home/project/ASV/ASV_new/build/thruster/prefix_override:/home/project/ASV/vir_env_main/lib/python3.12/site-packages/colcon_core/task/python/colcon_distutils_commands:/home/project/ASV/ASV_new/install/thruster/lib/python3.12/site-packages:${PYTHONPATH} VIRTUAL_ENV_PROMPT=(vir_env_main) /home/project/ASV/vir_env_main/bin/python3 -W ignore:setup.py install is deprecated -W ignore:easy_install command is deprecated setup.py egg_info --egg-base ../../build/thruster build --build-base /home/project/ASV/ASV_new/build/thruster/build install --record /home/project/ASV/ASV_new/build/thruster/install.log --single-version-externally-managed install_data
