[3.729s] Invoking command in '/home/project/ASV/ASV_new/src/depth_camera': DEBUGINFOD_URLS=https://debuginfod.ubuntu.com PS1=(vir_env_main) \[\e]0;\u@\h: \w\a\]${debian_chroot:+($debian_chroot)}\[\033[01;32m\]\u@\h\[\033[00m\]:\[\033[01;34m\]\w\[\033[00m\]\$ PYTHONPATH=/home/project/ASV/ASV_new/build/depth_camera/prefix_override:/home/project/ASV/vir_env_main/lib/python3.12/site-packages/colcon_core/task/python/colcon_distutils_commands:/home/project/ASV/ASV_new/install/depth_camera/lib/python3.12/site-packages:${PYTHONPATH} VIRTUAL_ENV_PROMPT=(vir_env_main) /home/project/ASV/vir_env_main/bin/python3.12 -W ignore:setup.py install is deprecated -W ignore:easy_install command is deprecated setup.py egg_info --egg-base ../../build/depth_camera build --build-base /home/project/ASV/ASV_new/build/depth_camera/build install --record /home/project/ASV/ASV_new/build/depth_camera/install.log --install-scripts $base/lib/depth_camera --single-version-externally-managed install_data
[4.398s] running egg_info
[4.445s] writing ../../build/depth_camera/depth_camera.egg-info/PKG-INFO
[4.446s] writing dependency_links to ../../build/depth_camera/depth_camera.egg-info/dependency_links.txt
[4.447s] writing entry points to ../../build/depth_camera/depth_camera.egg-info/entry_points.txt
[4.448s] writing requirements to ../../build/depth_camera/depth_camera.egg-info/requires.txt
[4.449s] writing top-level names to ../../build/depth_camera/depth_camera.egg-info/top_level.txt
[4.543s] reading manifest file '../../build/depth_camera/depth_camera.egg-info/SOURCES.txt'
[4.545s] writing manifest file '../../build/depth_camera/depth_camera.egg-info/SOURCES.txt'
[4.545s] running build
[4.546s] running build_py
[4.546s] copying depth_camera/__init__.py -> /home/project/ASV/ASV_new/build/depth_camera/build/lib/depth_camera
[4.547s] copying depth_camera/camera.py -> /home/project/ASV/ASV_new/build/depth_camera/build/lib/depth_camera
[4.548s] running install
[4.556s] running install_lib
[4.618s] copying /home/project/ASV/ASV_new/build/depth_camera/build/lib/depth_camera/camera.py -> /home/project/ASV/ASV_new/install/depth_camera/lib/python3.12/site-packages/depth_camera
[4.623s] byte-compiling /home/project/ASV/ASV_new/install/depth_camera/lib/python3.12/site-packages/depth_camera/camera.py to camera.cpython-312.pyc
[4.625s] running install_data
[4.625s] copying resource/depth_camera -> /home/project/ASV/ASV_new/install/depth_camera/share/ament_index/resource_index/packages
[4.626s] copying package.xml -> /home/project/ASV/ASV_new/install/depth_camera/share/depth_camera
[4.627s] running install_egg_info
[4.676s] removing '/home/project/ASV/ASV_new/install/depth_camera/lib/python3.12/site-packages/depth_camera-0.0.0-py3.12.egg-info' (and everything under it)
[4.677s] Copying ../../build/depth_camera/depth_camera.egg-info to /home/project/ASV/ASV_new/install/depth_camera/lib/python3.12/site-packages/depth_camera-0.0.0-py3.12.egg-info
[4.706s] running install_scripts
[5.066s] Installing camera script to /home/project/ASV/ASV_new/install/depth_camera/lib/depth_camera
[5.066s] writing list of installed files to '/home/project/ASV/ASV_new/build/depth_camera/install.log'
[5.883s] Invoked command in '/home/project/ASV/ASV_new/src/depth_camera' returned '0': DEBUGINFOD_URLS=https://debuginfod.ubuntu.com PS1=(vir_env_main) \[\e]0;\u@\h: \w\a\]${debian_chroot:+($debian_chroot)}\[\033[01;32m\]\u@\h\[\033[00m\]:\[\033[01;34m\]\w\[\033[00m\]\$ PYTHONPATH=/home/project/ASV/ASV_new/build/depth_camera/prefix_override:/home/project/ASV/vir_env_main/lib/python3.12/site-packages/colcon_core/task/python/colcon_distutils_commands:/home/project/ASV/ASV_new/install/depth_camera/lib/python3.12/site-packages:${PYTHONPATH} VIRTUAL_ENV_PROMPT=(vir_env_main) /home/project/ASV/vir_env_main/bin/python3.12 -W ignore:setup.py install is deprecated -W ignore:easy_install command is deprecated setup.py egg_info --egg-base ../../build/depth_camera build --build-base /home/project/ASV/ASV_new/build/depth_camera/build install --record /home/project/ASV/ASV_new/build/depth_camera/install.log --install-scripts $base/lib/depth_camera --single-version-externally-managed install_data
