[2.682s] Invoking command in '/home/project/ASV/ASV_new/src/sensors': DEBUGINFOD_URLS=https://debuginfod.ubuntu.com PS1=(vir_env_main) \[\e]0;\u@\h: \w\a\]${debian_chroot:+($debian_chroot)}\[\033[01;32m\]\u@\h\[\033[00m\]:\[\033[01;34m\]\w\[\033[00m\]\$ PYTHONPATH=/home/project/ASV/ASV_new/build/sensors/prefix_override:/home/project/ASV/vir_env_main/lib/python3.12/site-packages/colcon_core/task/python/colcon_distutils_commands:/home/project/ASV/ASV_new/install/sensors/lib/python3.12/site-packages:${PYTHONPATH} VIRTUAL_ENV_PROMPT=(vir_env_main) /home/project/ASV/vir_env_main/bin/python3 -W ignore:setup.py install is deprecated -W ignore:easy_install command is deprecated setup.py egg_info --egg-base ../../build/sensors build --build-base /home/project/ASV/ASV_new/build/sensors/build install --record /home/project/ASV/ASV_new/build/sensors/install.log --single-version-externally-managed install_data
[3.147s] running egg_info
[3.180s] writing ../../build/sensors/sensors.egg-info/PKG-INFO
[3.182s] writing dependency_links to ../../build/sensors/sensors.egg-info/dependency_links.txt
[3.184s] writing entry points to ../../build/sensors/sensors.egg-info/entry_points.txt
[3.185s] writing requirements to ../../build/sensors/sensors.egg-info/requires.txt
[3.187s] writing top-level names to ../../build/sensors/sensors.egg-info/top_level.txt
[3.311s] reading manifest file '../../build/sensors/sensors.egg-info/SOURCES.txt'
[3.313s] writing manifest file '../../build/sensors/sensors.egg-info/SOURCES.txt'
[3.313s] running build
[3.315s] running build_py
[3.316s] copying sensors/battery_pub.py -> /home/project/ASV/ASV_new/build/sensors/build/lib/sensors
[3.319s] copying sensors/__init__.py -> /home/project/ASV/ASV_new/build/sensors/build/lib/sensors
[3.323s] running install
[3.326s] running install_lib
[3.369s] running install_data
[3.371s] copying resource/sensors -> /home/project/ASV/ASV_new/install/sensors/share/ament_index/resource_index/packages
[3.371s] copying package.xml -> /home/project/ASV/ASV_new/install/sensors/share/sensors
[3.371s] running install_egg_info
[3.424s] removing '/home/project/ASV/ASV_new/install/sensors/lib/python3.12/site-packages/sensors-0.0.0-py3.12.egg-info' (and everything under it)
[3.424s] Copying ../../build/sensors/sensors.egg-info to /home/project/ASV/ASV_new/install/sensors/lib/python3.12/site-packages/sensors-0.0.0-py3.12.egg-info
[3.424s] running install_scripts
[3.470s] Installing batt_pub script to /home/project/ASV/ASV_new/install/sensors/lib/sensors
[3.471s] writing list of installed files to '/home/project/ASV/ASV_new/build/sensors/install.log'
[3.827s] Invoked command in '/home/project/ASV/ASV_new/src/sensors' returned '0': DEBUGINFOD_URLS=https://debuginfod.ubuntu.com PS1=(vir_env_main) \[\e]0;\u@\h: \w\a\]${debian_chroot:+($debian_chroot)}\[\033[01;32m\]\u@\h\[\033[00m\]:\[\033[01;34m\]\w\[\033[00m\]\$ PYTHONPATH=/home/project/ASV/ASV_new/build/sensors/prefix_override:/home/project/ASV/vir_env_main/lib/python3.12/site-packages/colcon_core/task/python/colcon_distutils_commands:/home/project/ASV/ASV_new/install/sensors/lib/python3.12/site-packages:${PYTHONPATH} VIRTUAL_ENV_PROMPT=(vir_env_main) /home/project/ASV/vir_env_main/bin/python3 -W ignore:setup.py install is deprecated -W ignore:easy_install command is deprecated setup.py egg_info --egg-base ../../build/sensors build --build-base /home/project/ASV/ASV_new/build/sensors/build install --record /home/project/ASV/ASV_new/build/sensors/install.log --single-version-externally-managed install_data
