[1.983s] Invoking command in '/home/project/ASV/ASV_new/src/thruster': DEBUGINFOD_URLS=https://debuginfod.ubuntu.com PS1=(vir_env_main) \[\e]0;\u@\h: \w\a\]${debian_chroot:+($debian_chroot)}\[\033[01;32m\]\u@\h\[\033[00m\]:\[\033[01;34m\]\w\[\033[00m\]\$ PYTHONPATH=/home/project/ASV/ASV_new/build/thruster/prefix_override:/home/project/ASV/vir_env_main/lib/python3.12/site-packages/colcon_core/task/python/colcon_distutils_commands:/home/project/ASV/ASV_new/install/thruster/lib/python3.12/site-packages:${PYTHONPATH} VIRTUAL_ENV_PROMPT=(vir_env_main) /home/project/ASV/vir_env_main/bin/python3 -W ignore:setup.py install is deprecated -W ignore:easy_install command is deprecated setup.py egg_info --egg-base ../../build/thruster build --build-base /home/project/ASV/ASV_new/build/thruster/build install --record /home/project/ASV/ASV_new/build/thruster/install.log --single-version-externally-managed install_data
[2.307s] /home/project/ASV/vir_env_main/lib/python3.12/site-packages/setuptools/_distutils/dist.py:289: UserWarning: Unknown distribution option: 'tests_require'
[2.307s]   warnings.warn(msg)
[2.450s] running egg_info
[2.482s] writing ../../build/thruster/thruster.egg-info/PKG-INFO
[2.483s] writing dependency_links to ../../build/thruster/thruster.egg-info/dependency_links.txt
[2.484s] writing entry points to ../../build/thruster/thruster.egg-info/entry_points.txt
[2.485s] writing requirements to ../../build/thruster/thruster.egg-info/requires.txt
[2.485s] writing top-level names to ../../build/thruster/thruster.egg-info/top_level.txt
[2.538s] reading manifest file '../../build/thruster/thruster.egg-info/SOURCES.txt'
[2.540s] writing manifest file '../../build/thruster/thruster.egg-info/SOURCES.txt'
[2.540s] running build
[2.540s] running build_py
[2.540s] copying thruster/__init__.py -> /home/project/ASV/ASV_new/build/thruster/build/lib/thruster
[2.541s] copying thruster/thrust_teleop_publisher.py -> /home/project/ASV/ASV_new/build/thruster/build/lib/thruster
[2.541s] copying thruster/thrust_subscriber.py -> /home/project/ASV/ASV_new/build/thruster/build/lib/thruster
[2.542s] running install
[2.550s] running install_lib
[2.595s] copying /home/project/ASV/ASV_new/build/thruster/build/lib/thruster/thrust_teleop_publisher.py -> /home/project/ASV/ASV_new/install/thruster/lib/python3.12/site-packages/thruster
[2.600s] byte-compiling /home/project/ASV/ASV_new/install/thruster/lib/python3.12/site-packages/thruster/thrust_teleop_publisher.py to thrust_teleop_publisher.cpython-312.pyc
[2.600s] running install_data
[2.601s] copying resource/thruster -> /home/project/ASV/ASV_new/install/thruster/share/ament_index/resource_index/packages
[2.601s] copying package.xml -> /home/project/ASV/ASV_new/install/thruster/share/thruster
[2.602s] running install_egg_info
[2.624s] removing '/home/project/ASV/ASV_new/install/thruster/lib/python3.12/site-packages/thruster-0.0.0-py3.12.egg-info' (and everything under it)
[2.626s] Copying ../../build/thruster/thruster.egg-info to /home/project/ASV/ASV_new/install/thruster/lib/python3.12/site-packages/thruster-0.0.0-py3.12.egg-info
[2.627s] running install_scripts
[2.703s] Installing thruster_sub script to /home/project/ASV/ASV_new/install/thruster/lib/thruster
[2.703s] Installing thruster_teleop script to /home/project/ASV/ASV_new/install/thruster/lib/thruster
[2.710s] writing list of installed files to '/home/project/ASV/ASV_new/build/thruster/install.log'
[2.862s] Invoked command in '/home/project/ASV/ASV_new/src/thruster' returned '0': DEBUGINFOD_URLS=https://debuginfod.ubuntu.com PS1=(vir_env_main) \[\e]0;\u@\h: \w\a\]${debian_chroot:+($debian_chroot)}\[\033[01;32m\]\u@\h\[\033[00m\]:\[\033[01;34m\]\w\[\033[00m\]\$ PYTHONPATH=/home/project/ASV/ASV_new/build/thruster/prefix_override:/home/project/ASV/vir_env_main/lib/python3.12/site-packages/colcon_core/task/python/colcon_distutils_commands:/home/project/ASV/ASV_new/install/thruster/lib/python3.12/site-packages:${PYTHONPATH} VIRTUAL_ENV_PROMPT=(vir_env_main) /home/project/ASV/vir_env_main/bin/python3 -W ignore:setup.py install is deprecated -W ignore:easy_install command is deprecated setup.py egg_info --egg-base ../../build/thruster build --build-base /home/project/ASV/ASV_new/build/thruster/build install --record /home/project/ASV/ASV_new/build/thruster/install.log --single-version-externally-managed install_data
