[2.008s] Invoking command in '/home/project/ASV/ASV_new/src/depth_camera': DEBUGINFOD_URLS=https://debuginfod.ubuntu.com PS1=(vir_env_main) \[\e]0;\u@\h: \w\a\]${debian_chroot:+($debian_chroot)}\[\033[01;32m\]\u@\h\[\033[00m\]:\[\033[01;34m\]\w\[\033[00m\]\$ PYTHONPATH=/home/project/ASV/ASV_new/build/depth_camera/prefix_override:/home/project/ASV/vir_env_main/lib/python3.12/site-packages/colcon_core/task/python/colcon_distutils_commands:/home/project/ASV/ASV_new/install/depth_camera/lib/python3.12/site-packages:${PYTHONPATH} VIRTUAL_ENV_PROMPT=(vir_env_main) /home/project/ASV/vir_env_main/bin/python3.12 -W ignore:setup.py install is deprecated -W ignore:easy_install command is deprecated setup.py egg_info --egg-base ../../build/depth_camera build --build-base /home/project/ASV/ASV_new/build/depth_camera/build install --record /home/project/ASV/ASV_new/build/depth_camera/install.log --install-scripts $base/lib/depth_camera --single-version-externally-managed install_data
[2.789s] running egg_info
[2.850s] creating ../../build/depth_camera/depth_camera.egg-info
[2.851s] writing ../../build/depth_camera/depth_camera.egg-info/PKG-INFO
[2.851s] writing dependency_links to ../../build/depth_camera/depth_camera.egg-info/dependency_links.txt
[2.852s] writing entry points to ../../build/depth_camera/depth_camera.egg-info/entry_points.txt
[2.852s] writing requirements to ../../build/depth_camera/depth_camera.egg-info/requires.txt
[2.852s] writing top-level names to ../../build/depth_camera/depth_camera.egg-info/top_level.txt
[2.853s] writing manifest file '../../build/depth_camera/depth_camera.egg-info/SOURCES.txt'
[2.971s] reading manifest file '../../build/depth_camera/depth_camera.egg-info/SOURCES.txt'
[2.971s] writing manifest file '../../build/depth_camera/depth_camera.egg-info/SOURCES.txt'
[2.971s] running build
[2.972s] running build_py
[2.972s] creating /home/project/ASV/ASV_new/build/depth_camera/build/lib/depth_camera
[2.972s] copying depth_camera/__init__.py -> /home/project/ASV/ASV_new/build/depth_camera/build/lib/depth_camera
[2.972s] copying depth_camera/camera.py -> /home/project/ASV/ASV_new/build/depth_camera/build/lib/depth_camera
[2.973s] running install
[2.983s] running install_lib
[3.037s] creating /home/project/ASV/ASV_new/install/depth_camera/lib/python3.12/site-packages/depth_camera
[3.037s] copying /home/project/ASV/ASV_new/build/depth_camera/build/lib/depth_camera/__init__.py -> /home/project/ASV/ASV_new/install/depth_camera/lib/python3.12/site-packages/depth_camera
[3.037s] copying /home/project/ASV/ASV_new/build/depth_camera/build/lib/depth_camera/camera.py -> /home/project/ASV/ASV_new/install/depth_camera/lib/python3.12/site-packages/depth_camera
[3.038s] byte-compiling /home/project/ASV/ASV_new/install/depth_camera/lib/python3.12/site-packages/depth_camera/__init__.py to __init__.cpython-312.pyc
[3.039s] byte-compiling /home/project/ASV/ASV_new/install/depth_camera/lib/python3.12/site-packages/depth_camera/camera.py to camera.cpython-312.pyc
[3.044s] running install_data
[3.045s] creating /home/project/ASV/ASV_new/install/depth_camera/share/ament_index/resource_index/packages
[3.045s] copying resource/depth_camera -> /home/project/ASV/ASV_new/install/depth_camera/share/ament_index/resource_index/packages
[3.045s] copying package.xml -> /home/project/ASV/ASV_new/install/depth_camera/share/depth_camera
[3.045s] running install_egg_info
[3.104s] Copying ../../build/depth_camera/depth_camera.egg-info to /home/project/ASV/ASV_new/install/depth_camera/lib/python3.12/site-packages/depth_camera-0.0.0-py3.12.egg-info
[3.105s] running install_scripts
[3.384s] Installing camera script to /home/project/ASV/ASV_new/install/depth_camera/lib/depth_camera
[3.385s] writing list of installed files to '/home/project/ASV/ASV_new/build/depth_camera/install.log'
[3.468s] Invoked command in '/home/project/ASV/ASV_new/src/depth_camera' returned '0': DEBUGINFOD_URLS=https://debuginfod.ubuntu.com PS1=(vir_env_main) \[\e]0;\u@\h: \w\a\]${debian_chroot:+($debian_chroot)}\[\033[01;32m\]\u@\h\[\033[00m\]:\[\033[01;34m\]\w\[\033[00m\]\$ PYTHONPATH=/home/project/ASV/ASV_new/build/depth_camera/prefix_override:/home/project/ASV/vir_env_main/lib/python3.12/site-packages/colcon_core/task/python/colcon_distutils_commands:/home/project/ASV/ASV_new/install/depth_camera/lib/python3.12/site-packages:${PYTHONPATH} VIRTUAL_ENV_PROMPT=(vir_env_main) /home/project/ASV/vir_env_main/bin/python3.12 -W ignore:setup.py install is deprecated -W ignore:easy_install command is deprecated setup.py egg_info --egg-base ../../build/depth_camera build --build-base /home/project/ASV/ASV_new/build/depth_camera/build install --record /home/project/ASV/ASV_new/build/depth_camera/install.log --install-scripts $base/lib/depth_camera --single-version-externally-managed install_data
