[1.177s] Invoking command in '/home/project/ASV/ASV_new/src/thruster': DEBUGINFOD_URLS=https://debuginfod.ubuntu.com PS1=(vir_env_main) \[\e]0;\u@\h: \w\a\]${debian_chroot:+($debian_chroot)}\[\033[01;32m\]\u@\h\[\033[00m\]:\[\033[01;34m\]\w\[\033[00m\]\$ PYTHONPATH=/home/project/ASV/ASV_new/build/thruster/prefix_override:/home/project/ASV/vir_env_main/lib/python3.12/site-packages/colcon_core/task/python/colcon_distutils_commands:/home/project/ASV/ASV_new/install/thruster/lib/python3.12/site-packages:${PYTHONPATH} VIRTUAL_ENV_PROMPT=(vir_env_main) /home/project/ASV/vir_env_main/bin/python3 -W ignore:setup.py install is deprecated -W ignore:easy_install command is deprecated setup.py egg_info --egg-base ../../build/thruster build --build-base /home/project/ASV/ASV_new/build/thruster/build install --record /home/project/ASV/ASV_new/build/thruster/install.log --single-version-externally-managed install_data
[1.537s] running egg_info
[1.557s] writing ../../build/thruster/thruster.egg-info/PKG-INFO
[1.558s] writing dependency_links to ../../build/thruster/thruster.egg-info/dependency_links.txt
[1.563s] writing entry points to ../../build/thruster/thruster.egg-info/entry_points.txt
[1.569s] writing requirements to ../../build/thruster/thruster.egg-info/requires.txt
[1.575s] writing top-level names to ../../build/thruster/thruster.egg-info/top_level.txt
[1.631s] reading manifest file '../../build/thruster/thruster.egg-info/SOURCES.txt'
[1.633s] writing manifest file '../../build/thruster/thruster.egg-info/SOURCES.txt'
[1.641s] running build
[1.641s] running build_py
[1.641s] copying thruster/__init__.py -> /home/project/ASV/ASV_new/build/thruster/build/lib/thruster
[1.642s] copying thruster/thrust_teleop_publisher.py -> /home/project/ASV/ASV_new/build/thruster/build/lib/thruster
[1.662s] copying thruster/thrust_subscriber.py -> /home/project/ASV/ASV_new/build/thruster/build/lib/thruster
[1.663s] running install
[1.674s] running install_lib
[1.696s] running install_data
[1.696s] copying resource/thruster -> /home/project/ASV/ASV_new/install/thruster/share/ament_index/resource_index/packages
[1.697s] copying package.xml -> /home/project/ASV/ASV_new/install/thruster/share/thruster
[1.697s] running install_egg_info
[1.720s] removing '/home/project/ASV/ASV_new/install/thruster/lib/python3.12/site-packages/thruster-0.0.0-py3.12.egg-info' (and everything under it)
[1.723s] Copying ../../build/thruster/thruster.egg-info to /home/project/ASV/ASV_new/install/thruster/lib/python3.12/site-packages/thruster-0.0.0-py3.12.egg-info
[1.725s] running install_scripts
[1.768s] Installing thruster_sub script to /home/project/ASV/ASV_new/install/thruster/lib/thruster
[1.768s] Installing thruster_teleop script to /home/project/ASV/ASV_new/install/thruster/lib/thruster
[1.769s] writing list of installed files to '/home/project/ASV/ASV_new/build/thruster/install.log'
[1.834s] Invoked command in '/home/project/ASV/ASV_new/src/thruster' returned '0': DEBUGINFOD_URLS=https://debuginfod.ubuntu.com PS1=(vir_env_main) \[\e]0;\u@\h: \w\a\]${debian_chroot:+($debian_chroot)}\[\033[01;32m\]\u@\h\[\033[00m\]:\[\033[01;34m\]\w\[\033[00m\]\$ PYTHONPATH=/home/project/ASV/ASV_new/build/thruster/prefix_override:/home/project/ASV/vir_env_main/lib/python3.12/site-packages/colcon_core/task/python/colcon_distutils_commands:/home/project/ASV/ASV_new/install/thruster/lib/python3.12/site-packages:${PYTHONPATH} VIRTUAL_ENV_PROMPT=(vir_env_main) /home/project/ASV/vir_env_main/bin/python3 -W ignore:setup.py install is deprecated -W ignore:easy_install command is deprecated setup.py egg_info --egg-base ../../build/thruster build --build-base /home/project/ASV/ASV_new/build/thruster/build install --record /home/project/ASV/ASV_new/build/thruster/install.log --single-version-externally-managed install_data
