[1.090s] Invoking command in '/home/project/ASV/ASV_new/src/thruster': DEBUGINFOD_URLS=https://debuginfod.ubuntu.com PS1=(vir_env_main) \[\e]0;\u@\h: \w\a\]${debian_chroot:+($debian_chroot)}\[\033[01;32m\]\u@\h\[\033[00m\]:\[\033[01;34m\]\w\[\033[00m\]\$ PYTHONPATH=/home/project/ASV/ASV_new/build/thruster/prefix_override:/home/project/ASV/vir_env_main/lib/python3.12/site-packages/colcon_core/task/python/colcon_distutils_commands:/home/project/ASV/ASV_new/install/thruster/lib/python3.12/site-packages:${PYTHONPATH} VIRTUAL_ENV_PROMPT=(vir_env_main) /home/project/ASV/vir_env_main/bin/python3 -W ignore:setup.py install is deprecated -W ignore:easy_install command is deprecated setup.py egg_info --egg-base ../../build/thruster build --build-base /home/project/ASV/ASV_new/build/thruster/build install --record /home/project/ASV/ASV_new/build/thruster/install.log --single-version-externally-managed install_data
[1.436s] running egg_info
[1.460s] writing ../../build/thruster/thruster.egg-info/PKG-INFO
[1.460s] writing dependency_links to ../../build/thruster/thruster.egg-info/dependency_links.txt
[1.469s] writing entry points to ../../build/thruster/thruster.egg-info/entry_points.txt
[1.503s] writing requirements to ../../build/thruster/thruster.egg-info/requires.txt
[1.507s] writing top-level names to ../../build/thruster/thruster.egg-info/top_level.txt
[1.555s] reading manifest file '../../build/thruster/thruster.egg-info/SOURCES.txt'
[1.556s] writing manifest file '../../build/thruster/thruster.egg-info/SOURCES.txt'
[1.557s] running build
[1.557s] running build_py
[1.557s] copying thruster/__init__.py -> /home/project/ASV/ASV_new/build/thruster/build/lib/thruster
[1.557s] copying thruster/thrust_teleop_publisher.py -> /home/project/ASV/ASV_new/build/thruster/build/lib/thruster
[1.558s] copying thruster/thrust_subscriber.py -> /home/project/ASV/ASV_new/build/thruster/build/lib/thruster
[1.558s] running install
[1.566s] running install_lib
[1.586s] running install_data
[1.586s] copying resource/thruster -> /home/project/ASV/ASV_new/install/thruster/share/ament_index/resource_index/packages
[1.587s] copying package.xml -> /home/project/ASV/ASV_new/install/thruster/share/thruster
[1.587s] running install_egg_info
[1.606s] removing '/home/project/ASV/ASV_new/install/thruster/lib/python3.12/site-packages/thruster-0.0.0-py3.12.egg-info' (and everything under it)
[1.607s] Copying ../../build/thruster/thruster.egg-info to /home/project/ASV/ASV_new/install/thruster/lib/python3.12/site-packages/thruster-0.0.0-py3.12.egg-info
[1.608s] running install_scripts
[1.654s] Installing thruster_sub script to /home/project/ASV/ASV_new/install/thruster/lib/thruster
[1.654s] Installing thruster_teleop script to /home/project/ASV/ASV_new/install/thruster/lib/thruster
[1.659s] writing list of installed files to '/home/project/ASV/ASV_new/build/thruster/install.log'
[1.723s] Invoked command in '/home/project/ASV/ASV_new/src/thruster' returned '0': DEBUGINFOD_URLS=https://debuginfod.ubuntu.com PS1=(vir_env_main) \[\e]0;\u@\h: \w\a\]${debian_chroot:+($debian_chroot)}\[\033[01;32m\]\u@\h\[\033[00m\]:\[\033[01;34m\]\w\[\033[00m\]\$ PYTHONPATH=/home/project/ASV/ASV_new/build/thruster/prefix_override:/home/project/ASV/vir_env_main/lib/python3.12/site-packages/colcon_core/task/python/colcon_distutils_commands:/home/project/ASV/ASV_new/install/thruster/lib/python3.12/site-packages:${PYTHONPATH} VIRTUAL_ENV_PROMPT=(vir_env_main) /home/project/ASV/vir_env_main/bin/python3 -W ignore:setup.py install is deprecated -W ignore:easy_install command is deprecated setup.py egg_info --egg-base ../../build/thruster build --build-base /home/project/ASV/ASV_new/build/thruster/build install --record /home/project/ASV/ASV_new/build/thruster/install.log --single-version-externally-managed install_data
