[2.287s] Invoking command in '/home/project/ASV/ASV_new/src/gps': DEBUGINFOD_URLS=https://debuginfod.ubuntu.com PS1=(vir_env_main) \[\e]0;\u@\h: \w\a\]${debian_chroot:+($debian_chroot)}\[\033[01;32m\]\u@\h\[\033[00m\]:\[\033[01;34m\]\w\[\033[00m\]\$ PYTHONPATH=/home/project/ASV/ASV_new/build/gps/prefix_override:/home/project/ASV/vir_env_main/lib/python3.12/site-packages/colcon_core/task/python/colcon_distutils_commands:/home/project/ASV/ASV_new/install/gps/lib/python3.12/site-packages:${PYTHONPATH} VIRTUAL_ENV_PROMPT=(vir_env_main) /home/project/ASV/vir_env_main/bin/python3 -W ignore:setup.py install is deprecated -W ignore:easy_install command is deprecated setup.py egg_info --egg-base ../../build/gps build --build-base /home/project/ASV/ASV_new/build/gps/build install --record /home/project/ASV/ASV_new/build/gps/install.log --single-version-externally-managed install_data
[2.769s] /home/project/ASV/vir_env_main/lib/python3.12/site-packages/setuptools/_distutils/dist.py:289: UserWarning: Unknown distribution option: 'tests_require'
[2.770s]   warnings.warn(msg)
[2.927s] running egg_info
[2.947s] creating ../../build/gps/gps.egg-info
[2.947s] writing ../../build/gps/gps.egg-info/PKG-INFO
[2.948s] writing dependency_links to ../../build/gps/gps.egg-info/dependency_links.txt
[2.948s] writing requirements to ../../build/gps/gps.egg-info/requires.txt
[2.950s] writing top-level names to ../../build/gps/gps.egg-info/top_level.txt
[2.950s] writing manifest file '../../build/gps/gps.egg-info/SOURCES.txt'
[3.003s] reading manifest file '../../build/gps/gps.egg-info/SOURCES.txt'
[3.004s] writing manifest file '../../build/gps/gps.egg-info/SOURCES.txt'
[3.005s] running build
[3.005s] running build_py
[3.006s] creating /home/project/ASV/ASV_new/build/gps/build/lib/gps
[3.006s] copying gps/__init__.py -> /home/project/ASV/ASV_new/build/gps/build/lib/gps
[3.006s] running install
[3.014s] running install_lib
[3.036s] creating /home/project/ASV/ASV_new/install/gps/lib/python3.12/site-packages/gps
[3.037s] copying /home/project/ASV/ASV_new/build/gps/build/lib/gps/__init__.py -> /home/project/ASV/ASV_new/install/gps/lib/python3.12/site-packages/gps
[3.045s] byte-compiling /home/project/ASV/ASV_new/install/gps/lib/python3.12/site-packages/gps/__init__.py to __init__.cpython-312.pyc
[3.045s] running install_data
[3.045s] creating /home/project/ASV/ASV_new/install/gps/share/ament_index/resource_index/packages
[3.045s] copying resource/gps -> /home/project/ASV/ASV_new/install/gps/share/ament_index/resource_index/packages
[3.045s] copying package.xml -> /home/project/ASV/ASV_new/install/gps/share/gps
[3.046s] running install_egg_info
[3.064s] Copying ../../build/gps/gps.egg-info to /home/project/ASV/ASV_new/install/gps/lib/python3.12/site-packages/gps-0.0.0-py3.12.egg-info
[3.066s] running install_scripts
[3.120s] writing list of installed files to '/home/project/ASV/ASV_new/build/gps/install.log'
[3.240s] Invoked command in '/home/project/ASV/ASV_new/src/gps' returned '0': DEBUGINFOD_URLS=https://debuginfod.ubuntu.com PS1=(vir_env_main) \[\e]0;\u@\h: \w\a\]${debian_chroot:+($debian_chroot)}\[\033[01;32m\]\u@\h\[\033[00m\]:\[\033[01;34m\]\w\[\033[00m\]\$ PYTHONPATH=/home/project/ASV/ASV_new/build/gps/prefix_override:/home/project/ASV/vir_env_main/lib/python3.12/site-packages/colcon_core/task/python/colcon_distutils_commands:/home/project/ASV/ASV_new/install/gps/lib/python3.12/site-packages:${PYTHONPATH} VIRTUAL_ENV_PROMPT=(vir_env_main) /home/project/ASV/vir_env_main/bin/python3 -W ignore:setup.py install is deprecated -W ignore:easy_install command is deprecated setup.py egg_info --egg-base ../../build/gps build --build-base /home/project/ASV/ASV_new/build/gps/build install --record /home/project/ASV/ASV_new/build/gps/install.log --single-version-externally-managed install_data
