[4.147s] Invoking command in '/home/project/ASV/ASV_new/src/thruster': DEBUGINFOD_URLS=https://debuginfod.ubuntu.com PYTHONPATH=/home/project/ASV/ASV_new/build/thruster/prefix_override:/home/project/ASV/vir_env_main/lib/python3.12/site-packages/colcon_core/task/python/colcon_distutils_commands:/home/project/ASV/ASV_new/install/thruster/lib/python3.12/site-packages:${PYTHONPATH} VIRTUAL_ENV_PROMPT=(vir_env_main) /home/project/ASV/vir_env_main/bin/python3 -W ignore:setup.py install is deprecated -W ignore:easy_install command is deprecated setup.py egg_info --egg-base ../../build/thruster build --build-base /home/project/ASV/ASV_new/build/thruster/build install --record /home/project/ASV/ASV_new/build/thruster/install.log --single-version-externally-managed install_data
[5.876s] running egg_info
[5.921s] writing ../../build/thruster/thruster.egg-info/PKG-INFO
[5.921s] writing dependency_links to ../../build/thruster/thruster.egg-info/dependency_links.txt
[5.926s] writing entry points to ../../build/thruster/thruster.egg-info/entry_points.txt
[5.932s] writing requirements to ../../build/thruster/thruster.egg-info/requires.txt
[5.932s] writing top-level names to ../../build/thruster/thruster.egg-info/top_level.txt
[6.063s] reading manifest file '../../build/thruster/thruster.egg-info/SOURCES.txt'
[6.071s] writing manifest file '../../build/thruster/thruster.egg-info/SOURCES.txt'
[6.077s] running build
[6.077s] running build_py
[6.077s] copying thruster/__init__.py -> /home/project/ASV/ASV_new/build/thruster/build/lib/thruster
[6.082s] copying thruster/thrust_teleop_publisher.py -> /home/project/ASV/ASV_new/build/thruster/build/lib/thruster
[6.084s] copying thruster/thrust_subscriber.py -> /home/project/ASV/ASV_new/build/thruster/build/lib/thruster
[6.086s] running install
[6.097s] running install_lib
[6.227s] running install_data
[6.227s] copying resource/thruster -> /home/project/ASV/ASV_new/install/thruster/share/ament_index/resource_index/packages
[6.239s] copying package.xml -> /home/project/ASV/ASV_new/install/thruster/share/thruster
[6.239s] running install_egg_info
[6.292s] removing '/home/project/ASV/ASV_new/install/thruster/lib/python3.12/site-packages/thruster-0.0.0-py3.12.egg-info' (and everything under it)
[6.295s] Copying ../../build/thruster/thruster.egg-info to /home/project/ASV/ASV_new/install/thruster/lib/python3.12/site-packages/thruster-0.0.0-py3.12.egg-info
[6.296s] running install_scripts
[6.440s] Installing thruster_sub script to /home/project/ASV/ASV_new/install/thruster/lib/thruster
[6.440s] Installing thruster_teleop script to /home/project/ASV/ASV_new/install/thruster/lib/thruster
[6.442s] writing list of installed files to '/home/project/ASV/ASV_new/build/thruster/install.log'
[6.641s] Invoked command in '/home/project/ASV/ASV_new/src/thruster' returned '0': DEBUGINFOD_URLS=https://debuginfod.ubuntu.com PYTHONPATH=/home/project/ASV/ASV_new/build/thruster/prefix_override:/home/project/ASV/vir_env_main/lib/python3.12/site-packages/colcon_core/task/python/colcon_distutils_commands:/home/project/ASV/ASV_new/install/thruster/lib/python3.12/site-packages:${PYTHONPATH} VIRTUAL_ENV_PROMPT=(vir_env_main) /home/project/ASV/vir_env_main/bin/python3 -W ignore:setup.py install is deprecated -W ignore:easy_install command is deprecated setup.py egg_info --egg-base ../../build/thruster build --build-base /home/project/ASV/ASV_new/build/thruster/build install --record /home/project/ASV/ASV_new/build/thruster/install.log --single-version-externally-managed install_data
