[6.000s] Invoking command in '/home/project/ASV/ASV_new/src/gps': DEBUGINFOD_URLS=https://debuginfod.ubuntu.com PYTHONPATH=/home/project/ASV/ASV_new/build/gps/prefix_override:/home/project/ASV/vir_env_main/lib/python3.12/site-packages/colcon_core/task/python/colcon_distutils_commands:/home/project/ASV/ASV_new/install/gps/lib/python3.12/site-packages:${PYTHONPATH} VIRTUAL_ENV_PROMPT=(vir_env_main) /home/project/ASV/vir_env_main/bin/python3 -W ignore:setup.py install is deprecated -W ignore:easy_install command is deprecated setup.py egg_info --egg-base ../../build/gps build --build-base /home/project/ASV/ASV_new/build/gps/build install --record /home/project/ASV/ASV_new/build/gps/install.log --single-version-externally-managed install_data
[7.612s] running egg_info
[7.659s] writing ../../build/gps/gps.egg-info/PKG-INFO
[7.662s] writing dependency_links to ../../build/gps/gps.egg-info/dependency_links.txt
[7.667s] writing entry points to ../../build/gps/gps.egg-info/entry_points.txt
[7.674s] writing requirements to ../../build/gps/gps.egg-info/requires.txt
[7.678s] writing top-level names to ../../build/gps/gps.egg-info/top_level.txt
[7.913s] reading manifest file '../../build/gps/gps.egg-info/SOURCES.txt'
[7.917s] writing manifest file '../../build/gps/gps.egg-info/SOURCES.txt'
[7.919s] running build
[7.920s] running build_py
[7.925s] copying gps/gps_publisher.py -> /home/project/ASV/ASV_new/build/gps/build/lib/gps
[7.935s] copying gps/__init__.py -> /home/project/ASV/ASV_new/build/gps/build/lib/gps
[7.935s] running install
[7.935s] running install_lib
[8.043s] running install_data
[8.044s] copying resource/gps -> /home/project/ASV/ASV_new/install/gps/share/ament_index/resource_index/packages
[8.044s] copying package.xml -> /home/project/ASV/ASV_new/install/gps/share/gps
[8.044s] running install_egg_info
[8.077s] removing '/home/project/ASV/ASV_new/install/gps/lib/python3.12/site-packages/gps-0.0.0-py3.12.egg-info' (and everything under it)
[8.078s] Copying ../../build/gps/gps.egg-info to /home/project/ASV/ASV_new/install/gps/lib/python3.12/site-packages/gps-0.0.0-py3.12.egg-info
[8.079s] running install_scripts
[8.168s] Installing gps_publisher script to /home/project/ASV/ASV_new/install/gps/lib/gps
[8.168s] writing list of installed files to '/home/project/ASV/ASV_new/build/gps/install.log'
[8.297s] Invoked command in '/home/project/ASV/ASV_new/src/gps' returned '0': DEBUGINFOD_URLS=https://debuginfod.ubuntu.com PYTHONPATH=/home/project/ASV/ASV_new/build/gps/prefix_override:/home/project/ASV/vir_env_main/lib/python3.12/site-packages/colcon_core/task/python/colcon_distutils_commands:/home/project/ASV/ASV_new/install/gps/lib/python3.12/site-packages:${PYTHONPATH} VIRTUAL_ENV_PROMPT=(vir_env_main) /home/project/ASV/vir_env_main/bin/python3 -W ignore:setup.py install is deprecated -W ignore:easy_install command is deprecated setup.py egg_info --egg-base ../../build/gps build --build-base /home/project/ASV/ASV_new/build/gps/build install --record /home/project/ASV/ASV_new/build/gps/install.log --single-version-externally-managed install_data
