[1.309s] Invoking command in '/home/project/ASV/ASV_new/src/imu': DEBUGINFOD_URLS=https://debuginfod.ubuntu.com PS1=(vir_env_main) \[\e]0;\u@\h: \w\a\]${debian_chroot:+($debian_chroot)}\[\033[01;32m\]\u@\h\[\033[00m\]:\[\033[01;34m\]\w\[\033[00m\]\$ PYTHONPATH=/home/project/ASV/ASV_new/build/imu/prefix_override:/home/project/ASV/vir_env_main/lib/python3.12/site-packages/colcon_core/task/python/colcon_distutils_commands:/home/project/ASV/ASV_new/install/imu/lib/python3.12/site-packages:${PYTHONPATH} VIRTUAL_ENV_PROMPT=(vir_env_main) /home/project/ASV/vir_env_main/bin/python3 -W ignore:setup.py install is deprecated -W ignore:easy_install command is deprecated setup.py egg_info --egg-base ../../build/imu build --build-base /home/project/ASV/ASV_new/build/imu/build install --record /home/project/ASV/ASV_new/build/imu/install.log --single-version-externally-managed install_data
[1.557s] /home/project/ASV/vir_env_main/lib/python3.12/site-packages/setuptools/_distutils/dist.py:289: UserWarning: Unknown distribution option: 'tests_require'
[1.557s]   warnings.warn(msg)
[1.678s] running egg_info
[1.696s] writing ../../build/imu/imu.egg-info/PKG-INFO
[1.697s] writing dependency_links to ../../build/imu/imu.egg-info/dependency_links.txt
[1.698s] writing entry points to ../../build/imu/imu.egg-info/entry_points.txt
[1.699s] writing requirements to ../../build/imu/imu.egg-info/requires.txt
[1.700s] writing top-level names to ../../build/imu/imu.egg-info/top_level.txt
[1.745s] reading manifest file '../../build/imu/imu.egg-info/SOURCES.txt'
[1.746s] writing manifest file '../../build/imu/imu.egg-info/SOURCES.txt'
[1.747s] running build
[1.747s] running build_py
[1.747s] copying imu/__init__.py -> /home/project/ASV/ASV_new/build/imu/build/lib/imu
[1.747s] copying imu/imu_logger.py -> /home/project/ASV/ASV_new/build/imu/build/lib/imu
[1.748s] copying imu/imu_publisher.py -> /home/project/ASV/ASV_new/build/imu/build/lib/imu
[1.750s] running install
[1.756s] running install_lib
[1.776s] copying /home/project/ASV/ASV_new/build/imu/build/lib/imu/imu_logger.py -> /home/project/ASV/ASV_new/install/imu/lib/python3.12/site-packages/imu
[1.776s] copying /home/project/ASV/ASV_new/build/imu/build/lib/imu/imu_publisher.py -> /home/project/ASV/ASV_new/install/imu/lib/python3.12/site-packages/imu
[1.777s] byte-compiling /home/project/ASV/ASV_new/install/imu/lib/python3.12/site-packages/imu/imu_logger.py to imu_logger.cpython-312.pyc
[1.779s] byte-compiling /home/project/ASV/ASV_new/install/imu/lib/python3.12/site-packages/imu/imu_publisher.py to imu_publisher.cpython-312.pyc
[1.781s] running install_data
[1.781s] copying resource/imu -> /home/project/ASV/ASV_new/install/imu/share/ament_index/resource_index/packages
[1.782s] copying package.xml -> /home/project/ASV/ASV_new/install/imu/share/imu
[1.782s] running install_egg_info
[1.801s] removing '/home/project/ASV/ASV_new/install/imu/lib/python3.12/site-packages/imu-0.0.0-py3.12.egg-info' (and everything under it)
[1.802s] Copying ../../build/imu/imu.egg-info to /home/project/ASV/ASV_new/install/imu/lib/python3.12/site-packages/imu-0.0.0-py3.12.egg-info
[1.805s] running install_scripts
[1.848s] Installing imu_logger script to /home/project/ASV/ASV_new/install/imu/lib/imu
[1.848s] Installing imu_publisher script to /home/project/ASV/ASV_new/install/imu/lib/imu
[1.852s] writing list of installed files to '/home/project/ASV/ASV_new/build/imu/install.log'
[1.949s] Invoked command in '/home/project/ASV/ASV_new/src/imu' returned '0': DEBUGINFOD_URLS=https://debuginfod.ubuntu.com PS1=(vir_env_main) \[\e]0;\u@\h: \w\a\]${debian_chroot:+($debian_chroot)}\[\033[01;32m\]\u@\h\[\033[00m\]:\[\033[01;34m\]\w\[\033[00m\]\$ PYTHONPATH=/home/project/ASV/ASV_new/build/imu/prefix_override:/home/project/ASV/vir_env_main/lib/python3.12/site-packages/colcon_core/task/python/colcon_distutils_commands:/home/project/ASV/ASV_new/install/imu/lib/python3.12/site-packages:${PYTHONPATH} VIRTUAL_ENV_PROMPT=(vir_env_main) /home/project/ASV/vir_env_main/bin/python3 -W ignore:setup.py install is deprecated -W ignore:easy_install command is deprecated setup.py egg_info --egg-base ../../build/imu build --build-base /home/project/ASV/ASV_new/build/imu/build install --record /home/project/ASV/ASV_new/build/imu/install.log --single-version-externally-managed install_data
