[1.086s] Invoking command in '/home/project/ASV/ASV_new/src/thruster': DEBUGINFOD_URLS=https://debuginfod.ubuntu.com PS1=(vir_env_main) \[\e]0;\u@\h: \w\a\]${debian_chroot:+($debian_chroot)}\[\033[01;32m\]\u@\h\[\033[00m\]:\[\033[01;34m\]\w\[\033[00m\]\$ PYTHONPATH=/home/project/ASV/ASV_new/build/thruster/prefix_override:/home/project/ASV/vir_env_main/lib/python3.12/site-packages/colcon_core/task/python/colcon_distutils_commands:/home/project/ASV/ASV_new/install/thruster/lib/python3.12/site-packages:${PYTHONPATH} VIRTUAL_ENV_PROMPT=(vir_env_main) /home/project/ASV/vir_env_main/bin/python3 -W ignore:setup.py install is deprecated -W ignore:easy_install command is deprecated setup.py egg_info --egg-base ../../build/thruster build --build-base /home/project/ASV/ASV_new/build/thruster/build install --record /home/project/ASV/ASV_new/build/thruster/install.log --single-version-externally-managed install_data
[1.398s] /home/project/ASV/vir_env_main/lib/python3.12/site-packages/setuptools/_distutils/dist.py:289: UserWarning: Unknown distribution option: 'tests_require'
[1.398s]   warnings.warn(msg)
[1.552s] running egg_info
[1.575s] creating ../../build/thruster/thruster.egg-info
[1.576s] writing ../../build/thruster/thruster.egg-info/PKG-INFO
[1.577s] writing dependency_links to ../../build/thruster/thruster.egg-info/dependency_links.txt
[1.577s] writing requirements to ../../build/thruster/thruster.egg-info/requires.txt
[1.578s] writing top-level names to ../../build/thruster/thruster.egg-info/top_level.txt
[1.578s] writing manifest file '../../build/thruster/thruster.egg-info/SOURCES.txt'
[1.637s] reading manifest file '../../build/thruster/thruster.egg-info/SOURCES.txt'
[1.638s] writing manifest file '../../build/thruster/thruster.egg-info/SOURCES.txt'
[1.639s] running build
[1.639s] running build_py
[1.640s] creating /home/project/ASV/ASV_new/build/thruster/build/lib/thruster
[1.640s] copying thruster/__init__.py -> /home/project/ASV/ASV_new/build/thruster/build/lib/thruster
[1.640s] running install
[1.649s] running install_lib
[1.673s] creating /home/project/ASV/ASV_new/install/thruster/lib/python3.12/site-packages/thruster
[1.674s] copying /home/project/ASV/ASV_new/build/thruster/build/lib/thruster/__init__.py -> /home/project/ASV/ASV_new/install/thruster/lib/python3.12/site-packages/thruster
[1.675s] byte-compiling /home/project/ASV/ASV_new/install/thruster/lib/python3.12/site-packages/thruster/__init__.py to __init__.cpython-312.pyc
[1.675s] running install_data
[1.676s] creating /home/project/ASV/ASV_new/install/thruster/share/ament_index/resource_index/packages
[1.676s] copying resource/thruster -> /home/project/ASV/ASV_new/install/thruster/share/ament_index/resource_index/packages
[1.677s] copying package.xml -> /home/project/ASV/ASV_new/install/thruster/share/thruster
[1.678s] running install_egg_info
[1.701s] Copying ../../build/thruster/thruster.egg-info to /home/project/ASV/ASV_new/install/thruster/lib/python3.12/site-packages/thruster-0.0.0-py3.12.egg-info
[1.703s] running install_scripts
[1.761s] writing list of installed files to '/home/project/ASV/ASV_new/build/thruster/install.log'
[1.857s] Invoked command in '/home/project/ASV/ASV_new/src/thruster' returned '0': DEBUGINFOD_URLS=https://debuginfod.ubuntu.com PS1=(vir_env_main) \[\e]0;\u@\h: \w\a\]${debian_chroot:+($debian_chroot)}\[\033[01;32m\]\u@\h\[\033[00m\]:\[\033[01;34m\]\w\[\033[00m\]\$ PYTHONPATH=/home/project/ASV/ASV_new/build/thruster/prefix_override:/home/project/ASV/vir_env_main/lib/python3.12/site-packages/colcon_core/task/python/colcon_distutils_commands:/home/project/ASV/ASV_new/install/thruster/lib/python3.12/site-packages:${PYTHONPATH} VIRTUAL_ENV_PROMPT=(vir_env_main) /home/project/ASV/vir_env_main/bin/python3 -W ignore:setup.py install is deprecated -W ignore:easy_install command is deprecated setup.py egg_info --egg-base ../../build/thruster build --build-base /home/project/ASV/ASV_new/build/thruster/build install --record /home/project/ASV/ASV_new/build/thruster/install.log --single-version-externally-managed install_data
