/home/project/ASV/vir_env_main/lib/python3.12/site-packages/setuptools/_distutils/dist.py:289: UserWarning: Unknown distribution option: 'tests_require'
  warnings.warn(msg)
running egg_info
writing ../../build/sensors/sensors.egg-info/PKG-INFO
writing dependency_links to ../../build/sensors/sensors.egg-info/dependency_links.txt
writing entry points to ../../build/sensors/sensors.egg-info/entry_points.txt
writing requirements to ../../build/sensors/sensors.egg-info/requires.txt
writing top-level names to ../../build/sensors/sensors.egg-info/top_level.txt
reading manifest file '../../build/sensors/sensors.egg-info/SOURCES.txt'
writing manifest file '../../build/sensors/sensors.egg-info/SOURCES.txt'
running build
running build_py
copying sensors/__init__.py -> /home/project/ASV/ASV_new/build/sensors/build/lib/sensors
running install
running install_lib
running install_data
copying resource/sensors -> /home/project/ASV/ASV_new/install/sensors/share/ament_index/resource_index/packages
copying package.xml -> /home/project/ASV/ASV_new/install/sensors/share/sensors
running install_egg_info
removing '/home/project/ASV/ASV_new/install/sensors/lib/python3.12/site-packages/sensors-0.0.0-py3.12.egg-info' (and everything under it)
Copying ../../build/sensors/sensors.egg-info to /home/project/ASV/ASV_new/install/sensors/lib/python3.12/site-packages/sensors-0.0.0-py3.12.egg-info
running install_scripts
Installing batt_pub script to /home/project/ASV/ASV_new/install/sensors/lib/sensors
writing list of installed files to '/home/project/ASV/ASV_new/build/sensors/install.log'
