[3.690s] Invoking command in '/home/project/ASV/ASV_new/src/gps': DEBUGINFOD_URLS=https://debuginfod.ubuntu.com PYTHONPATH=/home/project/ASV/ASV_new/build/gps/prefix_override:/home/project/ASV/vir_env_main/lib/python3.12/site-packages/colcon_core/task/python/colcon_distutils_commands:/home/project/ASV/ASV_new/install/gps/lib/python3.12/site-packages:${PYTHONPATH} VIRTUAL_ENV_PROMPT=(vir_env_main) /home/project/ASV/vir_env_main/bin/python3 -W ignore:setup.py install is deprecated -W ignore:easy_install command is deprecated setup.py egg_info --egg-base ../../build/gps build --build-base /home/project/ASV/ASV_new/build/gps/build install --record /home/project/ASV/ASV_new/build/gps/install.log --single-version-externally-managed install_data
[4.530s] running egg_info
[4.556s] writing ../../build/gps/gps.egg-info/PKG-INFO
[4.557s] writing dependency_links to ../../build/gps/gps.egg-info/dependency_links.txt
[4.566s] writing entry points to ../../build/gps/gps.egg-info/entry_points.txt
[4.567s] writing requirements to ../../build/gps/gps.egg-info/requires.txt
[4.567s] writing top-level names to ../../build/gps/gps.egg-info/top_level.txt
[4.640s] reading manifest file '../../build/gps/gps.egg-info/SOURCES.txt'
[4.643s] writing manifest file '../../build/gps/gps.egg-info/SOURCES.txt'
[4.643s] running build
[4.643s] running build_py
[4.643s] copying gps/gps_publisher.py -> /home/project/ASV/ASV_new/build/gps/build/lib/gps
[4.643s] copying gps/__init__.py -> /home/project/ASV/ASV_new/build/gps/build/lib/gps
[4.647s] running install
[4.653s] running install_lib
[4.693s] running install_data
[4.694s] copying resource/gps -> /home/project/ASV/ASV_new/install/gps/share/ament_index/resource_index/packages
[4.694s] copying package.xml -> /home/project/ASV/ASV_new/install/gps/share/gps
[4.694s] running install_egg_info
[4.726s] removing '/home/project/ASV/ASV_new/install/gps/lib/python3.12/site-packages/gps-0.0.0-py3.12.egg-info' (and everything under it)
[4.726s] Copying ../../build/gps/gps.egg-info to /home/project/ASV/ASV_new/install/gps/lib/python3.12/site-packages/gps-0.0.0-py3.12.egg-info
[4.726s] running install_scripts
[4.809s] Installing gps_publisher script to /home/project/ASV/ASV_new/install/gps/lib/gps
[4.814s] writing list of installed files to '/home/project/ASV/ASV_new/build/gps/install.log'
[4.918s] Invoked command in '/home/project/ASV/ASV_new/src/gps' returned '0': DEBUGINFOD_URLS=https://debuginfod.ubuntu.com PYTHONPATH=/home/project/ASV/ASV_new/build/gps/prefix_override:/home/project/ASV/vir_env_main/lib/python3.12/site-packages/colcon_core/task/python/colcon_distutils_commands:/home/project/ASV/ASV_new/install/gps/lib/python3.12/site-packages:${PYTHONPATH} VIRTUAL_ENV_PROMPT=(vir_env_main) /home/project/ASV/vir_env_main/bin/python3 -W ignore:setup.py install is deprecated -W ignore:easy_install command is deprecated setup.py egg_info --egg-base ../../build/gps build --build-base /home/project/ASV/ASV_new/build/gps/build install --record /home/project/ASV/ASV_new/build/gps/install.log --single-version-externally-managed install_data
