running egg_info
writing ../../build/imu/imu.egg-info/PKG-INFO
writing dependency_links to ../../build/imu/imu.egg-info/dependency_links.txt
writing entry points to ../../build/imu/imu.egg-info/entry_points.txt
writing requirements to ../../build/imu/imu.egg-info/requires.txt
writing top-level names to ../../build/imu/imu.egg-info/top_level.txt
reading manifest file '../../build/imu/imu.egg-info/SOURCES.txt'
writing manifest file '../../build/imu/imu.egg-info/SOURCES.txt'
running build
running build_py
copying imu/__init__.py -> /home/project/ASV/ASV_new/build/imu/build/lib/imu
copying imu/imu_logger.py -> /home/project/ASV/ASV_new/build/imu/build/lib/imu
copying imu/imu_publisher.py -> /home/project/ASV/ASV_new/build/imu/build/lib/imu
running install
running install_lib
running install_data
copying resource/imu -> /home/project/ASV/ASV_new/install/imu/share/ament_index/resource_index/packages
copying package.xml -> /home/project/ASV/ASV_new/install/imu/share/imu
running install_egg_info
removing '/home/project/ASV/ASV_new/install/imu/lib/python3.12/site-packages/imu-0.0.0-py3.12.egg-info' (and everything under it)
Copying ../../build/imu/imu.egg-info to /home/project/ASV/ASV_new/install/imu/lib/python3.12/site-packages/imu-0.0.0-py3.12.egg-info
running install_scripts
Installing imu_logger script to /home/project/ASV/ASV_new/install/imu/lib/imu
Installing imu_publisher script to /home/project/ASV/ASV_new/install/imu/lib/imu
writing list of installed files to '/home/project/ASV/ASV_new/build/imu/install.log'
