[0.180s] DEBUG:colcon:Command line arguments: ['/home/project/ASV/vir_env_main/bin/colcon', 'build']
[0.181s] DEBUG:colcon:Parsed command line arguments: Namespace(log_base=None, log_level=None, verb_name='build', build_base='build', install_base='install', merge_install=False, symlink_install=False, test_result_base=None, continue_on_error=False, executor='parallel', parallel_workers=4, event_handlers=None, ignore_user_meta=False, metas=['./colcon.meta'], base_paths=['.'], packages_ignore=None, packages_ignore_regex=None, paths=None, packages_up_to=None, packages_up_to_regex=None, packages_above=None, packages_above_and_dependencies=None, packages_above_depth=None, packages_select_by_dep=None, packages_skip_by_dep=None, packages_skip_up_to=None, packages_select_build_failed=False, packages_skip_build_finished=False, packages_select_test_failures=False, packages_skip_test_passed=False, packages_select=None, packages_skip=None, packages_select_regex=None, packages_skip_regex=None, packages_start=None, packages_end=None, cmake_args=None, cmake_target=None, cmake_target_skip_unavailable=False, cmake_clean_cache=False, cmake_clean_first=False, cmake_force_configure=False, ament_cmake_args=None, catkin_cmake_args=None, catkin_skip_building_tests=False, verb_parser=<colcon_defaults.argument_parser.defaults.DefaultArgumentsDecorator object at 0xffffb5fedfa0>, verb_extension=<colcon_core.verb.build.BuildVerb object at 0xffffb5fedf70>, main=<bound method BuildVerb.main of <colcon_core.verb.build.BuildVerb object at 0xffffb5fedf70>>)
[0.234s] Level 1:colcon.colcon_core.package_discovery:discover_packages(colcon_meta) check parameters
[0.234s] Level 1:colcon.colcon_core.package_discovery:discover_packages(recursive) check parameters
[0.234s] Level 1:colcon.colcon_core.package_discovery:discover_packages(ignore) check parameters
[0.234s] Level 1:colcon.colcon_core.package_discovery:discover_packages(path) check parameters
[0.234s] Level 1:colcon.colcon_core.package_discovery:discover_packages(colcon_meta) discover
[0.234s] Level 1:colcon.colcon_core.package_discovery:discover_packages(recursive) discover
[0.234s] INFO:colcon.colcon_core.package_discovery:Crawling recursively for packages in '/home/project/ASV/ASV_new'
[0.234s] Level 1:colcon.colcon_core.package_identification:_identify(.) by extensions ['ignore', 'ignore_ament_install']
[0.234s] Level 1:colcon.colcon_core.package_identification:_identify(.) by extension 'ignore'
[0.234s] Level 1:colcon.colcon_core.package_identification:_identify(.) by extension 'ignore_ament_install'
[0.235s] Level 1:colcon.colcon_core.package_identification:_identify(.) by extensions ['colcon_pkg']
[0.235s] Level 1:colcon.colcon_core.package_identification:_identify(.) by extension 'colcon_pkg'
[0.235s] Level 1:colcon.colcon_core.package_identification:_identify(.) by extensions ['colcon_meta']
[0.235s] Level 1:colcon.colcon_core.package_identification:_identify(.) by extension 'colcon_meta'
[0.235s] Level 1:colcon.colcon_core.package_identification:_identify(.) by extensions ['ros']
[0.235s] Level 1:colcon.colcon_core.package_identification:_identify(.) by extension 'ros'
[0.280s] Level 1:colcon.colcon_core.package_identification:_identify(.) by extensions ['cmake', 'python']
[0.280s] Level 1:colcon.colcon_core.package_identification:_identify(.) by extension 'cmake'
[0.281s] Level 1:colcon.colcon_core.package_identification:_identify(.) by extension 'python'
[0.281s] Level 1:colcon.colcon_core.package_identification:_identify(.) by extensions ['python_setup_py']
[0.281s] Level 1:colcon.colcon_core.package_identification:_identify(.) by extension 'python_setup_py'
[0.281s] Level 1:colcon.colcon_core.package_identification:_identify(build) by extensions ['ignore', 'ignore_ament_install']
[0.281s] Level 1:colcon.colcon_core.package_identification:_identify(build) by extension 'ignore'
[0.281s] Level 1:colcon.colcon_core.package_identification:_identify(build) ignored
[0.281s] Level 1:colcon.colcon_core.package_identification:_identify(install) by extensions ['ignore', 'ignore_ament_install']
[0.282s] Level 1:colcon.colcon_core.package_identification:_identify(install) by extension 'ignore'
[0.282s] Level 1:colcon.colcon_core.package_identification:_identify(install) ignored
[0.282s] Level 1:colcon.colcon_core.package_identification:_identify(log) by extensions ['ignore', 'ignore_ament_install']
[0.282s] Level 1:colcon.colcon_core.package_identification:_identify(log) by extension 'ignore'
[0.282s] Level 1:colcon.colcon_core.package_identification:_identify(log) ignored
[0.282s] Level 1:colcon.colcon_core.package_identification:_identify(src) by extensions ['ignore', 'ignore_ament_install']
[0.282s] Level 1:colcon.colcon_core.package_identification:_identify(src) by extension 'ignore'
[0.282s] Level 1:colcon.colcon_core.package_identification:_identify(src) by extension 'ignore_ament_install'
[0.282s] Level 1:colcon.colcon_core.package_identification:_identify(src) by extensions ['colcon_pkg']
[0.282s] Level 1:colcon.colcon_core.package_identification:_identify(src) by extension 'colcon_pkg'
[0.283s] Level 1:colcon.colcon_core.package_identification:_identify(src) by extensions ['colcon_meta']
[0.283s] Level 1:colcon.colcon_core.package_identification:_identify(src) by extension 'colcon_meta'
[0.283s] Level 1:colcon.colcon_core.package_identification:_identify(src) by extensions ['ros']
[0.283s] Level 1:colcon.colcon_core.package_identification:_identify(src) by extension 'ros'
[0.283s] Level 1:colcon.colcon_core.package_identification:_identify(src) by extensions ['cmake', 'python']
[0.283s] Level 1:colcon.colcon_core.package_identification:_identify(src) by extension 'cmake'
[0.283s] Level 1:colcon.colcon_core.package_identification:_identify(src) by extension 'python'
[0.283s] Level 1:colcon.colcon_core.package_identification:_identify(src) by extensions ['python_setup_py']
[0.283s] Level 1:colcon.colcon_core.package_identification:_identify(src) by extension 'python_setup_py'
[0.283s] Level 1:colcon.colcon_core.package_identification:_identify(src/controller) by extensions ['ignore', 'ignore_ament_install']
[0.283s] Level 1:colcon.colcon_core.package_identification:_identify(src/controller) by extension 'ignore'
[0.283s] Level 1:colcon.colcon_core.package_identification:_identify(src/controller) by extension 'ignore_ament_install'
[0.283s] Level 1:colcon.colcon_core.package_identification:_identify(src/controller) by extensions ['colcon_pkg']
[0.283s] Level 1:colcon.colcon_core.package_identification:_identify(src/controller) by extension 'colcon_pkg'
[0.284s] Level 1:colcon.colcon_core.package_identification:_identify(src/controller) by extensions ['colcon_meta']
[0.284s] Level 1:colcon.colcon_core.package_identification:_identify(src/controller) by extension 'colcon_meta'
[0.284s] Level 1:colcon.colcon_core.package_identification:_identify(src/controller) by extensions ['ros']
[0.284s] Level 1:colcon.colcon_core.package_identification:_identify(src/controller) by extension 'ros'
[0.290s] DEBUG:colcon.colcon_core.package_identification:Package 'src/controller' with type 'ros.ament_python' and name 'controller'
[0.290s] Level 1:colcon.colcon_core.package_identification:_identify(src/gps) by extensions ['ignore', 'ignore_ament_install']
[0.290s] Level 1:colcon.colcon_core.package_identification:_identify(src/gps) by extension 'ignore'
[0.290s] Level 1:colcon.colcon_core.package_identification:_identify(src/gps) by extension 'ignore_ament_install'
[0.291s] Level 1:colcon.colcon_core.package_identification:_identify(src/gps) by extensions ['colcon_pkg']
[0.291s] Level 1:colcon.colcon_core.package_identification:_identify(src/gps) by extension 'colcon_pkg'
[0.291s] Level 1:colcon.colcon_core.package_identification:_identify(src/gps) by extensions ['colcon_meta']
[0.291s] Level 1:colcon.colcon_core.package_identification:_identify(src/gps) by extension 'colcon_meta'
[0.291s] Level 1:colcon.colcon_core.package_identification:_identify(src/gps) by extensions ['ros']
[0.291s] Level 1:colcon.colcon_core.package_identification:_identify(src/gps) by extension 'ros'
[0.292s] DEBUG:colcon.colcon_core.package_identification:Package 'src/gps' with type 'ros.ament_python' and name 'gps'
[0.292s] Level 1:colcon.colcon_core.package_identification:_identify(src/imu) by extensions ['ignore', 'ignore_ament_install']
[0.292s] Level 1:colcon.colcon_core.package_identification:_identify(src/imu) by extension 'ignore'
[0.292s] Level 1:colcon.colcon_core.package_identification:_identify(src/imu) by extension 'ignore_ament_install'
[0.292s] Level 1:colcon.colcon_core.package_identification:_identify(src/imu) by extensions ['colcon_pkg']
[0.292s] Level 1:colcon.colcon_core.package_identification:_identify(src/imu) by extension 'colcon_pkg'
[0.292s] Level 1:colcon.colcon_core.package_identification:_identify(src/imu) by extensions ['colcon_meta']
[0.292s] Level 1:colcon.colcon_core.package_identification:_identify(src/imu) by extension 'colcon_meta'
[0.293s] Level 1:colcon.colcon_core.package_identification:_identify(src/imu) by extensions ['ros']
[0.293s] Level 1:colcon.colcon_core.package_identification:_identify(src/imu) by extension 'ros'
[0.293s] DEBUG:colcon.colcon_core.package_identification:Package 'src/imu' with type 'ros.ament_python' and name 'imu'
[0.294s] Level 1:colcon.colcon_core.package_identification:_identify(src/sensors) by extensions ['ignore', 'ignore_ament_install']
[0.294s] Level 1:colcon.colcon_core.package_identification:_identify(src/sensors) by extension 'ignore'
[0.294s] Level 1:colcon.colcon_core.package_identification:_identify(src/sensors) by extension 'ignore_ament_install'
[0.294s] Level 1:colcon.colcon_core.package_identification:_identify(src/sensors) by extensions ['colcon_pkg']
[0.294s] Level 1:colcon.colcon_core.package_identification:_identify(src/sensors) by extension 'colcon_pkg'
[0.294s] Level 1:colcon.colcon_core.package_identification:_identify(src/sensors) by extensions ['colcon_meta']
[0.294s] Level 1:colcon.colcon_core.package_identification:_identify(src/sensors) by extension 'colcon_meta'
[0.294s] Level 1:colcon.colcon_core.package_identification:_identify(src/sensors) by extensions ['ros']
[0.294s] Level 1:colcon.colcon_core.package_identification:_identify(src/sensors) by extension 'ros'
[0.295s] DEBUG:colcon.colcon_core.package_identification:Package 'src/sensors' with type 'ros.ament_python' and name 'sensors'
[0.296s] Level 1:colcon.colcon_core.package_identification:_identify(src/thruster) by extensions ['ignore', 'ignore_ament_install']
[0.296s] Level 1:colcon.colcon_core.package_identification:_identify(src/thruster) by extension 'ignore'
[0.296s] Level 1:colcon.colcon_core.package_identification:_identify(src/thruster) by extension 'ignore_ament_install'
[0.296s] Level 1:colcon.colcon_core.package_identification:_identify(src/thruster) by extensions ['colcon_pkg']
[0.296s] Level 1:colcon.colcon_core.package_identification:_identify(src/thruster) by extension 'colcon_pkg'
[0.296s] Level 1:colcon.colcon_core.package_identification:_identify(src/thruster) by extensions ['colcon_meta']
[0.296s] Level 1:colcon.colcon_core.package_identification:_identify(src/thruster) by extension 'colcon_meta'
[0.296s] Level 1:colcon.colcon_core.package_identification:_identify(src/thruster) by extensions ['ros']
[0.296s] Level 1:colcon.colcon_core.package_identification:_identify(src/thruster) by extension 'ros'
[0.297s] DEBUG:colcon.colcon_core.package_identification:Package 'src/thruster' with type 'ros.ament_python' and name 'thruster'
[0.297s] Level 1:colcon.colcon_core.package_discovery:discover_packages(recursive) using defaults
[0.297s] Level 1:colcon.colcon_core.package_discovery:discover_packages(ignore) discover
[0.297s] Level 1:colcon.colcon_core.package_discovery:discover_packages(ignore) using defaults
[0.297s] Level 1:colcon.colcon_core.package_discovery:discover_packages(path) discover
[0.297s] Level 1:colcon.colcon_core.package_discovery:discover_packages(path) using defaults
[0.328s] Level 5:colcon.colcon_core.verb:set package 'controller' build argument 'cmake_args' from command line to 'None'
[0.328s] Level 5:colcon.colcon_core.verb:set package 'controller' build argument 'cmake_target' from command line to 'None'
[0.329s] Level 5:colcon.colcon_core.verb:set package 'controller' build argument 'cmake_target_skip_unavailable' from command line to 'False'
[0.329s] Level 5:colcon.colcon_core.verb:set package 'controller' build argument 'cmake_clean_cache' from command line to 'False'
[0.329s] Level 5:colcon.colcon_core.verb:set package 'controller' build argument 'cmake_clean_first' from command line to 'False'
[0.329s] Level 5:colcon.colcon_core.verb:set package 'controller' build argument 'cmake_force_configure' from command line to 'False'
[0.329s] Level 5:colcon.colcon_core.verb:set package 'controller' build argument 'ament_cmake_args' from command line to 'None'
[0.330s] Level 5:colcon.colcon_core.verb:set package 'controller' build argument 'catkin_cmake_args' from command line to 'None'
[0.330s] Level 5:colcon.colcon_core.verb:set package 'controller' build argument 'catkin_skip_building_tests' from command line to 'False'
[0.330s] DEBUG:colcon.colcon_core.verb:Building package 'controller' with the following arguments: {'ament_cmake_args': None, 'build_base': '/home/project/ASV/ASV_new/build/controller', 'catkin_cmake_args': None, 'catkin_skip_building_tests': False, 'cmake_args': None, 'cmake_clean_cache': False, 'cmake_clean_first': False, 'cmake_force_configure': False, 'cmake_target': None, 'cmake_target_skip_unavailable': False, 'install_base': '/home/project/ASV/ASV_new/install/controller', 'merge_install': False, 'path': '/home/project/ASV/ASV_new/src/controller', 'symlink_install': False, 'test_result_base': None}
[0.331s] Level 5:colcon.colcon_core.verb:set package 'gps' build argument 'cmake_args' from command line to 'None'
[0.331s] Level 5:colcon.colcon_core.verb:set package 'gps' build argument 'cmake_target' from command line to 'None'
[0.331s] Level 5:colcon.colcon_core.verb:set package 'gps' build argument 'cmake_target_skip_unavailable' from command line to 'False'
[0.331s] Level 5:colcon.colcon_core.verb:set package 'gps' build argument 'cmake_clean_cache' from command line to 'False'
[0.332s] Level 5:colcon.colcon_core.verb:set package 'gps' build argument 'cmake_clean_first' from command line to 'False'
[0.332s] Level 5:colcon.colcon_core.verb:set package 'gps' build argument 'cmake_force_configure' from command line to 'False'
[0.332s] Level 5:colcon.colcon_core.verb:set package 'gps' build argument 'ament_cmake_args' from command line to 'None'
[0.332s] Level 5:colcon.colcon_core.verb:set package 'gps' build argument 'catkin_cmake_args' from command line to 'None'
[0.332s] Level 5:colcon.colcon_core.verb:set package 'gps' build argument 'catkin_skip_building_tests' from command line to 'False'
[0.332s] DEBUG:colcon.colcon_core.verb:Building package 'gps' with the following arguments: {'ament_cmake_args': None, 'build_base': '/home/project/ASV/ASV_new/build/gps', 'catkin_cmake_args': None, 'catkin_skip_building_tests': False, 'cmake_args': None, 'cmake_clean_cache': False, 'cmake_clean_first': False, 'cmake_force_configure': False, 'cmake_target': None, 'cmake_target_skip_unavailable': False, 'install_base': '/home/project/ASV/ASV_new/install/gps', 'merge_install': False, 'path': '/home/project/ASV/ASV_new/src/gps', 'symlink_install': False, 'test_result_base': None}
[0.333s] Level 5:colcon.colcon_core.verb:set package 'imu' build argument 'cmake_args' from command line to 'None'
[0.333s] Level 5:colcon.colcon_core.verb:set package 'imu' build argument 'cmake_target' from command line to 'None'
[0.333s] Level 5:colcon.colcon_core.verb:set package 'imu' build argument 'cmake_target_skip_unavailable' from command line to 'False'
[0.333s] Level 5:colcon.colcon_core.verb:set package 'imu' build argument 'cmake_clean_cache' from command line to 'False'
[0.333s] Level 5:colcon.colcon_core.verb:set package 'imu' build argument 'cmake_clean_first' from command line to 'False'
[0.333s] Level 5:colcon.colcon_core.verb:set package 'imu' build argument 'cmake_force_configure' from command line to 'False'
[0.333s] Level 5:colcon.colcon_core.verb:set package 'imu' build argument 'ament_cmake_args' from command line to 'None'
[0.333s] Level 5:colcon.colcon_core.verb:set package 'imu' build argument 'catkin_cmake_args' from command line to 'None'
[0.333s] Level 5:colcon.colcon_core.verb:set package 'imu' build argument 'catkin_skip_building_tests' from command line to 'False'
[0.333s] DEBUG:colcon.colcon_core.verb:Building package 'imu' with the following arguments: {'ament_cmake_args': None, 'build_base': '/home/project/ASV/ASV_new/build/imu', 'catkin_cmake_args': None, 'catkin_skip_building_tests': False, 'cmake_args': None, 'cmake_clean_cache': False, 'cmake_clean_first': False, 'cmake_force_configure': False, 'cmake_target': None, 'cmake_target_skip_unavailable': False, 'install_base': '/home/project/ASV/ASV_new/install/imu', 'merge_install': False, 'path': '/home/project/ASV/ASV_new/src/imu', 'symlink_install': False, 'test_result_base': None}
[0.334s] Level 5:colcon.colcon_core.verb:set package 'sensors' build argument 'cmake_args' from command line to 'None'
[0.334s] Level 5:colcon.colcon_core.verb:set package 'sensors' build argument 'cmake_target' from command line to 'None'
[0.334s] Level 5:colcon.colcon_core.verb:set package 'sensors' build argument 'cmake_target_skip_unavailable' from command line to 'False'
[0.334s] Level 5:colcon.colcon_core.verb:set package 'sensors' build argument 'cmake_clean_cache' from command line to 'False'
[0.334s] Level 5:colcon.colcon_core.verb:set package 'sensors' build argument 'cmake_clean_first' from command line to 'False'
[0.335s] Level 5:colcon.colcon_core.verb:set package 'sensors' build argument 'cmake_force_configure' from command line to 'False'
[0.335s] Level 5:colcon.colcon_core.verb:set package 'sensors' build argument 'ament_cmake_args' from command line to 'None'
[0.335s] Level 5:colcon.colcon_core.verb:set package 'sensors' build argument 'catkin_cmake_args' from command line to 'None'
[0.335s] Level 5:colcon.colcon_core.verb:set package 'sensors' build argument 'catkin_skip_building_tests' from command line to 'False'
[0.335s] DEBUG:colcon.colcon_core.verb:Building package 'sensors' with the following arguments: {'ament_cmake_args': None, 'build_base': '/home/project/ASV/ASV_new/build/sensors', 'catkin_cmake_args': None, 'catkin_skip_building_tests': False, 'cmake_args': None, 'cmake_clean_cache': False, 'cmake_clean_first': False, 'cmake_force_configure': False, 'cmake_target': None, 'cmake_target_skip_unavailable': False, 'install_base': '/home/project/ASV/ASV_new/install/sensors', 'merge_install': False, 'path': '/home/project/ASV/ASV_new/src/sensors', 'symlink_install': False, 'test_result_base': None}
[0.336s] Level 5:colcon.colcon_core.verb:set package 'thruster' build argument 'cmake_args' from command line to 'None'
[0.336s] Level 5:colcon.colcon_core.verb:set package 'thruster' build argument 'cmake_target' from command line to 'None'
[0.336s] Level 5:colcon.colcon_core.verb:set package 'thruster' build argument 'cmake_target_skip_unavailable' from command line to 'False'
[0.337s] Level 5:colcon.colcon_core.verb:set package 'thruster' build argument 'cmake_clean_cache' from command line to 'False'
[0.337s] Level 5:colcon.colcon_core.verb:set package 'thruster' build argument 'cmake_clean_first' from command line to 'False'
[0.337s] Level 5:colcon.colcon_core.verb:set package 'thruster' build argument 'cmake_force_configure' from command line to 'False'
[0.337s] Level 5:colcon.colcon_core.verb:set package 'thruster' build argument 'ament_cmake_args' from command line to 'None'
[0.337s] Level 5:colcon.colcon_core.verb:set package 'thruster' build argument 'catkin_cmake_args' from command line to 'None'
[0.337s] Level 5:colcon.colcon_core.verb:set package 'thruster' build argument 'catkin_skip_building_tests' from command line to 'False'
[0.337s] DEBUG:colcon.colcon_core.verb:Building package 'thruster' with the following arguments: {'ament_cmake_args': None, 'build_base': '/home/project/ASV/ASV_new/build/thruster', 'catkin_cmake_args': None, 'catkin_skip_building_tests': False, 'cmake_args': None, 'cmake_clean_cache': False, 'cmake_clean_first': False, 'cmake_force_configure': False, 'cmake_target': None, 'cmake_target_skip_unavailable': False, 'install_base': '/home/project/ASV/ASV_new/install/thruster', 'merge_install': False, 'path': '/home/project/ASV/ASV_new/src/thruster', 'symlink_install': False, 'test_result_base': None}
[0.337s] INFO:colcon.colcon_core.executor:Executing jobs using 'parallel' executor
[0.341s] DEBUG:colcon.colcon_parallel_executor.executor.parallel:run_until_complete
[0.342s] INFO:colcon.colcon_ros.task.ament_python.build:Building ROS package in '/home/project/ASV/ASV_new/src/controller' with build type 'ament_python'
[0.342s] Level 1:colcon.colcon_core.shell:create_environment_hook('controller', 'ament_prefix_path')
[0.347s] INFO:colcon.colcon_core.plugin_system:Skipping extension 'colcon_core.shell.bat': Not used on non-Windows systems
[0.348s] INFO:colcon.colcon_core.shell:Creating environment hook '/home/project/ASV/ASV_new/install/controller/share/controller/hook/ament_prefix_path.ps1'
[0.351s] INFO:colcon.colcon_core.shell:Creating environment descriptor '/home/project/ASV/ASV_new/install/controller/share/controller/hook/ament_prefix_path.dsv'
[0.353s] INFO:colcon.colcon_core.shell:Creating environment hook '/home/project/ASV/ASV_new/install/controller/share/controller/hook/ament_prefix_path.sh'
[0.357s] INFO:colcon.colcon_core.shell:Skip shell extension 'powershell' for command environment: Not usable outside of PowerShell
[0.357s] DEBUG:colcon.colcon_core.shell:Skip shell extension 'dsv' for command environment
[0.372s] INFO:colcon.colcon_ros.task.ament_python.build:Building ROS package in '/home/project/ASV/ASV_new/src/gps' with build type 'ament_python'
[0.372s] Level 1:colcon.colcon_core.shell:create_environment_hook('gps', 'ament_prefix_path')
[0.372s] INFO:colcon.colcon_core.shell:Creating environment hook '/home/project/ASV/ASV_new/install/gps/share/gps/hook/ament_prefix_path.ps1'
[0.375s] INFO:colcon.colcon_core.shell:Creating environment descriptor '/home/project/ASV/ASV_new/install/gps/share/gps/hook/ament_prefix_path.dsv'
[0.376s] INFO:colcon.colcon_core.shell:Creating environment hook '/home/project/ASV/ASV_new/install/gps/share/gps/hook/ament_prefix_path.sh'
[0.378s] INFO:colcon.colcon_core.shell:Skip shell extension 'powershell' for command environment: Not usable outside of PowerShell
[0.378s] DEBUG:colcon.colcon_core.shell:Skip shell extension 'dsv' for command environment
[0.409s] INFO:colcon.colcon_ros.task.ament_python.build:Building ROS package in '/home/project/ASV/ASV_new/src/imu' with build type 'ament_python'
[0.410s] Level 1:colcon.colcon_core.shell:create_environment_hook('imu', 'ament_prefix_path')
[0.410s] INFO:colcon.colcon_core.shell:Creating environment hook '/home/project/ASV/ASV_new/install/imu/share/imu/hook/ament_prefix_path.ps1'
[0.412s] INFO:colcon.colcon_core.shell:Creating environment descriptor '/home/project/ASV/ASV_new/install/imu/share/imu/hook/ament_prefix_path.dsv'
[0.413s] INFO:colcon.colcon_core.shell:Creating environment hook '/home/project/ASV/ASV_new/install/imu/share/imu/hook/ament_prefix_path.sh'
[0.416s] INFO:colcon.colcon_core.shell:Skip shell extension 'powershell' for command environment: Not usable outside of PowerShell
[0.416s] DEBUG:colcon.colcon_core.shell:Skip shell extension 'dsv' for command environment
[0.423s] INFO:colcon.colcon_ros.task.ament_python.build:Building ROS package in '/home/project/ASV/ASV_new/src/sensors' with build type 'ament_python'
[0.423s] Level 1:colcon.colcon_core.shell:create_environment_hook('sensors', 'ament_prefix_path')
[0.423s] INFO:colcon.colcon_core.shell:Creating environment hook '/home/project/ASV/ASV_new/install/sensors/share/sensors/hook/ament_prefix_path.ps1'
[0.426s] INFO:colcon.colcon_core.shell:Creating environment descriptor '/home/project/ASV/ASV_new/install/sensors/share/sensors/hook/ament_prefix_path.dsv'
[0.428s] INFO:colcon.colcon_core.shell:Creating environment hook '/home/project/ASV/ASV_new/install/sensors/share/sensors/hook/ament_prefix_path.sh'
[0.430s] INFO:colcon.colcon_core.shell:Skip shell extension 'powershell' for command environment: Not usable outside of PowerShell
[0.431s] DEBUG:colcon.colcon_core.shell:Skip shell extension 'dsv' for command environment
[0.825s] INFO:colcon.colcon_core.task.python.build:Building Python package in '/home/project/ASV/ASV_new/src/controller'
[0.826s] INFO:colcon.colcon_core.shell:Skip shell extension 'powershell' for command environment: Not usable outside of PowerShell
[0.826s] DEBUG:colcon.colcon_core.shell:Skip shell extension 'dsv' for command environment
[1.263s] INFO:colcon.colcon_core.task.python.build:Building Python package in '/home/project/ASV/ASV_new/src/gps'
[1.263s] INFO:colcon.colcon_core.shell:Skip shell extension 'powershell' for command environment: Not usable outside of PowerShell
[1.263s] DEBUG:colcon.colcon_core.shell:Skip shell extension 'dsv' for command environment
[1.590s] INFO:colcon.colcon_core.task.python.build:Building Python package in '/home/project/ASV/ASV_new/src/imu'
[1.591s] INFO:colcon.colcon_core.shell:Skip shell extension 'powershell' for command environment: Not usable outside of PowerShell
[1.591s] DEBUG:colcon.colcon_core.shell:Skip shell extension 'dsv' for command environment
[1.918s] INFO:colcon.colcon_core.task.python.build:Building Python package in '/home/project/ASV/ASV_new/src/sensors'
[1.918s] INFO:colcon.colcon_core.shell:Skip shell extension 'powershell' for command environment: Not usable outside of PowerShell
[1.918s] DEBUG:colcon.colcon_core.shell:Skip shell extension 'dsv' for command environment
[2.793s] DEBUG:colcon.colcon_core.event_handler.log_command:Invoking command in '/home/project/ASV/ASV_new/src/gps': DEBUGINFOD_URLS=https://debuginfod.ubuntu.com PS1=(vir_env_main) \[\e]0;\u@\h: \w\a\]${debian_chroot:+($debian_chroot)}\[\033[01;32m\]\u@\h\[\033[00m\]:\[\033[01;34m\]\w\[\033[00m\]\$ PYTHONPATH=/home/project/ASV/ASV_new/build/gps/prefix_override:/home/project/ASV/vir_env_main/lib/python3.12/site-packages/colcon_core/task/python/colcon_distutils_commands:/home/project/ASV/ASV_new/install/gps/lib/python3.12/site-packages:${PYTHONPATH} VIRTUAL_ENV_PROMPT=(vir_env_main) /home/project/ASV/vir_env_main/bin/python3 -W ignore:setup.py install is deprecated -W ignore:easy_install command is deprecated setup.py egg_info --egg-base ../../build/gps build --build-base /home/project/ASV/ASV_new/build/gps/build install --record /home/project/ASV/ASV_new/build/gps/install.log --single-version-externally-managed install_data
[2.813s] DEBUG:colcon.colcon_core.event_handler.log_command:Invoking command in '/home/project/ASV/ASV_new/src/imu': DEBUGINFOD_URLS=https://debuginfod.ubuntu.com PS1=(vir_env_main) \[\e]0;\u@\h: \w\a\]${debian_chroot:+($debian_chroot)}\[\033[01;32m\]\u@\h\[\033[00m\]:\[\033[01;34m\]\w\[\033[00m\]\$ PYTHONPATH=/home/project/ASV/ASV_new/build/imu/prefix_override:/home/project/ASV/vir_env_main/lib/python3.12/site-packages/colcon_core/task/python/colcon_distutils_commands:/home/project/ASV/ASV_new/install/imu/lib/python3.12/site-packages:${PYTHONPATH} VIRTUAL_ENV_PROMPT=(vir_env_main) /home/project/ASV/vir_env_main/bin/python3 -W ignore:setup.py install is deprecated -W ignore:easy_install command is deprecated setup.py egg_info --egg-base ../../build/imu build --build-base /home/project/ASV/ASV_new/build/imu/build install --record /home/project/ASV/ASV_new/build/imu/install.log --single-version-externally-managed install_data
[2.836s] DEBUG:colcon.colcon_core.event_handler.log_command:Invoking command in '/home/project/ASV/ASV_new/src/controller': DEBUGINFOD_URLS=https://debuginfod.ubuntu.com PS1=(vir_env_main) \[\e]0;\u@\h: \w\a\]${debian_chroot:+($debian_chroot)}\[\033[01;32m\]\u@\h\[\033[00m\]:\[\033[01;34m\]\w\[\033[00m\]\$ PYTHONPATH=/home/project/ASV/ASV_new/build/controller/prefix_override:/home/project/ASV/vir_env_main/lib/python3.12/site-packages/colcon_core/task/python/colcon_distutils_commands:/home/project/ASV/ASV_new/install/controller/lib/python3.12/site-packages:${PYTHONPATH} VIRTUAL_ENV_PROMPT=(vir_env_main) /home/project/ASV/vir_env_main/bin/python3 -W ignore:setup.py install is deprecated -W ignore:easy_install command is deprecated setup.py egg_info --egg-base ../../build/controller build --build-base /home/project/ASV/ASV_new/build/controller/build install --record /home/project/ASV/ASV_new/build/controller/install.log --single-version-externally-managed install_data
[3.107s] DEBUG:colcon.colcon_core.event_handler.log_command:Invoking command in '/home/project/ASV/ASV_new/src/sensors': DEBUGINFOD_URLS=https://debuginfod.ubuntu.com PS1=(vir_env_main) \[\e]0;\u@\h: \w\a\]${debian_chroot:+($debian_chroot)}\[\033[01;32m\]\u@\h\[\033[00m\]:\[\033[01;34m\]\w\[\033[00m\]\$ PYTHONPATH=/home/project/ASV/ASV_new/build/sensors/prefix_override:/home/project/ASV/vir_env_main/lib/python3.12/site-packages/colcon_core/task/python/colcon_distutils_commands:/home/project/ASV/ASV_new/install/sensors/lib/python3.12/site-packages:${PYTHONPATH} VIRTUAL_ENV_PROMPT=(vir_env_main) /home/project/ASV/vir_env_main/bin/python3 -W ignore:setup.py install is deprecated -W ignore:easy_install command is deprecated setup.py egg_info --egg-base ../../build/sensors build --build-base /home/project/ASV/ASV_new/build/sensors/build install --record /home/project/ASV/ASV_new/build/sensors/install.log --single-version-externally-managed install_data
[3.665s] DEBUG:colcon.colcon_core.event_handler.log_command:Invoked command in '/home/project/ASV/ASV_new/src/controller' returned '0': DEBUGINFOD_URLS=https://debuginfod.ubuntu.com PS1=(vir_env_main) \[\e]0;\u@\h: \w\a\]${debian_chroot:+($debian_chroot)}\[\033[01;32m\]\u@\h\[\033[00m\]:\[\033[01;34m\]\w\[\033[00m\]\$ PYTHONPATH=/home/project/ASV/ASV_new/build/controller/prefix_override:/home/project/ASV/vir_env_main/lib/python3.12/site-packages/colcon_core/task/python/colcon_distutils_commands:/home/project/ASV/ASV_new/install/controller/lib/python3.12/site-packages:${PYTHONPATH} VIRTUAL_ENV_PROMPT=(vir_env_main) /home/project/ASV/vir_env_main/bin/python3 -W ignore:setup.py install is deprecated -W ignore:easy_install command is deprecated setup.py egg_info --egg-base ../../build/controller build --build-base /home/project/ASV/ASV_new/build/controller/build install --record /home/project/ASV/ASV_new/build/controller/install.log --single-version-externally-managed install_data
[3.673s] Level 1:colcon.colcon_core.environment:checking '/home/project/ASV/ASV_new/install/controller' for CMake module files
[3.674s] Level 1:colcon.colcon_core.environment:checking '/home/project/ASV/ASV_new/install/controller' for CMake config files
[3.675s] Level 1:colcon.colcon_core.environment:checking '/home/project/ASV/ASV_new/install/controller/lib'
[3.685s] Level 1:colcon.colcon_core.environment:checking '/home/project/ASV/ASV_new/install/controller/bin'
[3.685s] Level 1:colcon.colcon_core.environment:checking '/home/project/ASV/ASV_new/install/controller/lib/pkgconfig/controller.pc'
[3.686s] Level 1:colcon.colcon_core.environment:checking '/home/project/ASV/ASV_new/install/controller/lib/python3.12/site-packages'
[3.686s] Level 1:colcon.colcon_core.shell:create_environment_hook('controller', 'pythonpath')
[3.686s] INFO:colcon.colcon_core.shell:Creating environment hook '/home/project/ASV/ASV_new/install/controller/share/controller/hook/pythonpath.ps1'
[3.690s] INFO:colcon.colcon_core.shell:Creating environment descriptor '/home/project/ASV/ASV_new/install/controller/share/controller/hook/pythonpath.dsv'
[3.692s] INFO:colcon.colcon_core.shell:Creating environment hook '/home/project/ASV/ASV_new/install/controller/share/controller/hook/pythonpath.sh'
[3.699s] Level 1:colcon.colcon_core.environment:checking '/home/project/ASV/ASV_new/install/controller/bin'
[3.702s] Level 1:colcon.colcon_core.environment:create_environment_scripts_only(controller)
[3.703s] INFO:colcon.colcon_core.shell:Creating package script '/home/project/ASV/ASV_new/install/controller/share/controller/package.ps1'
[3.705s] INFO:colcon.colcon_core.shell:Creating package descriptor '/home/project/ASV/ASV_new/install/controller/share/controller/package.dsv'
[3.710s] INFO:colcon.colcon_core.shell:Creating package script '/home/project/ASV/ASV_new/install/controller/share/controller/package.sh'
[3.715s] INFO:colcon.colcon_core.shell:Creating package script '/home/project/ASV/ASV_new/install/controller/share/controller/package.bash'
[3.720s] INFO:colcon.colcon_core.shell:Creating package script '/home/project/ASV/ASV_new/install/controller/share/controller/package.zsh'
[3.722s] Level 1:colcon.colcon_core.environment:create_file_with_runtime_dependencies(/home/project/ASV/ASV_new/install/controller/share/colcon-core/packages/controller)
[3.726s] INFO:colcon.colcon_ros.task.ament_python.build:Building ROS package in '/home/project/ASV/ASV_new/src/thruster' with build type 'ament_python'
[3.727s] Level 1:colcon.colcon_core.shell:create_environment_hook('thruster', 'ament_prefix_path')
[3.727s] INFO:colcon.colcon_core.shell:Creating environment hook '/home/project/ASV/ASV_new/install/thruster/share/thruster/hook/ament_prefix_path.ps1'
[3.733s] INFO:colcon.colcon_core.shell:Creating environment descriptor '/home/project/ASV/ASV_new/install/thruster/share/thruster/hook/ament_prefix_path.dsv'
[3.747s] INFO:colcon.colcon_core.shell:Creating environment hook '/home/project/ASV/ASV_new/install/thruster/share/thruster/hook/ament_prefix_path.sh'
[3.752s] INFO:colcon.colcon_core.shell:Skip shell extension 'powershell' for command environment: Not usable outside of PowerShell
[3.752s] DEBUG:colcon.colcon_core.shell:Skip shell extension 'dsv' for command environment
[4.178s] INFO:colcon.colcon_core.task.python.build:Building Python package in '/home/project/ASV/ASV_new/src/thruster'
[4.179s] INFO:colcon.colcon_core.shell:Skip shell extension 'powershell' for command environment: Not usable outside of PowerShell
[4.179s] DEBUG:colcon.colcon_core.shell:Skip shell extension 'dsv' for command environment
[4.187s] Level 1:colcon.colcon_core.environment:checking '/home/project/ASV/ASV_new/install/gps' for CMake module files
[4.187s] Level 1:colcon.colcon_core.environment:checking '/home/project/ASV/ASV_new/install/gps' for CMake config files
[4.189s] Level 1:colcon.colcon_core.environment:checking '/home/project/ASV/ASV_new/install/gps/lib'
[4.189s] DEBUG:colcon.colcon_core.event_handler.log_command:Invoked command in '/home/project/ASV/ASV_new/src/gps' returned '0': DEBUGINFOD_URLS=https://debuginfod.ubuntu.com PS1=(vir_env_main) \[\e]0;\u@\h: \w\a\]${debian_chroot:+($debian_chroot)}\[\033[01;32m\]\u@\h\[\033[00m\]:\[\033[01;34m\]\w\[\033[00m\]\$ PYTHONPATH=/home/project/ASV/ASV_new/build/gps/prefix_override:/home/project/ASV/vir_env_main/lib/python3.12/site-packages/colcon_core/task/python/colcon_distutils_commands:/home/project/ASV/ASV_new/install/gps/lib/python3.12/site-packages:${PYTHONPATH} VIRTUAL_ENV_PROMPT=(vir_env_main) /home/project/ASV/vir_env_main/bin/python3 -W ignore:setup.py install is deprecated -W ignore:easy_install command is deprecated setup.py egg_info --egg-base ../../build/gps build --build-base /home/project/ASV/ASV_new/build/gps/build install --record /home/project/ASV/ASV_new/build/gps/install.log --single-version-externally-managed install_data
[4.190s] Level 1:colcon.colcon_core.environment:checking '/home/project/ASV/ASV_new/install/gps/bin'
[4.190s] Level 1:colcon.colcon_core.environment:checking '/home/project/ASV/ASV_new/install/gps/lib/pkgconfig/gps.pc'
[4.190s] Level 1:colcon.colcon_core.environment:checking '/home/project/ASV/ASV_new/install/gps/lib/python3.12/site-packages'
[4.190s] Level 1:colcon.colcon_core.shell:create_environment_hook('gps', 'pythonpath')
[4.191s] INFO:colcon.colcon_core.shell:Creating environment hook '/home/project/ASV/ASV_new/install/gps/share/gps/hook/pythonpath.ps1'
[4.193s] INFO:colcon.colcon_core.shell:Creating environment descriptor '/home/project/ASV/ASV_new/install/gps/share/gps/hook/pythonpath.dsv'
[4.195s] INFO:colcon.colcon_core.shell:Creating environment hook '/home/project/ASV/ASV_new/install/gps/share/gps/hook/pythonpath.sh'
[4.197s] Level 1:colcon.colcon_core.environment:checking '/home/project/ASV/ASV_new/install/gps/bin'
[4.197s] Level 1:colcon.colcon_core.environment:create_environment_scripts_only(gps)
[4.197s] INFO:colcon.colcon_core.shell:Creating package script '/home/project/ASV/ASV_new/install/gps/share/gps/package.ps1'
[4.199s] INFO:colcon.colcon_core.shell:Creating package descriptor '/home/project/ASV/ASV_new/install/gps/share/gps/package.dsv'
[4.200s] INFO:colcon.colcon_core.shell:Creating package script '/home/project/ASV/ASV_new/install/gps/share/gps/package.sh'
[4.201s] INFO:colcon.colcon_core.shell:Creating package script '/home/project/ASV/ASV_new/install/gps/share/gps/package.bash'
[4.204s] INFO:colcon.colcon_core.shell:Creating package script '/home/project/ASV/ASV_new/install/gps/share/gps/package.zsh'
[4.206s] Level 1:colcon.colcon_core.environment:create_file_with_runtime_dependencies(/home/project/ASV/ASV_new/install/gps/share/colcon-core/packages/gps)
[4.208s] Level 1:colcon.colcon_core.environment:checking '/home/project/ASV/ASV_new/install/imu' for CMake module files
[4.210s] Level 1:colcon.colcon_core.environment:checking '/home/project/ASV/ASV_new/install/imu' for CMake config files
[4.211s] Level 1:colcon.colcon_core.environment:checking '/home/project/ASV/ASV_new/install/imu/lib'
[4.211s] Level 1:colcon.colcon_core.environment:checking '/home/project/ASV/ASV_new/install/imu/bin'
[4.211s] Level 1:colcon.colcon_core.environment:checking '/home/project/ASV/ASV_new/install/imu/lib/pkgconfig/imu.pc'
[4.212s] Level 1:colcon.colcon_core.environment:checking '/home/project/ASV/ASV_new/install/imu/lib/python3.12/site-packages'
[4.212s] Level 1:colcon.colcon_core.shell:create_environment_hook('imu', 'pythonpath')
[4.213s] INFO:colcon.colcon_core.shell:Creating environment hook '/home/project/ASV/ASV_new/install/imu/share/imu/hook/pythonpath.ps1'
[4.216s] DEBUG:colcon.colcon_core.event_handler.log_command:Invoked command in '/home/project/ASV/ASV_new/src/imu' returned '0': DEBUGINFOD_URLS=https://debuginfod.ubuntu.com PS1=(vir_env_main) \[\e]0;\u@\h: \w\a\]${debian_chroot:+($debian_chroot)}\[\033[01;32m\]\u@\h\[\033[00m\]:\[\033[01;34m\]\w\[\033[00m\]\$ PYTHONPATH=/home/project/ASV/ASV_new/build/imu/prefix_override:/home/project/ASV/vir_env_main/lib/python3.12/site-packages/colcon_core/task/python/colcon_distutils_commands:/home/project/ASV/ASV_new/install/imu/lib/python3.12/site-packages:${PYTHONPATH} VIRTUAL_ENV_PROMPT=(vir_env_main) /home/project/ASV/vir_env_main/bin/python3 -W ignore:setup.py install is deprecated -W ignore:easy_install command is deprecated setup.py egg_info --egg-base ../../build/imu build --build-base /home/project/ASV/ASV_new/build/imu/build install --record /home/project/ASV/ASV_new/build/imu/install.log --single-version-externally-managed install_data
[4.216s] INFO:colcon.colcon_core.shell:Creating environment descriptor '/home/project/ASV/ASV_new/install/imu/share/imu/hook/pythonpath.dsv'
[4.220s] INFO:colcon.colcon_core.shell:Creating environment hook '/home/project/ASV/ASV_new/install/imu/share/imu/hook/pythonpath.sh'
[4.225s] Level 1:colcon.colcon_core.environment:checking '/home/project/ASV/ASV_new/install/imu/bin'
[4.226s] Level 1:colcon.colcon_core.environment:create_environment_scripts_only(imu)
[4.226s] INFO:colcon.colcon_core.shell:Creating package script '/home/project/ASV/ASV_new/install/imu/share/imu/package.ps1'
[4.228s] INFO:colcon.colcon_core.shell:Creating package descriptor '/home/project/ASV/ASV_new/install/imu/share/imu/package.dsv'
[4.232s] INFO:colcon.colcon_core.shell:Creating package script '/home/project/ASV/ASV_new/install/imu/share/imu/package.sh'
[4.236s] INFO:colcon.colcon_core.shell:Creating package script '/home/project/ASV/ASV_new/install/imu/share/imu/package.bash'
[4.240s] INFO:colcon.colcon_core.shell:Creating package script '/home/project/ASV/ASV_new/install/imu/share/imu/package.zsh'
[4.242s] Level 1:colcon.colcon_core.environment:create_file_with_runtime_dependencies(/home/project/ASV/ASV_new/install/imu/share/colcon-core/packages/imu)
[4.246s] Level 1:colcon.colcon_core.environment:checking '/home/project/ASV/ASV_new/install/sensors' for CMake module files
[4.248s] Level 1:colcon.colcon_core.environment:checking '/home/project/ASV/ASV_new/install/sensors' for CMake config files
[4.249s] Level 1:colcon.colcon_core.environment:checking '/home/project/ASV/ASV_new/install/sensors/lib'
[4.250s] Level 1:colcon.colcon_core.environment:checking '/home/project/ASV/ASV_new/install/sensors/bin'
[4.250s] Level 1:colcon.colcon_core.environment:checking '/home/project/ASV/ASV_new/install/sensors/lib/pkgconfig/sensors.pc'
[4.250s] Level 1:colcon.colcon_core.environment:checking '/home/project/ASV/ASV_new/install/sensors/lib/python3.12/site-packages'
[4.251s] Level 1:colcon.colcon_core.shell:create_environment_hook('sensors', 'pythonpath')
[4.252s] INFO:colcon.colcon_core.shell:Creating environment hook '/home/project/ASV/ASV_new/install/sensors/share/sensors/hook/pythonpath.ps1'
[4.254s] DEBUG:colcon.colcon_core.event_handler.log_command:Invoked command in '/home/project/ASV/ASV_new/src/sensors' returned '0': DEBUGINFOD_URLS=https://debuginfod.ubuntu.com PS1=(vir_env_main) \[\e]0;\u@\h: \w\a\]${debian_chroot:+($debian_chroot)}\[\033[01;32m\]\u@\h\[\033[00m\]:\[\033[01;34m\]\w\[\033[00m\]\$ PYTHONPATH=/home/project/ASV/ASV_new/build/sensors/prefix_override:/home/project/ASV/vir_env_main/lib/python3.12/site-packages/colcon_core/task/python/colcon_distutils_commands:/home/project/ASV/ASV_new/install/sensors/lib/python3.12/site-packages:${PYTHONPATH} VIRTUAL_ENV_PROMPT=(vir_env_main) /home/project/ASV/vir_env_main/bin/python3 -W ignore:setup.py install is deprecated -W ignore:easy_install command is deprecated setup.py egg_info --egg-base ../../build/sensors build --build-base /home/project/ASV/ASV_new/build/sensors/build install --record /home/project/ASV/ASV_new/build/sensors/install.log --single-version-externally-managed install_data
[4.254s] INFO:colcon.colcon_core.shell:Creating environment descriptor '/home/project/ASV/ASV_new/install/sensors/share/sensors/hook/pythonpath.dsv'
[4.259s] INFO:colcon.colcon_core.shell:Creating environment hook '/home/project/ASV/ASV_new/install/sensors/share/sensors/hook/pythonpath.sh'
[4.264s] Level 1:colcon.colcon_core.environment:checking '/home/project/ASV/ASV_new/install/sensors/bin'
[4.264s] Level 1:colcon.colcon_core.environment:create_environment_scripts_only(sensors)
[4.265s] INFO:colcon.colcon_core.shell:Creating package script '/home/project/ASV/ASV_new/install/sensors/share/sensors/package.ps1'
[4.267s] INFO:colcon.colcon_core.shell:Creating package descriptor '/home/project/ASV/ASV_new/install/sensors/share/sensors/package.dsv'
[4.268s] INFO:colcon.colcon_core.shell:Creating package script '/home/project/ASV/ASV_new/install/sensors/share/sensors/package.sh'
[4.272s] INFO:colcon.colcon_core.shell:Creating package script '/home/project/ASV/ASV_new/install/sensors/share/sensors/package.bash'
[4.276s] INFO:colcon.colcon_core.shell:Creating package script '/home/project/ASV/ASV_new/install/sensors/share/sensors/package.zsh'
[4.280s] Level 1:colcon.colcon_core.environment:create_file_with_runtime_dependencies(/home/project/ASV/ASV_new/install/sensors/share/colcon-core/packages/sensors)
[4.860s] DEBUG:colcon.colcon_core.event_handler.log_command:Invoking command in '/home/project/ASV/ASV_new/src/thruster': DEBUGINFOD_URLS=https://debuginfod.ubuntu.com PS1=(vir_env_main) \[\e]0;\u@\h: \w\a\]${debian_chroot:+($debian_chroot)}\[\033[01;32m\]\u@\h\[\033[00m\]:\[\033[01;34m\]\w\[\033[00m\]\$ PYTHONPATH=/home/project/ASV/ASV_new/build/thruster/prefix_override:/home/project/ASV/vir_env_main/lib/python3.12/site-packages/colcon_core/task/python/colcon_distutils_commands:/home/project/ASV/ASV_new/install/thruster/lib/python3.12/site-packages:${PYTHONPATH} VIRTUAL_ENV_PROMPT=(vir_env_main) /home/project/ASV/vir_env_main/bin/python3 -W ignore:setup.py install is deprecated -W ignore:easy_install command is deprecated setup.py egg_info --egg-base ../../build/thruster build --build-base /home/project/ASV/ASV_new/build/thruster/build install --record /home/project/ASV/ASV_new/build/thruster/install.log --single-version-externally-managed install_data
[5.464s] Level 1:colcon.colcon_core.environment:checking '/home/project/ASV/ASV_new/install/thruster' for CMake module files
[5.465s] Level 1:colcon.colcon_core.environment:checking '/home/project/ASV/ASV_new/install/thruster' for CMake config files
[5.466s] Level 1:colcon.colcon_core.environment:checking '/home/project/ASV/ASV_new/install/thruster/lib'
[5.467s] Level 1:colcon.colcon_core.environment:checking '/home/project/ASV/ASV_new/install/thruster/bin'
[5.467s] Level 1:colcon.colcon_core.environment:checking '/home/project/ASV/ASV_new/install/thruster/lib/pkgconfig/thruster.pc'
[5.467s] Level 1:colcon.colcon_core.environment:checking '/home/project/ASV/ASV_new/install/thruster/lib/python3.12/site-packages'
[5.468s] DEBUG:colcon.colcon_core.event_handler.log_command:Invoked command in '/home/project/ASV/ASV_new/src/thruster' returned '0': DEBUGINFOD_URLS=https://debuginfod.ubuntu.com PS1=(vir_env_main) \[\e]0;\u@\h: \w\a\]${debian_chroot:+($debian_chroot)}\[\033[01;32m\]\u@\h\[\033[00m\]:\[\033[01;34m\]\w\[\033[00m\]\$ PYTHONPATH=/home/project/ASV/ASV_new/build/thruster/prefix_override:/home/project/ASV/vir_env_main/lib/python3.12/site-packages/colcon_core/task/python/colcon_distutils_commands:/home/project/ASV/ASV_new/install/thruster/lib/python3.12/site-packages:${PYTHONPATH} VIRTUAL_ENV_PROMPT=(vir_env_main) /home/project/ASV/vir_env_main/bin/python3 -W ignore:setup.py install is deprecated -W ignore:easy_install command is deprecated setup.py egg_info --egg-base ../../build/thruster build --build-base /home/project/ASV/ASV_new/build/thruster/build install --record /home/project/ASV/ASV_new/build/thruster/install.log --single-version-externally-managed install_data
[5.468s] Level 1:colcon.colcon_core.shell:create_environment_hook('thruster', 'pythonpath')
[5.469s] INFO:colcon.colcon_core.shell:Creating environment hook '/home/project/ASV/ASV_new/install/thruster/share/thruster/hook/pythonpath.ps1'
[5.470s] INFO:colcon.colcon_core.shell:Creating environment descriptor '/home/project/ASV/ASV_new/install/thruster/share/thruster/hook/pythonpath.dsv'
[5.473s] INFO:colcon.colcon_core.shell:Creating environment hook '/home/project/ASV/ASV_new/install/thruster/share/thruster/hook/pythonpath.sh'
[5.475s] Level 1:colcon.colcon_core.environment:checking '/home/project/ASV/ASV_new/install/thruster/bin'
[5.476s] Level 1:colcon.colcon_core.environment:create_environment_scripts_only(thruster)
[5.476s] INFO:colcon.colcon_core.shell:Creating package script '/home/project/ASV/ASV_new/install/thruster/share/thruster/package.ps1'
[5.478s] INFO:colcon.colcon_core.shell:Creating package descriptor '/home/project/ASV/ASV_new/install/thruster/share/thruster/package.dsv'
[5.480s] INFO:colcon.colcon_core.shell:Creating package script '/home/project/ASV/ASV_new/install/thruster/share/thruster/package.sh'
[5.484s] INFO:colcon.colcon_core.shell:Creating package script '/home/project/ASV/ASV_new/install/thruster/share/thruster/package.bash'
[5.488s] INFO:colcon.colcon_core.shell:Creating package script '/home/project/ASV/ASV_new/install/thruster/share/thruster/package.zsh'
[5.491s] Level 1:colcon.colcon_core.environment:create_file_with_runtime_dependencies(/home/project/ASV/ASV_new/install/thruster/share/colcon-core/packages/thruster)
[5.498s] DEBUG:colcon.colcon_parallel_executor.executor.parallel:closing loop
[5.498s] DEBUG:colcon.colcon_parallel_executor.executor.parallel:loop closed
[5.498s] DEBUG:colcon.colcon_parallel_executor.executor.parallel:run_until_complete finished with '0'
[5.498s] DEBUG:colcon.colcon_core.event_reactor:joining thread
[5.515s] INFO:colcon.colcon_core.plugin_system:Skipping extension 'colcon_notification.desktop_notification.notify2': 'notify2' not found
[5.516s] INFO:colcon.colcon_core.plugin_system:Skipping extension 'colcon_notification.desktop_notification.terminal_notifier': Not used on non-Darwin systems
[5.516s] INFO:colcon.colcon_core.plugin_system:Skipping extension 'colcon_notification.desktop_notification.win32': Not used on non-Windows systems
[5.516s] INFO:colcon.colcon_notification.desktop_notification:Sending desktop notification using 'notify_send'
[5.553s] DEBUG:colcon.colcon_core.event_reactor:joined thread
[5.556s] INFO:colcon.colcon_core.shell:Creating prefix script '/home/project/ASV/ASV_new/install/local_setup.ps1'
[5.559s] INFO:colcon.colcon_core.shell:Creating prefix util module '/home/project/ASV/ASV_new/install/_local_setup_util_ps1.py'
[5.628s] INFO:colcon.colcon_core.shell:Creating prefix chain script '/home/project/ASV/ASV_new/install/setup.ps1'
[5.631s] INFO:colcon.colcon_core.shell:Creating prefix script '/home/project/ASV/ASV_new/install/local_setup.sh'
[5.633s] INFO:colcon.colcon_core.shell:Creating prefix util module '/home/project/ASV/ASV_new/install/_local_setup_util_sh.py'
[5.635s] INFO:colcon.colcon_core.shell:Creating prefix chain script '/home/project/ASV/ASV_new/install/setup.sh'
[5.639s] INFO:colcon.colcon_core.shell:Creating prefix script '/home/project/ASV/ASV_new/install/local_setup.bash'
[5.641s] INFO:colcon.colcon_core.shell:Creating prefix chain script '/home/project/ASV/ASV_new/install/setup.bash'
[5.714s] INFO:colcon.colcon_core.shell:Creating prefix script '/home/project/ASV/ASV_new/install/local_setup.zsh'
[5.715s] INFO:colcon.colcon_core.shell:Creating prefix chain script '/home/project/ASV/ASV_new/install/setup.zsh'
