[2.523s] Invoking command in '/home/project/ASV/ASV_new/src/imu': DEBUGINFOD_URLS=https://debuginfod.ubuntu.com PS1=(vir_env_main) \[\e]0;\u@\h: \w\a\]${debian_chroot:+($debian_chroot)}\[\033[01;32m\]\u@\h\[\033[00m\]:\[\033[01;34m\]\w\[\033[00m\]\$ PYTHONPATH=/home/project/ASV/ASV_new/build/imu/prefix_override:/home/project/ASV/vir_env_main/lib/python3.12/site-packages/colcon_core/task/python/colcon_distutils_commands:/home/project/ASV/ASV_new/install/imu/lib/python3.12/site-packages:${PYTHONPATH} VIRTUAL_ENV_PROMPT=(vir_env_main) /home/project/ASV/vir_env_main/bin/python3 -W ignore:setup.py install is deprecated -W ignore:easy_install command is deprecated setup.py egg_info --egg-base ../../build/imu build --build-base /home/project/ASV/ASV_new/build/imu/build install --record /home/project/ASV/ASV_new/build/imu/install.log --single-version-externally-managed install_data
[3.135s] running egg_info
[3.157s] writing ../../build/imu/imu.egg-info/PKG-INFO
[3.158s] writing dependency_links to ../../build/imu/imu.egg-info/dependency_links.txt
[3.159s] writing entry points to ../../build/imu/imu.egg-info/entry_points.txt
[3.160s] writing requirements to ../../build/imu/imu.egg-info/requires.txt
[3.164s] writing top-level names to ../../build/imu/imu.egg-info/top_level.txt
[3.255s] reading manifest file '../../build/imu/imu.egg-info/SOURCES.txt'
[3.259s] writing manifest file '../../build/imu/imu.egg-info/SOURCES.txt'
[3.259s] running build
[3.260s] running build_py
[3.261s] copying imu/__init__.py -> /home/project/ASV/ASV_new/build/imu/build/lib/imu
[3.262s] copying imu/imu_logger.py -> /home/project/ASV/ASV_new/build/imu/build/lib/imu
[3.262s] copying imu/imu_publisher.py -> /home/project/ASV/ASV_new/build/imu/build/lib/imu
[3.264s] running install
[3.280s] running install_lib
[3.326s] running install_data
[3.327s] copying resource/imu -> /home/project/ASV/ASV_new/install/imu/share/ament_index/resource_index/packages
[3.330s] copying package.xml -> /home/project/ASV/ASV_new/install/imu/share/imu
[3.330s] running install_egg_info
[3.376s] removing '/home/project/ASV/ASV_new/install/imu/lib/python3.12/site-packages/imu-0.0.0-py3.12.egg-info' (and everything under it)
[3.376s] Copying ../../build/imu/imu.egg-info to /home/project/ASV/ASV_new/install/imu/lib/python3.12/site-packages/imu-0.0.0-py3.12.egg-info
[3.376s] running install_scripts
[3.542s] Installing imu_logger script to /home/project/ASV/ASV_new/install/imu/lib/imu
[3.542s] Installing imu_publisher script to /home/project/ASV/ASV_new/install/imu/lib/imu
[3.553s] writing list of installed files to '/home/project/ASV/ASV_new/build/imu/install.log'
[3.982s] Invoked command in '/home/project/ASV/ASV_new/src/imu' returned '0': DEBUGINFOD_URLS=https://debuginfod.ubuntu.com PS1=(vir_env_main) \[\e]0;\u@\h: \w\a\]${debian_chroot:+($debian_chroot)}\[\033[01;32m\]\u@\h\[\033[00m\]:\[\033[01;34m\]\w\[\033[00m\]\$ PYTHONPATH=/home/project/ASV/ASV_new/build/imu/prefix_override:/home/project/ASV/vir_env_main/lib/python3.12/site-packages/colcon_core/task/python/colcon_distutils_commands:/home/project/ASV/ASV_new/install/imu/lib/python3.12/site-packages:${PYTHONPATH} VIRTUAL_ENV_PROMPT=(vir_env_main) /home/project/ASV/vir_env_main/bin/python3 -W ignore:setup.py install is deprecated -W ignore:easy_install command is deprecated setup.py egg_info --egg-base ../../build/imu build --build-base /home/project/ASV/ASV_new/build/imu/build install --record /home/project/ASV/ASV_new/build/imu/install.log --single-version-externally-managed install_data
