[3.718s] Invoking command in '/home/project/ASV/ASV_new/src/controller': DEBUGINFOD_URLS=https://debuginfod.ubuntu.com PS1=(vir_env_main) \[\e]0;\u@\h: \w\a\]${debian_chroot:+($debian_chroot)}\[\033[01;32m\]\u@\h\[\033[00m\]:\[\033[01;34m\]\w\[\033[00m\]\$ PYTHONPATH=/home/project/ASV/ASV_new/build/controller/prefix_override:/home/project/ASV/vir_env_main/lib/python3.12/site-packages/colcon_core/task/python/colcon_distutils_commands:/home/project/ASV/ASV_new/install/controller/lib/python3.12/site-packages:${PYTHONPATH} VIRTUAL_ENV_PROMPT=(vir_env_main) /home/project/ASV/vir_env_main/bin/python3.12 -W ignore:setup.py install is deprecated -W ignore:easy_install command is deprecated setup.py egg_info --egg-base ../../build/controller build --build-base /home/project/ASV/ASV_new/build/controller/build install --record /home/project/ASV/ASV_new/build/controller/install.log --install-scripts $base/lib/controller --single-version-externally-managed install_data
[4.402s] running egg_info
[4.438s] creating ../../build/controller/controller.egg-info
[4.439s] writing ../../build/controller/controller.egg-info/PKG-INFO
[4.439s] writing dependency_links to ../../build/controller/controller.egg-info/dependency_links.txt
[4.439s] writing entry points to ../../build/controller/controller.egg-info/entry_points.txt
[4.439s] writing requirements to ../../build/controller/controller.egg-info/requires.txt
[4.439s] writing top-level names to ../../build/controller/controller.egg-info/top_level.txt
[4.442s] writing manifest file '../../build/controller/controller.egg-info/SOURCES.txt'
[4.531s] reading manifest file '../../build/controller/controller.egg-info/SOURCES.txt'
[4.532s] writing manifest file '../../build/controller/controller.egg-info/SOURCES.txt'
[4.535s] running build
[4.535s] running build_py
[4.535s] creating /home/project/ASV/ASV_new/build/controller/build/lib/controller
[4.535s] copying controller/pid_controller.py -> /home/project/ASV/ASV_new/build/controller/build/lib/controller
[4.536s] copying controller/__init__.py -> /home/project/ASV/ASV_new/build/controller/build/lib/controller
[4.536s] running install
[4.542s] running install_lib
[4.597s] creating /home/project/ASV/ASV_new/install/controller/lib/python3.12/site-packages/controller
[4.598s] copying /home/project/ASV/ASV_new/build/controller/build/lib/controller/pid_controller.py -> /home/project/ASV/ASV_new/install/controller/lib/python3.12/site-packages/controller
[4.598s] copying /home/project/ASV/ASV_new/build/controller/build/lib/controller/__init__.py -> /home/project/ASV/ASV_new/install/controller/lib/python3.12/site-packages/controller
[4.598s] byte-compiling /home/project/ASV/ASV_new/install/controller/lib/python3.12/site-packages/controller/pid_controller.py to pid_controller.cpython-312.pyc
[4.601s] byte-compiling /home/project/ASV/ASV_new/install/controller/lib/python3.12/site-packages/controller/__init__.py to __init__.cpython-312.pyc
[4.605s] running install_data
[4.606s] creating /home/project/ASV/ASV_new/install/controller/share/ament_index/resource_index/packages
[4.606s] copying resource/controller -> /home/project/ASV/ASV_new/install/controller/share/ament_index/resource_index/packages
[4.606s] copying package.xml -> /home/project/ASV/ASV_new/install/controller/share/controller
[4.606s] running install_egg_info
[4.648s] Copying ../../build/controller/controller.egg-info to /home/project/ASV/ASV_new/install/controller/lib/python3.12/site-packages/controller-0.0.0-py3.12.egg-info
[4.650s] running install_scripts
[4.896s] Installing pid_controller script to /home/project/ASV/ASV_new/install/controller/lib/controller
[4.897s] writing list of installed files to '/home/project/ASV/ASV_new/build/controller/install.log'
[5.026s] Invoked command in '/home/project/ASV/ASV_new/src/controller' returned '0': DEBUGINFOD_URLS=https://debuginfod.ubuntu.com PS1=(vir_env_main) \[\e]0;\u@\h: \w\a\]${debian_chroot:+($debian_chroot)}\[\033[01;32m\]\u@\h\[\033[00m\]:\[\033[01;34m\]\w\[\033[00m\]\$ PYTHONPATH=/home/project/ASV/ASV_new/build/controller/prefix_override:/home/project/ASV/vir_env_main/lib/python3.12/site-packages/colcon_core/task/python/colcon_distutils_commands:/home/project/ASV/ASV_new/install/controller/lib/python3.12/site-packages:${PYTHONPATH} VIRTUAL_ENV_PROMPT=(vir_env_main) /home/project/ASV/vir_env_main/bin/python3.12 -W ignore:setup.py install is deprecated -W ignore:easy_install command is deprecated setup.py egg_info --egg-base ../../build/controller build --build-base /home/project/ASV/ASV_new/build/controller/build install --record /home/project/ASV/ASV_new/build/controller/install.log --install-scripts $base/lib/controller --single-version-externally-managed install_data
