[3.641s] Invoking command in '/home/project/ASV/ASV_new/src/imu': DEBUGINFOD_URLS=https://debuginfod.ubuntu.com PS1=(vir_env_main) \[\e]0;\u@\h: \w\a\]${debian_chroot:+($debian_chroot)}\[\033[01;32m\]\u@\h\[\033[00m\]:\[\033[01;34m\]\w\[\033[00m\]\$ PYTHONPATH=/home/project/ASV/ASV_new/build/imu/prefix_override:/home/project/ASV/vir_env_main/lib/python3.12/site-packages/colcon_core/task/python/colcon_distutils_commands:/home/project/ASV/ASV_new/install/imu/lib/python3.12/site-packages:${PYTHONPATH} VIRTUAL_ENV_PROMPT=(vir_env_main) /home/project/ASV/vir_env_main/bin/python3.12 -W ignore:setup.py install is deprecated -W ignore:easy_install command is deprecated setup.py egg_info --egg-base ../../build/imu build --build-base /home/project/ASV/ASV_new/build/imu/build install --record /home/project/ASV/ASV_new/build/imu/install.log --install-scripts $base/lib/imu --single-version-externally-managed install_data
[4.351s] running egg_info
[4.389s] creating ../../build/imu/imu.egg-info
[4.390s] writing ../../build/imu/imu.egg-info/PKG-INFO
[4.390s] writing dependency_links to ../../build/imu/imu.egg-info/dependency_links.txt
[4.390s] writing entry points to ../../build/imu/imu.egg-info/entry_points.txt
[4.390s] writing requirements to ../../build/imu/imu.egg-info/requires.txt
[4.391s] writing top-level names to ../../build/imu/imu.egg-info/top_level.txt
[4.394s] writing manifest file '../../build/imu/imu.egg-info/SOURCES.txt'
[4.483s] reading manifest file '../../build/imu/imu.egg-info/SOURCES.txt'
[4.484s] writing manifest file '../../build/imu/imu.egg-info/SOURCES.txt'
[4.487s] running build
[4.487s] running build_py
[4.488s] creating /home/project/ASV/ASV_new/build/imu/build/lib/imu
[4.488s] copying imu/__init__.py -> /home/project/ASV/ASV_new/build/imu/build/lib/imu
[4.488s] copying imu/imu_logger.py -> /home/project/ASV/ASV_new/build/imu/build/lib/imu
[4.488s] copying imu/imu_publisher.py -> /home/project/ASV/ASV_new/build/imu/build/lib/imu
[4.488s] running install
[4.494s] running install_lib
[4.545s] creating /home/project/ASV/ASV_new/install/imu/lib/python3.12/site-packages/imu
[4.545s] copying /home/project/ASV/ASV_new/build/imu/build/lib/imu/__init__.py -> /home/project/ASV/ASV_new/install/imu/lib/python3.12/site-packages/imu
[4.545s] copying /home/project/ASV/ASV_new/build/imu/build/lib/imu/imu_logger.py -> /home/project/ASV/ASV_new/install/imu/lib/python3.12/site-packages/imu
[4.545s] copying /home/project/ASV/ASV_new/build/imu/build/lib/imu/imu_publisher.py -> /home/project/ASV/ASV_new/install/imu/lib/python3.12/site-packages/imu
[4.549s] byte-compiling /home/project/ASV/ASV_new/install/imu/lib/python3.12/site-packages/imu/__init__.py to __init__.cpython-312.pyc
[4.550s] byte-compiling /home/project/ASV/ASV_new/install/imu/lib/python3.12/site-packages/imu/imu_logger.py to imu_logger.cpython-312.pyc
[4.552s] byte-compiling /home/project/ASV/ASV_new/install/imu/lib/python3.12/site-packages/imu/imu_publisher.py to imu_publisher.cpython-312.pyc
[4.553s] running install_data
[4.558s] creating /home/project/ASV/ASV_new/install/imu/share/ament_index/resource_index/packages
[4.558s] copying resource/imu -> /home/project/ASV/ASV_new/install/imu/share/ament_index/resource_index/packages
[4.558s] copying package.xml -> /home/project/ASV/ASV_new/install/imu/share/imu
[4.558s] running install_egg_info
[4.617s] Copying ../../build/imu/imu.egg-info to /home/project/ASV/ASV_new/install/imu/lib/python3.12/site-packages/imu-0.0.0-py3.12.egg-info
[4.619s] running install_scripts
[4.988s] Installing imu_logger script to /home/project/ASV/ASV_new/install/imu/lib/imu
[4.989s] Installing imu_publisher script to /home/project/ASV/ASV_new/install/imu/lib/imu
[4.989s] writing list of installed files to '/home/project/ASV/ASV_new/build/imu/install.log'
[5.818s] Invoked command in '/home/project/ASV/ASV_new/src/imu' returned '0': DEBUGINFOD_URLS=https://debuginfod.ubuntu.com PS1=(vir_env_main) \[\e]0;\u@\h: \w\a\]${debian_chroot:+($debian_chroot)}\[\033[01;32m\]\u@\h\[\033[00m\]:\[\033[01;34m\]\w\[\033[00m\]\$ PYTHONPATH=/home/project/ASV/ASV_new/build/imu/prefix_override:/home/project/ASV/vir_env_main/lib/python3.12/site-packages/colcon_core/task/python/colcon_distutils_commands:/home/project/ASV/ASV_new/install/imu/lib/python3.12/site-packages:${PYTHONPATH} VIRTUAL_ENV_PROMPT=(vir_env_main) /home/project/ASV/vir_env_main/bin/python3.12 -W ignore:setup.py install is deprecated -W ignore:easy_install command is deprecated setup.py egg_info --egg-base ../../build/imu build --build-base /home/project/ASV/ASV_new/build/imu/build install --record /home/project/ASV/ASV_new/build/imu/install.log --install-scripts $base/lib/imu --single-version-externally-managed install_data
