[2.807s] Invoking command in '/home/project/ASV/ASV_new/src/thruster': DEBUGINFOD_URLS=https://debuginfod.ubuntu.com PS1=(vir_env_main) \[\e]0;\u@\h: \w\a\]${debian_chroot:+($debian_chroot)}\[\033[01;32m\]\u@\h\[\033[00m\]:\[\033[01;34m\]\w\[\033[00m\]\$ PYTHONPATH=/home/project/ASV/ASV_new/build/thruster/prefix_override:/home/project/ASV/vir_env_main/lib/python3.12/site-packages/colcon_core/task/python/colcon_distutils_commands:/home/project/ASV/ASV_new/install/thruster/lib/python3.12/site-packages:${PYTHONPATH} VIRTUAL_ENV_PROMPT=(vir_env_main) /home/project/ASV/vir_env_main/bin/python3.12 -W ignore:setup.py install is deprecated -W ignore:easy_install command is deprecated setup.py egg_info --egg-base ../../build/thruster build --build-base /home/project/ASV/ASV_new/build/thruster/build install --record /home/project/ASV/ASV_new/build/thruster/install.log --install-scripts $base/lib/thruster --single-version-externally-managed install_data
[3.338s] running egg_info
[3.377s] creating ../../build/thruster/thruster.egg-info
[3.377s] writing ../../build/thruster/thruster.egg-info/PKG-INFO
[3.378s] writing dependency_links to ../../build/thruster/thruster.egg-info/dependency_links.txt
[3.378s] writing entry points to ../../build/thruster/thruster.egg-info/entry_points.txt
[3.379s] writing requirements to ../../build/thruster/thruster.egg-info/requires.txt
[3.379s] writing top-level names to ../../build/thruster/thruster.egg-info/top_level.txt
[3.379s] writing manifest file '../../build/thruster/thruster.egg-info/SOURCES.txt'
[3.473s] reading manifest file '../../build/thruster/thruster.egg-info/SOURCES.txt'
[3.474s] writing manifest file '../../build/thruster/thruster.egg-info/SOURCES.txt'
[3.474s] running build
[3.474s] running build_py
[3.474s] creating /home/project/ASV/ASV_new/build/thruster/build/lib/thruster
[3.475s] copying thruster/__init__.py -> /home/project/ASV/ASV_new/build/thruster/build/lib/thruster
[3.475s] copying thruster/thrust_teleop_publisher.py -> /home/project/ASV/ASV_new/build/thruster/build/lib/thruster
[3.475s] copying thruster/thrust_subscriber.py -> /home/project/ASV/ASV_new/build/thruster/build/lib/thruster
[3.476s] running install
[3.483s] running install_lib
[3.533s] creating /home/project/ASV/ASV_new/install/thruster/lib/python3.12/site-packages/thruster
[3.533s] copying /home/project/ASV/ASV_new/build/thruster/build/lib/thruster/__init__.py -> /home/project/ASV/ASV_new/install/thruster/lib/python3.12/site-packages/thruster
[3.533s] copying /home/project/ASV/ASV_new/build/thruster/build/lib/thruster/thrust_teleop_publisher.py -> /home/project/ASV/ASV_new/install/thruster/lib/python3.12/site-packages/thruster
[3.533s] copying /home/project/ASV/ASV_new/build/thruster/build/lib/thruster/thrust_subscriber.py -> /home/project/ASV/ASV_new/install/thruster/lib/python3.12/site-packages/thruster
[3.534s] byte-compiling /home/project/ASV/ASV_new/install/thruster/lib/python3.12/site-packages/thruster/__init__.py to __init__.cpython-312.pyc
[3.534s] byte-compiling /home/project/ASV/ASV_new/install/thruster/lib/python3.12/site-packages/thruster/thrust_teleop_publisher.py to thrust_teleop_publisher.cpython-312.pyc
[3.536s] byte-compiling /home/project/ASV/ASV_new/install/thruster/lib/python3.12/site-packages/thruster/thrust_subscriber.py to thrust_subscriber.cpython-312.pyc
[3.538s] running install_data
[3.538s] creating /home/project/ASV/ASV_new/install/thruster/share/ament_index/resource_index/packages
[3.538s] copying resource/thruster -> /home/project/ASV/ASV_new/install/thruster/share/ament_index/resource_index/packages
[3.539s] copying package.xml -> /home/project/ASV/ASV_new/install/thruster/share/thruster
[3.539s] running install_egg_info
[3.585s] Copying ../../build/thruster/thruster.egg-info to /home/project/ASV/ASV_new/install/thruster/lib/python3.12/site-packages/thruster-0.0.0-py3.12.egg-info
[3.586s] running install_scripts
[3.877s] Installing thruster_sub script to /home/project/ASV/ASV_new/install/thruster/lib/thruster
[3.877s] Installing thruster_teleop script to /home/project/ASV/ASV_new/install/thruster/lib/thruster
[3.878s] writing list of installed files to '/home/project/ASV/ASV_new/build/thruster/install.log'
[4.051s] Invoked command in '/home/project/ASV/ASV_new/src/thruster' returned '0': DEBUGINFOD_URLS=https://debuginfod.ubuntu.com PS1=(vir_env_main) \[\e]0;\u@\h: \w\a\]${debian_chroot:+($debian_chroot)}\[\033[01;32m\]\u@\h\[\033[00m\]:\[\033[01;34m\]\w\[\033[00m\]\$ PYTHONPATH=/home/project/ASV/ASV_new/build/thruster/prefix_override:/home/project/ASV/vir_env_main/lib/python3.12/site-packages/colcon_core/task/python/colcon_distutils_commands:/home/project/ASV/ASV_new/install/thruster/lib/python3.12/site-packages:${PYTHONPATH} VIRTUAL_ENV_PROMPT=(vir_env_main) /home/project/ASV/vir_env_main/bin/python3.12 -W ignore:setup.py install is deprecated -W ignore:easy_install command is deprecated setup.py egg_info --egg-base ../../build/thruster build --build-base /home/project/ASV/ASV_new/build/thruster/build install --record /home/project/ASV/ASV_new/build/thruster/install.log --install-scripts $base/lib/thruster --single-version-externally-managed install_data
