running egg_info
writing ../../build/controller/controller.egg-info/PKG-INFO
writing dependency_links to ../../build/controller/controller.egg-info/dependency_links.txt
writing entry points to ../../build/controller/controller.egg-info/entry_points.txt
writing requirements to ../../build/controller/controller.egg-info/requires.txt
writing top-level names to ../../build/controller/controller.egg-info/top_level.txt
reading manifest file '../../build/controller/controller.egg-info/SOURCES.txt'
writing manifest file '../../build/controller/controller.egg-info/SOURCES.txt'
running build
running build_py
copying controller/pid_controller.py -> /home/project/ASV/ASV_new/build/controller/build/lib/controller
copying controller/__init__.py -> /home/project/ASV/ASV_new/build/controller/build/lib/controller
running install
running install_lib
copying /home/project/ASV/ASV_new/build/controller/build/lib/controller/pid_controller.py -> /home/project/ASV/ASV_new/install/controller/lib/python3.12/site-packages/controller
byte-compiling /home/project/ASV/ASV_new/install/controller/lib/python3.12/site-packages/controller/pid_controller.py to pid_controller.cpython-312.pyc
running install_data
copying resource/controller -> /home/project/ASV/ASV_new/install/controller/share/ament_index/resource_index/packages
copying package.xml -> /home/project/ASV/ASV_new/install/controller/share/controller
running install_egg_info
removing '/home/project/ASV/ASV_new/install/controller/lib/python3.12/site-packages/controller-0.0.0-py3.12.egg-info' (and everything under it)
Copying ../../build/controller/controller.egg-info to /home/project/ASV/ASV_new/install/controller/lib/python3.12/site-packages/controller-0.0.0-py3.12.egg-info
running install_scripts
Installing pid_controller script to /home/project/ASV/ASV_new/install/controller/lib/controller
writing list of installed files to '/home/project/ASV/ASV_new/build/controller/install.log'
