[5.543s] Invoking command in '/home/project/ASV/ASV_new/src/thruster': DEBUGINFOD_URLS=https://debuginfod.ubuntu.com PYTHONPATH=/home/project/ASV/ASV_new/build/thruster/prefix_override:/home/project/ASV/vir_env_main/lib/python3.12/site-packages/colcon_core/task/python/colcon_distutils_commands:/home/project/ASV/ASV_new/install/thruster/lib/python3.12/site-packages:${PYTHONPATH} VIRTUAL_ENV_PROMPT=(vir_env_main) /home/project/ASV/vir_env_main/bin/python3 -W ignore:setup.py install is deprecated -W ignore:easy_install command is deprecated setup.py egg_info --egg-base ../../build/thruster build --build-base /home/project/ASV/ASV_new/build/thruster/build install --record /home/project/ASV/ASV_new/build/thruster/install.log --single-version-externally-managed install_data
[7.049s] running egg_info
[7.192s] writing ../../build/thruster/thruster.egg-info/PKG-INFO
[7.196s] writing dependency_links to ../../build/thruster/thruster.egg-info/dependency_links.txt
[7.201s] writing entry points to ../../build/thruster/thruster.egg-info/entry_points.txt
[7.206s] writing requirements to ../../build/thruster/thruster.egg-info/requires.txt
[7.208s] writing top-level names to ../../build/thruster/thruster.egg-info/top_level.txt
[7.426s] reading manifest file '../../build/thruster/thruster.egg-info/SOURCES.txt'
[7.426s] writing manifest file '../../build/thruster/thruster.egg-info/SOURCES.txt'
[7.426s] running build
[7.426s] running build_py
[7.427s] copying thruster/__init__.py -> /home/project/ASV/ASV_new/build/thruster/build/lib/thruster
[7.427s] copying thruster/thrust_teleop_publisher.py -> /home/project/ASV/ASV_new/build/thruster/build/lib/thruster
[7.427s] copying thruster/thrust_subscriber.py -> /home/project/ASV/ASV_new/build/thruster/build/lib/thruster
[7.427s] running install
[7.439s] running install_lib
[7.472s] running install_data
[7.472s] copying resource/thruster -> /home/project/ASV/ASV_new/install/thruster/share/ament_index/resource_index/packages
[7.474s] copying package.xml -> /home/project/ASV/ASV_new/install/thruster/share/thruster
[7.475s] running install_egg_info
[7.538s] removing '/home/project/ASV/ASV_new/install/thruster/lib/python3.12/site-packages/thruster-0.0.0-py3.12.egg-info' (and everything under it)
[7.539s] Copying ../../build/thruster/thruster.egg-info to /home/project/ASV/ASV_new/install/thruster/lib/python3.12/site-packages/thruster-0.0.0-py3.12.egg-info
[7.545s] running install_scripts
[7.619s] Installing thruster_sub script to /home/project/ASV/ASV_new/install/thruster/lib/thruster
[7.620s] Installing thruster_teleop script to /home/project/ASV/ASV_new/install/thruster/lib/thruster
[7.620s] writing list of installed files to '/home/project/ASV/ASV_new/build/thruster/install.log'
[7.757s] Invoked command in '/home/project/ASV/ASV_new/src/thruster' returned '0': DEBUGINFOD_URLS=https://debuginfod.ubuntu.com PYTHONPATH=/home/project/ASV/ASV_new/build/thruster/prefix_override:/home/project/ASV/vir_env_main/lib/python3.12/site-packages/colcon_core/task/python/colcon_distutils_commands:/home/project/ASV/ASV_new/install/thruster/lib/python3.12/site-packages:${PYTHONPATH} VIRTUAL_ENV_PROMPT=(vir_env_main) /home/project/ASV/vir_env_main/bin/python3 -W ignore:setup.py install is deprecated -W ignore:easy_install command is deprecated setup.py egg_info --egg-base ../../build/thruster build --build-base /home/project/ASV/ASV_new/build/thruster/build install --record /home/project/ASV/ASV_new/build/thruster/install.log --single-version-externally-managed install_data
