running egg_info
writing ../../build/thruster/thruster.egg-info/PKG-INFO
writing dependency_links to ../../build/thruster/thruster.egg-info/dependency_links.txt
writing entry points to ../../build/thruster/thruster.egg-info/entry_points.txt
writing requirements to ../../build/thruster/thruster.egg-info/requires.txt
writing top-level names to ../../build/thruster/thruster.egg-info/top_level.txt
reading manifest file '../../build/thruster/thruster.egg-info/SOURCES.txt'
writing manifest file '../../build/thruster/thruster.egg-info/SOURCES.txt'
running build
running build_py
copying thruster/__init__.py -> /home/project/ASV/ASV_new/build/thruster/build/lib/thruster
copying thruster/thrust_teleop_publisher.py -> /home/project/ASV/ASV_new/build/thruster/build/lib/thruster
copying thruster/thrust_subscriber.py -> /home/project/ASV/ASV_new/build/thruster/build/lib/thruster
running install
running install_lib
copying /home/project/ASV/ASV_new/build/thruster/build/lib/thruster/thrust_subscriber.py -> /home/project/ASV/ASV_new/install/thruster/lib/python3.12/site-packages/thruster
byte-compiling /home/project/ASV/ASV_new/install/thruster/lib/python3.12/site-packages/thruster/thrust_subscriber.py to thrust_subscriber.cpython-312.pyc
running install_data
copying resource/thruster -> /home/project/ASV/ASV_new/install/thruster/share/ament_index/resource_index/packages
copying package.xml -> /home/project/ASV/ASV_new/install/thruster/share/thruster
running install_egg_info
removing '/home/project/ASV/ASV_new/install/thruster/lib/python3.12/site-packages/thruster-0.0.0-py3.12.egg-info' (and everything under it)
Copying ../../build/thruster/thruster.egg-info to /home/project/ASV/ASV_new/install/thruster/lib/python3.12/site-packages/thruster-0.0.0-py3.12.egg-info
running install_scripts
Installing thruster_sub script to /home/project/ASV/ASV_new/install/thruster/lib/thruster
Installing thruster_teleop script to /home/project/ASV/ASV_new/install/thruster/lib/thruster
writing list of installed files to '/home/project/ASV/ASV_new/build/thruster/install.log'
