[1.265s] Invoking command in '/home/project/ASV/ASV_new/src/thruster': DEBUGINFOD_URLS=https://debuginfod.ubuntu.com PS1=(vir_env_main) \[\e]0;\u@\h: \w\a\]${debian_chroot:+($debian_chroot)}\[\033[01;32m\]\u@\h\[\033[00m\]:\[\033[01;34m\]\w\[\033[00m\]\$ PYTHONPATH=/home/project/ASV/ASV_new/build/thruster/prefix_override:/home/project/ASV/vir_env_main/lib/python3.12/site-packages/colcon_core/task/python/colcon_distutils_commands:/home/project/ASV/ASV_new/install/thruster/lib/python3.12/site-packages:${PYTHONPATH} VIRTUAL_ENV_PROMPT=(vir_env_main) /home/project/ASV/vir_env_main/bin/python3 -W ignore:setup.py install is deprecated -W ignore:easy_install command is deprecated setup.py egg_info --egg-base ../../build/thruster build --build-base /home/project/ASV/ASV_new/build/thruster/build install --record /home/project/ASV/ASV_new/build/thruster/install.log --single-version-externally-managed install_data
[1.599s] /home/project/ASV/vir_env_main/lib/python3.12/site-packages/setuptools/_distutils/dist.py:289: UserWarning: Unknown distribution option: 'tests_require'
[1.599s]   warnings.warn(msg)
[1.734s] running egg_info
[1.760s] writing ../../build/thruster/thruster.egg-info/PKG-INFO
[1.761s] writing dependency_links to ../../build/thruster/thruster.egg-info/dependency_links.txt
[1.762s] writing entry points to ../../build/thruster/thruster.egg-info/entry_points.txt
[1.763s] writing requirements to ../../build/thruster/thruster.egg-info/requires.txt
[1.767s] writing top-level names to ../../build/thruster/thruster.egg-info/top_level.txt
[1.814s] reading manifest file '../../build/thruster/thruster.egg-info/SOURCES.txt'
[1.817s] writing manifest file '../../build/thruster/thruster.egg-info/SOURCES.txt'
[1.818s] running build
[1.818s] running build_py
[1.818s] copying thruster/__init__.py -> /home/project/ASV/ASV_new/build/thruster/build/lib/thruster
[1.818s] copying thruster/thrust_teleop_publisher.py -> /home/project/ASV/ASV_new/build/thruster/build/lib/thruster
[1.818s] copying thruster/thrust_subscriber.py -> /home/project/ASV/ASV_new/build/thruster/build/lib/thruster
[1.819s] running install
[1.831s] running install_lib
[1.853s] copying /home/project/ASV/ASV_new/build/thruster/build/lib/thruster/thrust_subscriber.py -> /home/project/ASV/ASV_new/install/thruster/lib/python3.12/site-packages/thruster
[1.854s] byte-compiling /home/project/ASV/ASV_new/install/thruster/lib/python3.12/site-packages/thruster/thrust_subscriber.py to thrust_subscriber.cpython-312.pyc
[1.856s] running install_data
[1.856s] copying resource/thruster -> /home/project/ASV/ASV_new/install/thruster/share/ament_index/resource_index/packages
[1.856s] copying package.xml -> /home/project/ASV/ASV_new/install/thruster/share/thruster
[1.857s] running install_egg_info
[1.892s] removing '/home/project/ASV/ASV_new/install/thruster/lib/python3.12/site-packages/thruster-0.0.0-py3.12.egg-info' (and everything under it)
[1.892s] Copying ../../build/thruster/thruster.egg-info to /home/project/ASV/ASV_new/install/thruster/lib/python3.12/site-packages/thruster-0.0.0-py3.12.egg-info
[1.892s] running install_scripts
[1.990s] Installing thruster_sub script to /home/project/ASV/ASV_new/install/thruster/lib/thruster
[1.993s] Installing thruster_teleop script to /home/project/ASV/ASV_new/install/thruster/lib/thruster
[1.995s] writing list of installed files to '/home/project/ASV/ASV_new/build/thruster/install.log'
[2.133s] Invoked command in '/home/project/ASV/ASV_new/src/thruster' returned '0': DEBUGINFOD_URLS=https://debuginfod.ubuntu.com PS1=(vir_env_main) \[\e]0;\u@\h: \w\a\]${debian_chroot:+($debian_chroot)}\[\033[01;32m\]\u@\h\[\033[00m\]:\[\033[01;34m\]\w\[\033[00m\]\$ PYTHONPATH=/home/project/ASV/ASV_new/build/thruster/prefix_override:/home/project/ASV/vir_env_main/lib/python3.12/site-packages/colcon_core/task/python/colcon_distutils_commands:/home/project/ASV/ASV_new/install/thruster/lib/python3.12/site-packages:${PYTHONPATH} VIRTUAL_ENV_PROMPT=(vir_env_main) /home/project/ASV/vir_env_main/bin/python3 -W ignore:setup.py install is deprecated -W ignore:easy_install command is deprecated setup.py egg_info --egg-base ../../build/thruster build --build-base /home/project/ASV/ASV_new/build/thruster/build install --record /home/project/ASV/ASV_new/build/thruster/install.log --single-version-externally-managed install_data
