[3.651s] Invoking command in '/home/project/ASV/ASV_new/src/sensors': DEBUGINFOD_URLS=https://debuginfod.ubuntu.com PS1=(vir_env_main) \[\e]0;\u@\h: \w\a\]${debian_chroot:+($debian_chroot)}\[\033[01;32m\]\u@\h\[\033[00m\]:\[\033[01;34m\]\w\[\033[00m\]\$ PYTHONPATH=/home/project/ASV/ASV_new/build/sensors/prefix_override:/home/project/ASV/vir_env_main/lib/python3.12/site-packages/colcon_core/task/python/colcon_distutils_commands:/home/project/ASV/ASV_new/install/sensors/lib/python3.12/site-packages:${PYTHONPATH} VIRTUAL_ENV_PROMPT=(vir_env_main) /home/project/ASV/vir_env_main/bin/python3 -W ignore:setup.py install is deprecated -W ignore:easy_install command is deprecated setup.py egg_info --egg-base ../../build/sensors build --build-base /home/project/ASV/ASV_new/build/sensors/build install --record /home/project/ASV/ASV_new/build/sensors/install.log --single-version-externally-managed install_data
[4.424s] running egg_info
[4.457s] writing ../../build/sensors/sensors.egg-info/PKG-INFO
[5.053s] writing dependency_links to ../../build/sensors/sensors.egg-info/dependency_links.txt
[5.053s] writing entry points to ../../build/sensors/sensors.egg-info/entry_points.txt
[5.053s] writing requirements to ../../build/sensors/sensors.egg-info/requires.txt
[5.053s] writing top-level names to ../../build/sensors/sensors.egg-info/top_level.txt
[5.120s] reading manifest file '../../build/sensors/sensors.egg-info/SOURCES.txt'
[5.124s] writing manifest file '../../build/sensors/sensors.egg-info/SOURCES.txt'
[5.371s] running build
[5.371s] running build_py
[5.372s] copying sensors/battery_pub.py -> /home/project/ASV/ASV_new/build/sensors/build/lib/sensors
[5.374s] copying sensors/__init__.py -> /home/project/ASV/ASV_new/build/sensors/build/lib/sensors
[5.377s] running install
[5.385s] running install_lib
[5.407s] copying /home/project/ASV/ASV_new/build/sensors/build/lib/sensors/battery_pub.py -> /home/project/ASV/ASV_new/install/sensors/lib/python3.12/site-packages/sensors
[5.408s] byte-compiling /home/project/ASV/ASV_new/install/sensors/lib/python3.12/site-packages/sensors/battery_pub.py to battery_pub.cpython-312.pyc
[5.477s] running install_data
[5.481s] copying resource/sensors -> /home/project/ASV/ASV_new/install/sensors/share/ament_index/resource_index/packages
[5.481s] copying package.xml -> /home/project/ASV/ASV_new/install/sensors/share/sensors
[5.482s] running install_egg_info
[5.508s] removing '/home/project/ASV/ASV_new/install/sensors/lib/python3.12/site-packages/sensors-0.0.0-py3.12.egg-info' (and everything under it)
[5.509s] Copying ../../build/sensors/sensors.egg-info to /home/project/ASV/ASV_new/install/sensors/lib/python3.12/site-packages/sensors-0.0.0-py3.12.egg-info
[5.844s] running install_scripts
[5.902s] Installing batt_pub script to /home/project/ASV/ASV_new/install/sensors/lib/sensors
[6.240s] writing list of installed files to '/home/project/ASV/ASV_new/build/sensors/install.log'
[7.718s] Invoked command in '/home/project/ASV/ASV_new/src/sensors' returned '0': DEBUGINFOD_URLS=https://debuginfod.ubuntu.com PS1=(vir_env_main) \[\e]0;\u@\h: \w\a\]${debian_chroot:+($debian_chroot)}\[\033[01;32m\]\u@\h\[\033[00m\]:\[\033[01;34m\]\w\[\033[00m\]\$ PYTHONPATH=/home/project/ASV/ASV_new/build/sensors/prefix_override:/home/project/ASV/vir_env_main/lib/python3.12/site-packages/colcon_core/task/python/colcon_distutils_commands:/home/project/ASV/ASV_new/install/sensors/lib/python3.12/site-packages:${PYTHONPATH} VIRTUAL_ENV_PROMPT=(vir_env_main) /home/project/ASV/vir_env_main/bin/python3 -W ignore:setup.py install is deprecated -W ignore:easy_install command is deprecated setup.py egg_info --egg-base ../../build/sensors build --build-base /home/project/ASV/ASV_new/build/sensors/build install --record /home/project/ASV/ASV_new/build/sensors/install.log --single-version-externally-managed install_data
