[1.580s] Invoking command in '/home/project/ASV/ASV_new/imu': DEBUGINFOD_URLS=https://debuginfod.ubuntu.com PS1=(vir_env_main) \[\e]0;\u@\h: \w\a\]${debian_chroot:+($debian_chroot)}\[\033[01;32m\]\u@\h\[\033[00m\]:\[\033[01;34m\]\w\[\033[00m\]\$ PYTHONPATH=/home/project/ASV/ASV_new/build/imu/prefix_override:/home/project/ASV/vir_env_main/lib/python3.12/site-packages/colcon_core/task/python/colcon_distutils_commands:/home/project/ASV/ASV_new/install/imu/lib/python3.12/site-packages:${PYTHONPATH} VIRTUAL_ENV_PROMPT=(vir_env_main) /home/project/ASV/vir_env_main/bin/python3 -W ignore:setup.py install is deprecated -W ignore:easy_install command is deprecated setup.py egg_info --egg-base ../build/imu build --build-base /home/project/ASV/ASV_new/build/imu/build install --record /home/project/ASV/ASV_new/build/imu/install.log --single-version-externally-managed install_data
[1.854s] /home/project/ASV/vir_env_main/lib/python3.12/site-packages/setuptools/_distutils/dist.py:289: UserWarning: Unknown distribution option: 'tests_require'
[1.854s]   warnings.warn(msg)
[1.978s] running egg_info
[1.996s] creating ../build/imu/imu.egg-info
[1.997s] writing ../build/imu/imu.egg-info/PKG-INFO
[1.997s] writing dependency_links to ../build/imu/imu.egg-info/dependency_links.txt
[1.997s] writing requirements to ../build/imu/imu.egg-info/requires.txt
[1.998s] writing top-level names to ../build/imu/imu.egg-info/top_level.txt
[1.998s] writing manifest file '../build/imu/imu.egg-info/SOURCES.txt'
[2.050s] reading manifest file '../build/imu/imu.egg-info/SOURCES.txt'
[2.051s] writing manifest file '../build/imu/imu.egg-info/SOURCES.txt'
[2.051s] running build
[2.051s] running build_py
[2.051s] creating /home/project/ASV/ASV_new/build/imu/build/lib/imu
[2.052s] copying imu/__init__.py -> /home/project/ASV/ASV_new/build/imu/build/lib/imu
[2.052s] running install
[2.060s] running install_lib
[2.079s] creating /home/project/ASV/ASV_new/install/imu/lib/python3.12/site-packages/imu
[2.079s] copying /home/project/ASV/ASV_new/build/imu/build/lib/imu/__init__.py -> /home/project/ASV/ASV_new/install/imu/lib/python3.12/site-packages/imu
[2.080s] byte-compiling /home/project/ASV/ASV_new/install/imu/lib/python3.12/site-packages/imu/__init__.py to __init__.cpython-312.pyc
[2.080s] running install_data
[2.081s] creating /home/project/ASV/ASV_new/install/imu/share/ament_index/resource_index/packages
[2.081s] copying resource/imu -> /home/project/ASV/ASV_new/install/imu/share/ament_index/resource_index/packages
[2.081s] copying package.xml -> /home/project/ASV/ASV_new/install/imu/share/imu
[2.081s] running install_egg_info
[2.101s] Copying ../build/imu/imu.egg-info to /home/project/ASV/ASV_new/install/imu/lib/python3.12/site-packages/imu-0.0.0-py3.12.egg-info
[2.104s] running install_scripts
[2.154s] writing list of installed files to '/home/project/ASV/ASV_new/build/imu/install.log'
[2.264s] Invoked command in '/home/project/ASV/ASV_new/imu' returned '0': DEBUGINFOD_URLS=https://debuginfod.ubuntu.com PS1=(vir_env_main) \[\e]0;\u@\h: \w\a\]${debian_chroot:+($debian_chroot)}\[\033[01;32m\]\u@\h\[\033[00m\]:\[\033[01;34m\]\w\[\033[00m\]\$ PYTHONPATH=/home/project/ASV/ASV_new/build/imu/prefix_override:/home/project/ASV/vir_env_main/lib/python3.12/site-packages/colcon_core/task/python/colcon_distutils_commands:/home/project/ASV/ASV_new/install/imu/lib/python3.12/site-packages:${PYTHONPATH} VIRTUAL_ENV_PROMPT=(vir_env_main) /home/project/ASV/vir_env_main/bin/python3 -W ignore:setup.py install is deprecated -W ignore:easy_install command is deprecated setup.py egg_info --egg-base ../build/imu build --build-base /home/project/ASV/ASV_new/build/imu/build install --record /home/project/ASV/ASV_new/build/imu/install.log --single-version-externally-managed install_data
