[3.463s] Invoking command in '/home/project/ASV/ASV_new/src/gps': DEBUGINFOD_URLS=https://debuginfod.ubuntu.com PS1=(vir_env_main) \[\e]0;\u@\h: \w\a\]${debian_chroot:+($debian_chroot)}\[\033[01;32m\]\u@\h\[\033[00m\]:\[\033[01;34m\]\w\[\033[00m\]\$ PYTHONPATH=/home/project/ASV/ASV_new/build/gps/prefix_override:/home/project/ASV/vir_env_main/lib/python3.12/site-packages/colcon_core/task/python/colcon_distutils_commands:/home/project/ASV/ASV_new/install/gps/lib/python3.12/site-packages:${PYTHONPATH} VIRTUAL_ENV_PROMPT=(vir_env_main) /home/project/ASV/vir_env_main/bin/python3 -W ignore:setup.py install is deprecated -W ignore:easy_install command is deprecated setup.py egg_info --egg-base ../../build/gps build --build-base /home/project/ASV/ASV_new/build/gps/build install --record /home/project/ASV/ASV_new/build/gps/install.log --single-version-externally-managed install_data
[4.275s] running egg_info
[4.303s] writing ../../build/gps/gps.egg-info/PKG-INFO
[5.109s] writing dependency_links to ../../build/gps/gps.egg-info/dependency_links.txt
[5.109s] writing entry points to ../../build/gps/gps.egg-info/entry_points.txt
[5.109s] writing requirements to ../../build/gps/gps.egg-info/requires.txt
[5.110s] writing top-level names to ../../build/gps/gps.egg-info/top_level.txt
[5.168s] reading manifest file '../../build/gps/gps.egg-info/SOURCES.txt'
[5.168s] writing manifest file '../../build/gps/gps.egg-info/SOURCES.txt'
[5.425s] running build
[5.425s] running build_py
[5.425s] copying gps/gps_publisher.py -> /home/project/ASV/ASV_new/build/gps/build/lib/gps
[5.425s] copying gps/__init__.py -> /home/project/ASV/ASV_new/build/gps/build/lib/gps
[5.426s] running install
[5.433s] running install_lib
[5.463s] running install_data
[5.463s] copying resource/gps -> /home/project/ASV/ASV_new/install/gps/share/ament_index/resource_index/packages
[5.465s] copying package.xml -> /home/project/ASV/ASV_new/install/gps/share/gps
[5.466s] running install_egg_info
[5.522s] removing '/home/project/ASV/ASV_new/install/gps/lib/python3.12/site-packages/gps-0.0.0-py3.12.egg-info' (and everything under it)
[5.523s] Copying ../../build/gps/gps.egg-info to /home/project/ASV/ASV_new/install/gps/lib/python3.12/site-packages/gps-0.0.0-py3.12.egg-info
[5.897s] running install_scripts
[5.968s] Installing gps_publisher script to /home/project/ASV/ASV_new/install/gps/lib/gps
[6.293s] writing list of installed files to '/home/project/ASV/ASV_new/build/gps/install.log'
[7.871s] Invoked command in '/home/project/ASV/ASV_new/src/gps' returned '0': DEBUGINFOD_URLS=https://debuginfod.ubuntu.com PS1=(vir_env_main) \[\e]0;\u@\h: \w\a\]${debian_chroot:+($debian_chroot)}\[\033[01;32m\]\u@\h\[\033[00m\]:\[\033[01;34m\]\w\[\033[00m\]\$ PYTHONPATH=/home/project/ASV/ASV_new/build/gps/prefix_override:/home/project/ASV/vir_env_main/lib/python3.12/site-packages/colcon_core/task/python/colcon_distutils_commands:/home/project/ASV/ASV_new/install/gps/lib/python3.12/site-packages:${PYTHONPATH} VIRTUAL_ENV_PROMPT=(vir_env_main) /home/project/ASV/vir_env_main/bin/python3 -W ignore:setup.py install is deprecated -W ignore:easy_install command is deprecated setup.py egg_info --egg-base ../../build/gps build --build-base /home/project/ASV/ASV_new/build/gps/build install --record /home/project/ASV/ASV_new/build/gps/install.log --single-version-externally-managed install_data
