/home/project/ASV/vir_env_main/lib/python3.12/site-packages/setuptools/_distutils/dist.py:289: UserWarning: Unknown distribution option: 'tests_require'
  warnings.warn(msg)
running egg_info
writing ../../build/gps/gps.egg-info/PKG-INFO
writing dependency_links to ../../build/gps/gps.egg-info/dependency_links.txt
writing entry points to ../../build/gps/gps.egg-info/entry_points.txt
writing requirements to ../../build/gps/gps.egg-info/requires.txt
writing top-level names to ../../build/gps/gps.egg-info/top_level.txt
reading manifest file '../../build/gps/gps.egg-info/SOURCES.txt'
writing manifest file '../../build/gps/gps.egg-info/SOURCES.txt'
running build
running build_py
copying gps/gps_publisher.py -> /home/project/ASV/ASV_new/build/gps/build/lib/gps
copying gps/__init__.py -> /home/project/ASV/ASV_new/build/gps/build/lib/gps
running install
running install_lib
running install_data
copying resource/gps -> /home/project/ASV/ASV_new/install/gps/share/ament_index/resource_index/packages
copying package.xml -> /home/project/ASV/ASV_new/install/gps/share/gps
running install_egg_info
removing '/home/project/ASV/ASV_new/install/gps/lib/python3.12/site-packages/gps-0.0.0-py3.12.egg-info' (and everything under it)
Copying ../../build/gps/gps.egg-info to /home/project/ASV/ASV_new/install/gps/lib/python3.12/site-packages/gps-0.0.0-py3.12.egg-info
running install_scripts
Installing gps_publisher script to /home/project/ASV/ASV_new/install/gps/lib/gps
writing list of installed files to '/home/project/ASV/ASV_new/build/gps/install.log'
