[2.413s] Invoking command in '/home/project/ASV/ASV_new/src/gps': DEBUGINFOD_URLS=https://debuginfod.ubuntu.com PS1=(vir_env_main) \[\e]0;\u@\h: \w\a\]${debian_chroot:+($debian_chroot)}\[\033[01;32m\]\u@\h\[\033[00m\]:\[\033[01;34m\]\w\[\033[00m\]\$ PYTHONPATH=/home/project/ASV/ASV_new/build/gps/prefix_override:/home/project/ASV/vir_env_main/lib/python3.12/site-packages/colcon_core/task/python/colcon_distutils_commands:/home/project/ASV/ASV_new/install/gps/lib/python3.12/site-packages:${PYTHONPATH} VIRTUAL_ENV_PROMPT=(vir_env_main) /home/project/ASV/vir_env_main/bin/python3 -W ignore:setup.py install is deprecated -W ignore:easy_install command is deprecated setup.py egg_info --egg-base ../../build/gps build --build-base /home/project/ASV/ASV_new/build/gps/build install --record /home/project/ASV/ASV_new/build/gps/install.log --single-version-externally-managed install_data
[2.832s] /home/project/ASV/vir_env_main/lib/python3.12/site-packages/setuptools/_distutils/dist.py:289: UserWarning: Unknown distribution option: 'tests_require'
[2.832s]   warnings.warn(msg)
[2.991s] running egg_info
[3.020s] writing ../../build/gps/gps.egg-info/PKG-INFO
[3.021s] writing dependency_links to ../../build/gps/gps.egg-info/dependency_links.txt
[3.024s] writing entry points to ../../build/gps/gps.egg-info/entry_points.txt
[3.027s] writing requirements to ../../build/gps/gps.egg-info/requires.txt
[3.035s] writing top-level names to ../../build/gps/gps.egg-info/top_level.txt
[3.112s] reading manifest file '../../build/gps/gps.egg-info/SOURCES.txt'
[3.127s] writing manifest file '../../build/gps/gps.egg-info/SOURCES.txt'
[3.127s] running build
[3.128s] running build_py
[3.128s] copying gps/gps_publisher.py -> /home/project/ASV/ASV_new/build/gps/build/lib/gps
[3.139s] copying gps/__init__.py -> /home/project/ASV/ASV_new/build/gps/build/lib/gps
[3.144s] running install
[3.170s] running install_lib
[3.223s] running install_data
[3.223s] copying resource/gps -> /home/project/ASV/ASV_new/install/gps/share/ament_index/resource_index/packages
[3.223s] copying package.xml -> /home/project/ASV/ASV_new/install/gps/share/gps
[3.223s] running install_egg_info
[3.245s] removing '/home/project/ASV/ASV_new/install/gps/lib/python3.12/site-packages/gps-0.0.0-py3.12.egg-info' (and everything under it)
[3.247s] Copying ../../build/gps/gps.egg-info to /home/project/ASV/ASV_new/install/gps/lib/python3.12/site-packages/gps-0.0.0-py3.12.egg-info
[3.251s] running install_scripts
[3.338s] Installing gps_publisher script to /home/project/ASV/ASV_new/install/gps/lib/gps
[3.339s] writing list of installed files to '/home/project/ASV/ASV_new/build/gps/install.log'
[3.473s] Invoked command in '/home/project/ASV/ASV_new/src/gps' returned '0': DEBUGINFOD_URLS=https://debuginfod.ubuntu.com PS1=(vir_env_main) \[\e]0;\u@\h: \w\a\]${debian_chroot:+($debian_chroot)}\[\033[01;32m\]\u@\h\[\033[00m\]:\[\033[01;34m\]\w\[\033[00m\]\$ PYTHONPATH=/home/project/ASV/ASV_new/build/gps/prefix_override:/home/project/ASV/vir_env_main/lib/python3.12/site-packages/colcon_core/task/python/colcon_distutils_commands:/home/project/ASV/ASV_new/install/gps/lib/python3.12/site-packages:${PYTHONPATH} VIRTUAL_ENV_PROMPT=(vir_env_main) /home/project/ASV/vir_env_main/bin/python3 -W ignore:setup.py install is deprecated -W ignore:easy_install command is deprecated setup.py egg_info --egg-base ../../build/gps build --build-base /home/project/ASV/ASV_new/build/gps/build install --record /home/project/ASV/ASV_new/build/gps/install.log --single-version-externally-managed install_data
