[3.029s] Invoking command in '/home/project/ASV/ASV_new/src/imu': DEBUGINFOD_URLS=https://debuginfod.ubuntu.com PYTHONPATH=/home/project/ASV/ASV_new/build/imu/prefix_override:/home/project/ASV/vir_env_main/lib/python3.12/site-packages/colcon_core/task/python/colcon_distutils_commands:/home/project/ASV/ASV_new/install/imu/lib/python3.12/site-packages:${PYTHONPATH} VIRTUAL_ENV_PROMPT=(vir_env_main) /home/project/ASV/vir_env_main/bin/python3 -W ignore:setup.py install is deprecated -W ignore:easy_install command is deprecated setup.py egg_info --egg-base ../../build/imu build --build-base /home/project/ASV/ASV_new/build/imu/build install --record /home/project/ASV/ASV_new/build/imu/install.log --single-version-externally-managed install_data
[3.839s] running egg_info
[4.032s] writing ../../build/imu/imu.egg-info/PKG-INFO
[4.032s] writing dependency_links to ../../build/imu/imu.egg-info/dependency_links.txt
[4.033s] writing entry points to ../../build/imu/imu.egg-info/entry_points.txt
[4.034s] writing requirements to ../../build/imu/imu.egg-info/requires.txt
[4.038s] writing top-level names to ../../build/imu/imu.egg-info/top_level.txt
[4.397s] reading manifest file '../../build/imu/imu.egg-info/SOURCES.txt'
[4.398s] writing manifest file '../../build/imu/imu.egg-info/SOURCES.txt'
[4.398s] running build
[4.398s] running build_py
[4.398s] copying imu/__init__.py -> /home/project/ASV/ASV_new/build/imu/build/lib/imu
[4.401s] copying imu/imu_logger.py -> /home/project/ASV/ASV_new/build/imu/build/lib/imu
[4.401s] copying imu/imu_publisher.py -> /home/project/ASV/ASV_new/build/imu/build/lib/imu
[4.401s] running install
[4.410s] running install_lib
[4.472s] copying /home/project/ASV/ASV_new/build/imu/build/lib/imu/imu_publisher.py -> /home/project/ASV/ASV_new/install/imu/lib/python3.12/site-packages/imu
[4.474s] byte-compiling /home/project/ASV/ASV_new/install/imu/lib/python3.12/site-packages/imu/imu_publisher.py to imu_publisher.cpython-312.pyc
[4.477s] running install_data
[4.478s] copying resource/imu -> /home/project/ASV/ASV_new/install/imu/share/ament_index/resource_index/packages
[4.479s] copying package.xml -> /home/project/ASV/ASV_new/install/imu/share/imu
[4.480s] running install_egg_info
[4.517s] removing '/home/project/ASV/ASV_new/install/imu/lib/python3.12/site-packages/imu-0.0.0-py3.12.egg-info' (and everything under it)
[4.523s] Copying ../../build/imu/imu.egg-info to /home/project/ASV/ASV_new/install/imu/lib/python3.12/site-packages/imu-0.0.0-py3.12.egg-info
[4.526s] running install_scripts
[4.630s] Installing imu_logger script to /home/project/ASV/ASV_new/install/imu/lib/imu
[4.631s] Installing imu_publisher script to /home/project/ASV/ASV_new/install/imu/lib/imu
[4.635s] writing list of installed files to '/home/project/ASV/ASV_new/build/imu/install.log'
[4.764s] Invoked command in '/home/project/ASV/ASV_new/src/imu' returned '0': DEBUGINFOD_URLS=https://debuginfod.ubuntu.com PYTHONPATH=/home/project/ASV/ASV_new/build/imu/prefix_override:/home/project/ASV/vir_env_main/lib/python3.12/site-packages/colcon_core/task/python/colcon_distutils_commands:/home/project/ASV/ASV_new/install/imu/lib/python3.12/site-packages:${PYTHONPATH} VIRTUAL_ENV_PROMPT=(vir_env_main) /home/project/ASV/vir_env_main/bin/python3 -W ignore:setup.py install is deprecated -W ignore:easy_install command is deprecated setup.py egg_info --egg-base ../../build/imu build --build-base /home/project/ASV/ASV_new/build/imu/build install --record /home/project/ASV/ASV_new/build/imu/install.log --single-version-externally-managed install_data
