running egg_info
creating ../../build/gps/gps.egg-info
writing ../../build/gps/gps.egg-info/PKG-INFO
writing dependency_links to ../../build/gps/gps.egg-info/dependency_links.txt
writing entry points to ../../build/gps/gps.egg-info/entry_points.txt
writing requirements to ../../build/gps/gps.egg-info/requires.txt
writing top-level names to ../../build/gps/gps.egg-info/top_level.txt
writing manifest file '../../build/gps/gps.egg-info/SOURCES.txt'
reading manifest file '../../build/gps/gps.egg-info/SOURCES.txt'
writing manifest file '../../build/gps/gps.egg-info/SOURCES.txt'
running build
running build_py
creating /home/project/ASV/ASV_new/build/gps/build/lib/gps
copying gps/gps_publisher.py -> /home/project/ASV/ASV_new/build/gps/build/lib/gps
copying gps/__init__.py -> /home/project/ASV/ASV_new/build/gps/build/lib/gps
running install
running install_lib
creating /home/project/ASV/ASV_new/install/gps/lib/python3.12/site-packages/gps
copying /home/project/ASV/ASV_new/build/gps/build/lib/gps/gps_publisher.py -> /home/project/ASV/ASV_new/install/gps/lib/python3.12/site-packages/gps
copying /home/project/ASV/ASV_new/build/gps/build/lib/gps/__init__.py -> /home/project/ASV/ASV_new/install/gps/lib/python3.12/site-packages/gps
byte-compiling /home/project/ASV/ASV_new/install/gps/lib/python3.12/site-packages/gps/gps_publisher.py to gps_publisher.cpython-312.pyc
byte-compiling /home/project/ASV/ASV_new/install/gps/lib/python3.12/site-packages/gps/__init__.py to __init__.cpython-312.pyc
running install_data
creating /home/project/ASV/ASV_new/install/gps/share/ament_index/resource_index/packages
copying resource/gps -> /home/project/ASV/ASV_new/install/gps/share/ament_index/resource_index/packages
copying package.xml -> /home/project/ASV/ASV_new/install/gps/share/gps
running install_egg_info
Copying ../../build/gps/gps.egg-info to /home/project/ASV/ASV_new/install/gps/lib/python3.12/site-packages/gps-0.0.0-py3.12.egg-info
running install_scripts
Installing gps_publisher script to /home/project/ASV/ASV_new/install/gps/lib/gps
writing list of installed files to '/home/project/ASV/ASV_new/build/gps/install.log'
