[3.637s] Invoking command in '/home/project/ASV/ASV_new/src/gps': DEBUGINFOD_URLS=https://debuginfod.ubuntu.com PS1=(vir_env_main) \[\e]0;\u@\h: \w\a\]${debian_chroot:+($debian_chroot)}\[\033[01;32m\]\u@\h\[\033[00m\]:\[\033[01;34m\]\w\[\033[00m\]\$ PYTHONPATH=/home/project/ASV/ASV_new/build/gps/prefix_override:/home/project/ASV/vir_env_main/lib/python3.12/site-packages/colcon_core/task/python/colcon_distutils_commands:/home/project/ASV/ASV_new/install/gps/lib/python3.12/site-packages:${PYTHONPATH} VIRTUAL_ENV_PROMPT=(vir_env_main) /home/project/ASV/vir_env_main/bin/python3.12 -W ignore:setup.py install is deprecated -W ignore:easy_install command is deprecated setup.py egg_info --egg-base ../../build/gps build --build-base /home/project/ASV/ASV_new/build/gps/build install --record /home/project/ASV/ASV_new/build/gps/install.log --install-scripts $base/lib/gps --single-version-externally-managed install_data
[4.378s] running egg_info
[4.419s] creating ../../build/gps/gps.egg-info
[4.419s] writing ../../build/gps/gps.egg-info/PKG-INFO
[4.425s] writing dependency_links to ../../build/gps/gps.egg-info/dependency_links.txt
[4.425s] writing entry points to ../../build/gps/gps.egg-info/entry_points.txt
[4.426s] writing requirements to ../../build/gps/gps.egg-info/requires.txt
[4.426s] writing top-level names to ../../build/gps/gps.egg-info/top_level.txt
[4.426s] writing manifest file '../../build/gps/gps.egg-info/SOURCES.txt'
[4.518s] reading manifest file '../../build/gps/gps.egg-info/SOURCES.txt'
[4.518s] writing manifest file '../../build/gps/gps.egg-info/SOURCES.txt'
[4.518s] running build
[4.519s] running build_py
[4.519s] creating /home/project/ASV/ASV_new/build/gps/build/lib/gps
[4.519s] copying gps/gps_publisher.py -> /home/project/ASV/ASV_new/build/gps/build/lib/gps
[4.520s] copying gps/__init__.py -> /home/project/ASV/ASV_new/build/gps/build/lib/gps
[4.521s] running install
[4.534s] running install_lib
[4.608s] creating /home/project/ASV/ASV_new/install/gps/lib/python3.12/site-packages/gps
[4.609s] copying /home/project/ASV/ASV_new/build/gps/build/lib/gps/gps_publisher.py -> /home/project/ASV/ASV_new/install/gps/lib/python3.12/site-packages/gps
[4.610s] copying /home/project/ASV/ASV_new/build/gps/build/lib/gps/__init__.py -> /home/project/ASV/ASV_new/install/gps/lib/python3.12/site-packages/gps
[4.614s] byte-compiling /home/project/ASV/ASV_new/install/gps/lib/python3.12/site-packages/gps/gps_publisher.py to gps_publisher.cpython-312.pyc
[4.617s] byte-compiling /home/project/ASV/ASV_new/install/gps/lib/python3.12/site-packages/gps/__init__.py to __init__.cpython-312.pyc
[4.619s] running install_data
[4.621s] creating /home/project/ASV/ASV_new/install/gps/share/ament_index/resource_index/packages
[4.622s] copying resource/gps -> /home/project/ASV/ASV_new/install/gps/share/ament_index/resource_index/packages
[4.622s] copying package.xml -> /home/project/ASV/ASV_new/install/gps/share/gps
[4.627s] running install_egg_info
[4.674s] Copying ../../build/gps/gps.egg-info to /home/project/ASV/ASV_new/install/gps/lib/python3.12/site-packages/gps-0.0.0-py3.12.egg-info
[4.680s] running install_scripts
[4.967s] Installing gps_publisher script to /home/project/ASV/ASV_new/install/gps/lib/gps
[4.973s] writing list of installed files to '/home/project/ASV/ASV_new/build/gps/install.log'
[5.814s] Invoked command in '/home/project/ASV/ASV_new/src/gps' returned '0': DEBUGINFOD_URLS=https://debuginfod.ubuntu.com PS1=(vir_env_main) \[\e]0;\u@\h: \w\a\]${debian_chroot:+($debian_chroot)}\[\033[01;32m\]\u@\h\[\033[00m\]:\[\033[01;34m\]\w\[\033[00m\]\$ PYTHONPATH=/home/project/ASV/ASV_new/build/gps/prefix_override:/home/project/ASV/vir_env_main/lib/python3.12/site-packages/colcon_core/task/python/colcon_distutils_commands:/home/project/ASV/ASV_new/install/gps/lib/python3.12/site-packages:${PYTHONPATH} VIRTUAL_ENV_PROMPT=(vir_env_main) /home/project/ASV/vir_env_main/bin/python3.12 -W ignore:setup.py install is deprecated -W ignore:easy_install command is deprecated setup.py egg_info --egg-base ../../build/gps build --build-base /home/project/ASV/ASV_new/build/gps/build install --record /home/project/ASV/ASV_new/build/gps/install.log --install-scripts $base/lib/gps --single-version-externally-managed install_data
