[2.346s] Invoking command in '/home/project/ASV/ASV_new/src/imu': DEBUGINFOD_URLS=https://debuginfod.ubuntu.com PS1=(vir_env_main) \[\e]0;\u@\h: \w\a\]${debian_chroot:+($debian_chroot)}\[\033[01;32m\]\u@\h\[\033[00m\]:\[\033[01;34m\]\w\[\033[00m\]\$ PYTHONPATH=/home/project/ASV/ASV_new/build/imu/prefix_override:/home/project/ASV/vir_env_main/lib/python3.12/site-packages/colcon_core/task/python/colcon_distutils_commands:/home/project/ASV/ASV_new/install/imu/lib/python3.12/site-packages:${PYTHONPATH} VIRTUAL_ENV_PROMPT=(vir_env_main) /home/project/ASV/vir_env_main/bin/python3 -W ignore:setup.py install is deprecated -W ignore:easy_install command is deprecated setup.py egg_info --egg-base ../../build/imu build --build-base /home/project/ASV/ASV_new/build/imu/build install --record /home/project/ASV/ASV_new/build/imu/install.log --single-version-externally-managed install_data
[2.688s] /home/project/ASV/vir_env_main/lib/python3.12/site-packages/setuptools/_distutils/dist.py:289: UserWarning: Unknown distribution option: 'tests_require'
[2.689s]   warnings.warn(msg)
[2.843s] running egg_info
[2.860s] writing ../../build/imu/imu.egg-info/PKG-INFO
[2.861s] writing dependency_links to ../../build/imu/imu.egg-info/dependency_links.txt
[2.865s] writing entry points to ../../build/imu/imu.egg-info/entry_points.txt
[2.867s] writing requirements to ../../build/imu/imu.egg-info/requires.txt
[2.871s] writing top-level names to ../../build/imu/imu.egg-info/top_level.txt
[2.939s] reading manifest file '../../build/imu/imu.egg-info/SOURCES.txt'
[2.942s] writing manifest file '../../build/imu/imu.egg-info/SOURCES.txt'
[2.943s] running build
[2.944s] running build_py
[2.945s] copying imu/__init__.py -> /home/project/ASV/ASV_new/build/imu/build/lib/imu
[2.949s] copying imu/imu_logger.py -> /home/project/ASV/ASV_new/build/imu/build/lib/imu
[2.950s] copying imu/imu_publisher.py -> /home/project/ASV/ASV_new/build/imu/build/lib/imu
[2.951s] running install
[2.970s] running install_lib
[2.998s] copying /home/project/ASV/ASV_new/build/imu/build/lib/imu/imu_publisher.py -> /home/project/ASV/ASV_new/install/imu/lib/python3.12/site-packages/imu
[2.999s] byte-compiling /home/project/ASV/ASV_new/install/imu/lib/python3.12/site-packages/imu/imu_publisher.py to imu_publisher.cpython-312.pyc
[3.001s] running install_data
[3.002s] copying resource/imu -> /home/project/ASV/ASV_new/install/imu/share/ament_index/resource_index/packages
[3.002s] copying package.xml -> /home/project/ASV/ASV_new/install/imu/share/imu
[3.002s] running install_egg_info
[3.037s] removing '/home/project/ASV/ASV_new/install/imu/lib/python3.12/site-packages/imu-0.0.0-py3.12.egg-info' (and everything under it)
[3.039s] Copying ../../build/imu/imu.egg-info to /home/project/ASV/ASV_new/install/imu/lib/python3.12/site-packages/imu-0.0.0-py3.12.egg-info
[3.039s] running install_scripts
[3.103s] Installing imu_logger script to /home/project/ASV/ASV_new/install/imu/lib/imu
[3.103s] Installing imu_publisher script to /home/project/ASV/ASV_new/install/imu/lib/imu
[3.109s] writing list of installed files to '/home/project/ASV/ASV_new/build/imu/install.log'
[3.271s] Invoked command in '/home/project/ASV/ASV_new/src/imu' returned '0': DEBUGINFOD_URLS=https://debuginfod.ubuntu.com PS1=(vir_env_main) \[\e]0;\u@\h: \w\a\]${debian_chroot:+($debian_chroot)}\[\033[01;32m\]\u@\h\[\033[00m\]:\[\033[01;34m\]\w\[\033[00m\]\$ PYTHONPATH=/home/project/ASV/ASV_new/build/imu/prefix_override:/home/project/ASV/vir_env_main/lib/python3.12/site-packages/colcon_core/task/python/colcon_distutils_commands:/home/project/ASV/ASV_new/install/imu/lib/python3.12/site-packages:${PYTHONPATH} VIRTUAL_ENV_PROMPT=(vir_env_main) /home/project/ASV/vir_env_main/bin/python3 -W ignore:setup.py install is deprecated -W ignore:easy_install command is deprecated setup.py egg_info --egg-base ../../build/imu build --build-base /home/project/ASV/ASV_new/build/imu/build install --record /home/project/ASV/ASV_new/build/imu/install.log --single-version-externally-managed install_data
