[2.414s] Invoking command in '/home/project/ASV/ASV_new/src/imu': DEBUGINFOD_URLS=https://debuginfod.ubuntu.com PS1=(vir_env_main) \[\e]0;\u@\h: \w\a\]${debian_chroot:+($debian_chroot)}\[\033[01;32m\]\u@\h\[\033[00m\]:\[\033[01;34m\]\w\[\033[00m\]\$ PYTHONPATH=/home/project/ASV/ASV_new/build/imu/prefix_override:/home/project/ASV/vir_env_main/lib/python3.12/site-packages/colcon_core/task/python/colcon_distutils_commands:/home/project/ASV/ASV_new/install/imu/lib/python3.12/site-packages:${PYTHONPATH} VIRTUAL_ENV_PROMPT=(vir_env_main) /home/project/ASV/vir_env_main/bin/python3 -W ignore:setup.py install is deprecated -W ignore:easy_install command is deprecated setup.py egg_info --egg-base ../../build/imu build --build-base /home/project/ASV/ASV_new/build/imu/build install --record /home/project/ASV/ASV_new/build/imu/install.log --single-version-externally-managed install_data
[2.940s] running egg_info
[2.961s] writing ../../build/imu/imu.egg-info/PKG-INFO
[2.964s] writing dependency_links to ../../build/imu/imu.egg-info/dependency_links.txt
[2.969s] writing entry points to ../../build/imu/imu.egg-info/entry_points.txt
[2.969s] writing requirements to ../../build/imu/imu.egg-info/requires.txt
[2.975s] writing top-level names to ../../build/imu/imu.egg-info/top_level.txt
[3.042s] reading manifest file '../../build/imu/imu.egg-info/SOURCES.txt'
[3.044s] writing manifest file '../../build/imu/imu.egg-info/SOURCES.txt'
[3.045s] running build
[3.045s] running build_py
[3.045s] copying imu/__init__.py -> /home/project/ASV/ASV_new/build/imu/build/lib/imu
[3.046s] copying imu/imu_logger.py -> /home/project/ASV/ASV_new/build/imu/build/lib/imu
[3.046s] copying imu/imu_publisher.py -> /home/project/ASV/ASV_new/build/imu/build/lib/imu
[3.047s] running install
[3.056s] running install_lib
[3.086s] running install_data
[3.086s] copying resource/imu -> /home/project/ASV/ASV_new/install/imu/share/ament_index/resource_index/packages
[3.087s] copying package.xml -> /home/project/ASV/ASV_new/install/imu/share/imu
[3.088s] running install_egg_info
[3.136s] removing '/home/project/ASV/ASV_new/install/imu/lib/python3.12/site-packages/imu-0.0.0-py3.12.egg-info' (and everything under it)
[3.137s] Copying ../../build/imu/imu.egg-info to /home/project/ASV/ASV_new/install/imu/lib/python3.12/site-packages/imu-0.0.0-py3.12.egg-info
[3.140s] running install_scripts
[3.221s] Installing imu_logger script to /home/project/ASV/ASV_new/install/imu/lib/imu
[3.221s] Installing imu_publisher script to /home/project/ASV/ASV_new/install/imu/lib/imu
[3.222s] writing list of installed files to '/home/project/ASV/ASV_new/build/imu/install.log'
[3.376s] Invoked command in '/home/project/ASV/ASV_new/src/imu' returned '0': DEBUGINFOD_URLS=https://debuginfod.ubuntu.com PS1=(vir_env_main) \[\e]0;\u@\h: \w\a\]${debian_chroot:+($debian_chroot)}\[\033[01;32m\]\u@\h\[\033[00m\]:\[\033[01;34m\]\w\[\033[00m\]\$ PYTHONPATH=/home/project/ASV/ASV_new/build/imu/prefix_override:/home/project/ASV/vir_env_main/lib/python3.12/site-packages/colcon_core/task/python/colcon_distutils_commands:/home/project/ASV/ASV_new/install/imu/lib/python3.12/site-packages:${PYTHONPATH} VIRTUAL_ENV_PROMPT=(vir_env_main) /home/project/ASV/vir_env_main/bin/python3 -W ignore:setup.py install is deprecated -W ignore:easy_install command is deprecated setup.py egg_info --egg-base ../../build/imu build --build-base /home/project/ASV/ASV_new/build/imu/build install --record /home/project/ASV/ASV_new/build/imu/install.log --single-version-externally-managed install_data
