[3.862s] Invoking command in '/home/project/ASV/ASV_new/src/imu': DEBUGINFOD_URLS=https://debuginfod.ubuntu.com PYTHONPATH=/home/project/ASV/ASV_new/build/imu/prefix_override:/home/project/ASV/vir_env_main/lib/python3.12/site-packages/colcon_core/task/python/colcon_distutils_commands:/home/project/ASV/ASV_new/install/imu/lib/python3.12/site-packages:${PYTHONPATH} VIRTUAL_ENV_PROMPT=(vir_env_main) /home/project/ASV/vir_env_main/bin/python3 -W ignore:setup.py install is deprecated -W ignore:easy_install command is deprecated setup.py egg_info --egg-base ../../build/imu build --build-base /home/project/ASV/ASV_new/build/imu/build install --record /home/project/ASV/ASV_new/build/imu/install.log --single-version-externally-managed install_data
[5.413s] running egg_info
[5.501s] writing ../../build/imu/imu.egg-info/PKG-INFO
[5.520s] writing dependency_links to ../../build/imu/imu.egg-info/dependency_links.txt
[5.523s] writing entry points to ../../build/imu/imu.egg-info/entry_points.txt
[5.524s] writing requirements to ../../build/imu/imu.egg-info/requires.txt
[5.540s] writing top-level names to ../../build/imu/imu.egg-info/top_level.txt
[5.796s] reading manifest file '../../build/imu/imu.egg-info/SOURCES.txt'
[5.808s] writing manifest file '../../build/imu/imu.egg-info/SOURCES.txt'
[5.808s] running build
[5.808s] running build_py
[5.808s] copying imu/__init__.py -> /home/project/ASV/ASV_new/build/imu/build/lib/imu
[5.823s] copying imu/imu_logger.py -> /home/project/ASV/ASV_new/build/imu/build/lib/imu
[5.823s] copying imu/imu_publisher.py -> /home/project/ASV/ASV_new/build/imu/build/lib/imu
[5.823s] running install
[5.840s] running install_lib
[5.888s] copying /home/project/ASV/ASV_new/build/imu/build/lib/imu/imu_publisher.py -> /home/project/ASV/ASV_new/install/imu/lib/python3.12/site-packages/imu
[5.903s] byte-compiling /home/project/ASV/ASV_new/install/imu/lib/python3.12/site-packages/imu/imu_publisher.py to imu_publisher.cpython-312.pyc
[5.905s] running install_data
[5.910s] copying resource/imu -> /home/project/ASV/ASV_new/install/imu/share/ament_index/resource_index/packages
[5.910s] copying package.xml -> /home/project/ASV/ASV_new/install/imu/share/imu
[5.910s] running install_egg_info
[5.940s] removing '/home/project/ASV/ASV_new/install/imu/lib/python3.12/site-packages/imu-0.0.0-py3.12.egg-info' (and everything under it)
[5.940s] Copying ../../build/imu/imu.egg-info to /home/project/ASV/ASV_new/install/imu/lib/python3.12/site-packages/imu-0.0.0-py3.12.egg-info
[5.940s] running install_scripts
[6.023s] Installing imu_logger script to /home/project/ASV/ASV_new/install/imu/lib/imu
[6.028s] Installing imu_publisher script to /home/project/ASV/ASV_new/install/imu/lib/imu
[6.029s] writing list of installed files to '/home/project/ASV/ASV_new/build/imu/install.log'
[6.240s] Invoked command in '/home/project/ASV/ASV_new/src/imu' returned '0': DEBUGINFOD_URLS=https://debuginfod.ubuntu.com PYTHONPATH=/home/project/ASV/ASV_new/build/imu/prefix_override:/home/project/ASV/vir_env_main/lib/python3.12/site-packages/colcon_core/task/python/colcon_distutils_commands:/home/project/ASV/ASV_new/install/imu/lib/python3.12/site-packages:${PYTHONPATH} VIRTUAL_ENV_PROMPT=(vir_env_main) /home/project/ASV/vir_env_main/bin/python3 -W ignore:setup.py install is deprecated -W ignore:easy_install command is deprecated setup.py egg_info --egg-base ../../build/imu build --build-base /home/project/ASV/ASV_new/build/imu/build install --record /home/project/ASV/ASV_new/build/imu/install.log --single-version-externally-managed install_data
