[0.196s] DEBUG:colcon:Command line arguments: ['/home/project/ASV/vir_env_main/bin/colcon', 'build']
[0.196s] DEBUG:colcon:Parsed command line arguments: Namespace(log_base=None, log_level=None, verb_name='build', build_base='build', install_base='install', merge_install=False, symlink_install=False, test_result_base=None, continue_on_error=False, executor='parallel', parallel_workers=4, event_handlers=None, ignore_user_meta=False, metas=['./colcon.meta'], base_paths=['.'], packages_ignore=None, packages_ignore_regex=None, paths=None, packages_up_to=None, packages_up_to_regex=None, packages_above=None, packages_above_and_dependencies=None, packages_above_depth=None, packages_select_by_dep=None, packages_skip_by_dep=None, packages_skip_up_to=None, packages_select_build_failed=False, packages_skip_build_finished=False, packages_select_test_failures=False, packages_skip_test_passed=False, packages_select=None, packages_skip=None, packages_select_regex=None, packages_skip_regex=None, packages_start=None, packages_end=None, cmake_args=None, cmake_target=None, cmake_target_skip_unavailable=False, cmake_clean_cache=False, cmake_clean_first=False, cmake_force_configure=False, ament_cmake_args=None, catkin_cmake_args=None, catkin_skip_building_tests=False, verb_parser=<colcon_defaults.argument_parser.defaults.DefaultArgumentsDecorator object at 0xffffb390a000>, verb_extension=<colcon_core.verb.build.BuildVerb object at 0xffffb3909c10>, main=<bound method BuildVerb.main of <colcon_core.verb.build.BuildVerb object at 0xffffb3909c10>>)
[0.253s] Level 1:colcon.colcon_core.package_discovery:discover_packages(colcon_meta) check parameters
[0.254s] Level 1:colcon.colcon_core.package_discovery:discover_packages(recursive) check parameters
[0.254s] Level 1:colcon.colcon_core.package_discovery:discover_packages(ignore) check parameters
[0.254s] Level 1:colcon.colcon_core.package_discovery:discover_packages(path) check parameters
[0.254s] Level 1:colcon.colcon_core.package_discovery:discover_packages(colcon_meta) discover
[0.254s] Level 1:colcon.colcon_core.package_discovery:discover_packages(recursive) discover
[0.254s] INFO:colcon.colcon_core.package_discovery:Crawling recursively for packages in '/home/project/ASV/ASV_new'
[0.254s] Level 1:colcon.colcon_core.package_identification:_identify(.) by extensions ['ignore', 'ignore_ament_install']
[0.254s] Level 1:colcon.colcon_core.package_identification:_identify(.) by extension 'ignore'
[0.254s] Level 1:colcon.colcon_core.package_identification:_identify(.) by extension 'ignore_ament_install'
[0.254s] Level 1:colcon.colcon_core.package_identification:_identify(.) by extensions ['colcon_pkg']
[0.254s] Level 1:colcon.colcon_core.package_identification:_identify(.) by extension 'colcon_pkg'
[0.254s] Level 1:colcon.colcon_core.package_identification:_identify(.) by extensions ['colcon_meta']
[0.254s] Level 1:colcon.colcon_core.package_identification:_identify(.) by extension 'colcon_meta'
[0.254s] Level 1:colcon.colcon_core.package_identification:_identify(.) by extensions ['ros']
[0.254s] Level 1:colcon.colcon_core.package_identification:_identify(.) by extension 'ros'
[0.293s] Level 1:colcon.colcon_core.package_identification:_identify(.) by extensions ['cmake', 'python']
[0.293s] Level 1:colcon.colcon_core.package_identification:_identify(.) by extension 'cmake'
[0.293s] Level 1:colcon.colcon_core.package_identification:_identify(.) by extension 'python'
[0.293s] Level 1:colcon.colcon_core.package_identification:_identify(.) by extensions ['python_setup_py']
[0.293s] Level 1:colcon.colcon_core.package_identification:_identify(.) by extension 'python_setup_py'
[0.293s] Level 1:colcon.colcon_core.package_identification:_identify(build) by extensions ['ignore', 'ignore_ament_install']
[0.293s] Level 1:colcon.colcon_core.package_identification:_identify(build) by extension 'ignore'
[0.293s] Level 1:colcon.colcon_core.package_identification:_identify(build) ignored
[0.293s] Level 1:colcon.colcon_core.package_identification:_identify(install) by extensions ['ignore', 'ignore_ament_install']
[0.294s] Level 1:colcon.colcon_core.package_identification:_identify(install) by extension 'ignore'
[0.294s] Level 1:colcon.colcon_core.package_identification:_identify(install) ignored
[0.294s] Level 1:colcon.colcon_core.package_identification:_identify(log) by extensions ['ignore', 'ignore_ament_install']
[0.294s] Level 1:colcon.colcon_core.package_identification:_identify(log) by extension 'ignore'
[0.294s] Level 1:colcon.colcon_core.package_identification:_identify(log) ignored
[0.294s] Level 1:colcon.colcon_core.package_identification:_identify(src) by extensions ['ignore', 'ignore_ament_install']
[0.294s] Level 1:colcon.colcon_core.package_identification:_identify(src) by extension 'ignore'
[0.294s] Level 1:colcon.colcon_core.package_identification:_identify(src) by extension 'ignore_ament_install'
[0.294s] Level 1:colcon.colcon_core.package_identification:_identify(src) by extensions ['colcon_pkg']
[0.294s] Level 1:colcon.colcon_core.package_identification:_identify(src) by extension 'colcon_pkg'
[0.294s] Level 1:colcon.colcon_core.package_identification:_identify(src) by extensions ['colcon_meta']
[0.294s] Level 1:colcon.colcon_core.package_identification:_identify(src) by extension 'colcon_meta'
[0.294s] Level 1:colcon.colcon_core.package_identification:_identify(src) by extensions ['ros']
[0.294s] Level 1:colcon.colcon_core.package_identification:_identify(src) by extension 'ros'
[0.294s] Level 1:colcon.colcon_core.package_identification:_identify(src) by extensions ['cmake', 'python']
[0.294s] Level 1:colcon.colcon_core.package_identification:_identify(src) by extension 'cmake'
[0.295s] Level 1:colcon.colcon_core.package_identification:_identify(src) by extension 'python'
[0.295s] Level 1:colcon.colcon_core.package_identification:_identify(src) by extensions ['python_setup_py']
[0.295s] Level 1:colcon.colcon_core.package_identification:_identify(src) by extension 'python_setup_py'
[0.295s] Level 1:colcon.colcon_core.package_identification:_identify(src/imu) by extensions ['ignore', 'ignore_ament_install']
[0.295s] Level 1:colcon.colcon_core.package_identification:_identify(src/imu) by extension 'ignore'
[0.295s] Level 1:colcon.colcon_core.package_identification:_identify(src/imu) by extension 'ignore_ament_install'
[0.295s] Level 1:colcon.colcon_core.package_identification:_identify(src/imu) by extensions ['colcon_pkg']
[0.295s] Level 1:colcon.colcon_core.package_identification:_identify(src/imu) by extension 'colcon_pkg'
[0.295s] Level 1:colcon.colcon_core.package_identification:_identify(src/imu) by extensions ['colcon_meta']
[0.295s] Level 1:colcon.colcon_core.package_identification:_identify(src/imu) by extension 'colcon_meta'
[0.295s] Level 1:colcon.colcon_core.package_identification:_identify(src/imu) by extensions ['ros']
[0.295s] Level 1:colcon.colcon_core.package_identification:_identify(src/imu) by extension 'ros'
[0.300s] DEBUG:colcon.colcon_core.package_identification:Package 'src/imu' with type 'ros.ament_python' and name 'imu'
[0.300s] Level 1:colcon.colcon_core.package_identification:_identify(src/thruster) by extensions ['ignore', 'ignore_ament_install']
[0.301s] Level 1:colcon.colcon_core.package_identification:_identify(src/thruster) by extension 'ignore'
[0.301s] Level 1:colcon.colcon_core.package_identification:_identify(src/thruster) by extension 'ignore_ament_install'
[0.301s] Level 1:colcon.colcon_core.package_identification:_identify(src/thruster) by extensions ['colcon_pkg']
[0.301s] Level 1:colcon.colcon_core.package_identification:_identify(src/thruster) by extension 'colcon_pkg'
[0.301s] Level 1:colcon.colcon_core.package_identification:_identify(src/thruster) by extensions ['colcon_meta']
[0.301s] Level 1:colcon.colcon_core.package_identification:_identify(src/thruster) by extension 'colcon_meta'
[0.301s] Level 1:colcon.colcon_core.package_identification:_identify(src/thruster) by extensions ['ros']
[0.301s] Level 1:colcon.colcon_core.package_identification:_identify(src/thruster) by extension 'ros'
[0.302s] DEBUG:colcon.colcon_core.package_identification:Package 'src/thruster' with type 'ros.ament_python' and name 'thruster'
[0.302s] Level 1:colcon.colcon_core.package_discovery:discover_packages(recursive) using defaults
[0.302s] Level 1:colcon.colcon_core.package_discovery:discover_packages(ignore) discover
[0.302s] Level 1:colcon.colcon_core.package_discovery:discover_packages(ignore) using defaults
[0.302s] Level 1:colcon.colcon_core.package_discovery:discover_packages(path) discover
[0.302s] Level 1:colcon.colcon_core.package_discovery:discover_packages(path) using defaults
[0.324s] Level 5:colcon.colcon_core.verb:set package 'imu' build argument 'cmake_args' from command line to 'None'
[0.324s] Level 5:colcon.colcon_core.verb:set package 'imu' build argument 'cmake_target' from command line to 'None'
[0.324s] Level 5:colcon.colcon_core.verb:set package 'imu' build argument 'cmake_target_skip_unavailable' from command line to 'False'
[0.324s] Level 5:colcon.colcon_core.verb:set package 'imu' build argument 'cmake_clean_cache' from command line to 'False'
[0.324s] Level 5:colcon.colcon_core.verb:set package 'imu' build argument 'cmake_clean_first' from command line to 'False'
[0.324s] Level 5:colcon.colcon_core.verb:set package 'imu' build argument 'cmake_force_configure' from command line to 'False'
[0.324s] Level 5:colcon.colcon_core.verb:set package 'imu' build argument 'ament_cmake_args' from command line to 'None'
[0.324s] Level 5:colcon.colcon_core.verb:set package 'imu' build argument 'catkin_cmake_args' from command line to 'None'
[0.324s] Level 5:colcon.colcon_core.verb:set package 'imu' build argument 'catkin_skip_building_tests' from command line to 'False'
[0.324s] DEBUG:colcon.colcon_core.verb:Building package 'imu' with the following arguments: {'ament_cmake_args': None, 'build_base': '/home/project/ASV/ASV_new/build/imu', 'catkin_cmake_args': None, 'catkin_skip_building_tests': False, 'cmake_args': None, 'cmake_clean_cache': False, 'cmake_clean_first': False, 'cmake_force_configure': False, 'cmake_target': None, 'cmake_target_skip_unavailable': False, 'install_base': '/home/project/ASV/ASV_new/install/imu', 'merge_install': False, 'path': '/home/project/ASV/ASV_new/src/imu', 'symlink_install': False, 'test_result_base': None}
[0.325s] Level 5:colcon.colcon_core.verb:set package 'thruster' build argument 'cmake_args' from command line to 'None'
[0.325s] Level 5:colcon.colcon_core.verb:set package 'thruster' build argument 'cmake_target' from command line to 'None'
[0.325s] Level 5:colcon.colcon_core.verb:set package 'thruster' build argument 'cmake_target_skip_unavailable' from command line to 'False'
[0.325s] Level 5:colcon.colcon_core.verb:set package 'thruster' build argument 'cmake_clean_cache' from command line to 'False'
[0.325s] Level 5:colcon.colcon_core.verb:set package 'thruster' build argument 'cmake_clean_first' from command line to 'False'
[0.325s] Level 5:colcon.colcon_core.verb:set package 'thruster' build argument 'cmake_force_configure' from command line to 'False'
[0.325s] Level 5:colcon.colcon_core.verb:set package 'thruster' build argument 'ament_cmake_args' from command line to 'None'
[0.325s] Level 5:colcon.colcon_core.verb:set package 'thruster' build argument 'catkin_cmake_args' from command line to 'None'
[0.325s] Level 5:colcon.colcon_core.verb:set package 'thruster' build argument 'catkin_skip_building_tests' from command line to 'False'
[0.325s] DEBUG:colcon.colcon_core.verb:Building package 'thruster' with the following arguments: {'ament_cmake_args': None, 'build_base': '/home/project/ASV/ASV_new/build/thruster', 'catkin_cmake_args': None, 'catkin_skip_building_tests': False, 'cmake_args': None, 'cmake_clean_cache': False, 'cmake_clean_first': False, 'cmake_force_configure': False, 'cmake_target': None, 'cmake_target_skip_unavailable': False, 'install_base': '/home/project/ASV/ASV_new/install/thruster', 'merge_install': False, 'path': '/home/project/ASV/ASV_new/src/thruster', 'symlink_install': False, 'test_result_base': None}
[0.325s] INFO:colcon.colcon_core.executor:Executing jobs using 'parallel' executor
[0.326s] DEBUG:colcon.colcon_parallel_executor.executor.parallel:run_until_complete
[0.327s] INFO:colcon.colcon_ros.task.ament_python.build:Building ROS package in '/home/project/ASV/ASV_new/src/imu' with build type 'ament_python'
[0.327s] Level 1:colcon.colcon_core.shell:create_environment_hook('imu', 'ament_prefix_path')
[0.332s] INFO:colcon.colcon_core.plugin_system:Skipping extension 'colcon_core.shell.bat': Not used on non-Windows systems
[0.332s] INFO:colcon.colcon_core.shell:Creating environment hook '/home/project/ASV/ASV_new/install/imu/share/imu/hook/ament_prefix_path.ps1'
[0.335s] INFO:colcon.colcon_core.shell:Creating environment descriptor '/home/project/ASV/ASV_new/install/imu/share/imu/hook/ament_prefix_path.dsv'
[0.338s] INFO:colcon.colcon_core.shell:Creating environment hook '/home/project/ASV/ASV_new/install/imu/share/imu/hook/ament_prefix_path.sh'
[0.340s] INFO:colcon.colcon_core.shell:Skip shell extension 'powershell' for command environment: Not usable outside of PowerShell
[0.340s] DEBUG:colcon.colcon_core.shell:Skip shell extension 'dsv' for command environment
[0.348s] INFO:colcon.colcon_ros.task.ament_python.build:Building ROS package in '/home/project/ASV/ASV_new/src/thruster' with build type 'ament_python'
[0.348s] Level 1:colcon.colcon_core.shell:create_environment_hook('thruster', 'ament_prefix_path')
[0.348s] INFO:colcon.colcon_core.shell:Creating environment hook '/home/project/ASV/ASV_new/install/thruster/share/thruster/hook/ament_prefix_path.ps1'
[0.349s] INFO:colcon.colcon_core.shell:Creating environment descriptor '/home/project/ASV/ASV_new/install/thruster/share/thruster/hook/ament_prefix_path.dsv'
[0.350s] INFO:colcon.colcon_core.shell:Creating environment hook '/home/project/ASV/ASV_new/install/thruster/share/thruster/hook/ament_prefix_path.sh'
[0.352s] INFO:colcon.colcon_core.shell:Skip shell extension 'powershell' for command environment: Not usable outside of PowerShell
[0.352s] DEBUG:colcon.colcon_core.shell:Skip shell extension 'dsv' for command environment
[0.685s] INFO:colcon.colcon_core.task.python.build:Building Python package in '/home/project/ASV/ASV_new/src/imu'
[0.685s] INFO:colcon.colcon_core.shell:Skip shell extension 'powershell' for command environment: Not usable outside of PowerShell
[0.685s] DEBUG:colcon.colcon_core.shell:Skip shell extension 'dsv' for command environment
[1.010s] INFO:colcon.colcon_core.task.python.build:Building Python package in '/home/project/ASV/ASV_new/src/thruster'
[1.010s] INFO:colcon.colcon_core.shell:Skip shell extension 'powershell' for command environment: Not usable outside of PowerShell
[1.010s] DEBUG:colcon.colcon_core.shell:Skip shell extension 'dsv' for command environment
[1.638s] DEBUG:colcon.colcon_core.event_handler.log_command:Invoking command in '/home/project/ASV/ASV_new/src/imu': DEBUGINFOD_URLS=https://debuginfod.ubuntu.com PS1=(vir_env_main) \[\e]0;\u@\h: \w\a\]${debian_chroot:+($debian_chroot)}\[\033[01;32m\]\u@\h\[\033[00m\]:\[\033[01;34m\]\w\[\033[00m\]\$ PYTHONPATH=/home/project/ASV/ASV_new/build/imu/prefix_override:/home/project/ASV/vir_env_main/lib/python3.12/site-packages/colcon_core/task/python/colcon_distutils_commands:/home/project/ASV/ASV_new/install/imu/lib/python3.12/site-packages:${PYTHONPATH} VIRTUAL_ENV_PROMPT=(vir_env_main) /home/project/ASV/vir_env_main/bin/python3 -W ignore:setup.py install is deprecated -W ignore:easy_install command is deprecated setup.py egg_info --egg-base ../../build/imu build --build-base /home/project/ASV/ASV_new/build/imu/build install --record /home/project/ASV/ASV_new/build/imu/install.log --single-version-externally-managed install_data
[1.652s] DEBUG:colcon.colcon_core.event_handler.log_command:Invoking command in '/home/project/ASV/ASV_new/src/thruster': DEBUGINFOD_URLS=https://debuginfod.ubuntu.com PS1=(vir_env_main) \[\e]0;\u@\h: \w\a\]${debian_chroot:+($debian_chroot)}\[\033[01;32m\]\u@\h\[\033[00m\]:\[\033[01;34m\]\w\[\033[00m\]\$ PYTHONPATH=/home/project/ASV/ASV_new/build/thruster/prefix_override:/home/project/ASV/vir_env_main/lib/python3.12/site-packages/colcon_core/task/python/colcon_distutils_commands:/home/project/ASV/ASV_new/install/thruster/lib/python3.12/site-packages:${PYTHONPATH} VIRTUAL_ENV_PROMPT=(vir_env_main) /home/project/ASV/vir_env_main/bin/python3 -W ignore:setup.py install is deprecated -W ignore:easy_install command is deprecated setup.py egg_info --egg-base ../../build/thruster build --build-base /home/project/ASV/ASV_new/build/thruster/build install --record /home/project/ASV/ASV_new/build/thruster/install.log --single-version-externally-managed install_data
[2.277s] DEBUG:colcon.colcon_core.event_handler.log_command:Invoked command in '/home/project/ASV/ASV_new/src/imu' returned '0': DEBUGINFOD_URLS=https://debuginfod.ubuntu.com PS1=(vir_env_main) \[\e]0;\u@\h: \w\a\]${debian_chroot:+($debian_chroot)}\[\033[01;32m\]\u@\h\[\033[00m\]:\[\033[01;34m\]\w\[\033[00m\]\$ PYTHONPATH=/home/project/ASV/ASV_new/build/imu/prefix_override:/home/project/ASV/vir_env_main/lib/python3.12/site-packages/colcon_core/task/python/colcon_distutils_commands:/home/project/ASV/ASV_new/install/imu/lib/python3.12/site-packages:${PYTHONPATH} VIRTUAL_ENV_PROMPT=(vir_env_main) /home/project/ASV/vir_env_main/bin/python3 -W ignore:setup.py install is deprecated -W ignore:easy_install command is deprecated setup.py egg_info --egg-base ../../build/imu build --build-base /home/project/ASV/ASV_new/build/imu/build install --record /home/project/ASV/ASV_new/build/imu/install.log --single-version-externally-managed install_data
[2.280s] Level 1:colcon.colcon_core.environment:checking '/home/project/ASV/ASV_new/install/imu' for CMake module files
[2.281s] Level 1:colcon.colcon_core.environment:checking '/home/project/ASV/ASV_new/install/imu' for CMake config files
[2.282s] Level 1:colcon.colcon_core.environment:checking '/home/project/ASV/ASV_new/install/imu/lib'
[2.282s] Level 1:colcon.colcon_core.environment:checking '/home/project/ASV/ASV_new/install/imu/bin'
[2.282s] Level 1:colcon.colcon_core.environment:checking '/home/project/ASV/ASV_new/install/imu/lib/pkgconfig/imu.pc'
[2.282s] Level 1:colcon.colcon_core.environment:checking '/home/project/ASV/ASV_new/install/imu/lib/python3.12/site-packages'
[2.283s] Level 1:colcon.colcon_core.shell:create_environment_hook('imu', 'pythonpath')
[2.283s] INFO:colcon.colcon_core.shell:Creating environment hook '/home/project/ASV/ASV_new/install/imu/share/imu/hook/pythonpath.ps1'
[2.284s] INFO:colcon.colcon_core.shell:Creating environment descriptor '/home/project/ASV/ASV_new/install/imu/share/imu/hook/pythonpath.dsv'
[2.285s] INFO:colcon.colcon_core.shell:Creating environment hook '/home/project/ASV/ASV_new/install/imu/share/imu/hook/pythonpath.sh'
[2.286s] Level 1:colcon.colcon_core.environment:checking '/home/project/ASV/ASV_new/install/imu/bin'
[2.287s] Level 1:colcon.colcon_core.environment:create_environment_scripts_only(imu)
[2.287s] INFO:colcon.colcon_core.shell:Creating package script '/home/project/ASV/ASV_new/install/imu/share/imu/package.ps1'
[2.289s] INFO:colcon.colcon_core.shell:Creating package descriptor '/home/project/ASV/ASV_new/install/imu/share/imu/package.dsv'
[2.290s] INFO:colcon.colcon_core.shell:Creating package script '/home/project/ASV/ASV_new/install/imu/share/imu/package.sh'
[2.292s] INFO:colcon.colcon_core.shell:Creating package script '/home/project/ASV/ASV_new/install/imu/share/imu/package.bash'
[2.293s] INFO:colcon.colcon_core.shell:Creating package script '/home/project/ASV/ASV_new/install/imu/share/imu/package.zsh'
[2.295s] Level 1:colcon.colcon_core.environment:create_file_with_runtime_dependencies(/home/project/ASV/ASV_new/install/imu/share/colcon-core/packages/imu)
[2.299s] Level 1:colcon.colcon_core.environment:checking '/home/project/ASV/ASV_new/install/thruster' for CMake module files
[2.299s] DEBUG:colcon.colcon_core.event_handler.log_command:Invoked command in '/home/project/ASV/ASV_new/src/thruster' returned '0': DEBUGINFOD_URLS=https://debuginfod.ubuntu.com PS1=(vir_env_main) \[\e]0;\u@\h: \w\a\]${debian_chroot:+($debian_chroot)}\[\033[01;32m\]\u@\h\[\033[00m\]:\[\033[01;34m\]\w\[\033[00m\]\$ PYTHONPATH=/home/project/ASV/ASV_new/build/thruster/prefix_override:/home/project/ASV/vir_env_main/lib/python3.12/site-packages/colcon_core/task/python/colcon_distutils_commands:/home/project/ASV/ASV_new/install/thruster/lib/python3.12/site-packages:${PYTHONPATH} VIRTUAL_ENV_PROMPT=(vir_env_main) /home/project/ASV/vir_env_main/bin/python3 -W ignore:setup.py install is deprecated -W ignore:easy_install command is deprecated setup.py egg_info --egg-base ../../build/thruster build --build-base /home/project/ASV/ASV_new/build/thruster/build install --record /home/project/ASV/ASV_new/build/thruster/install.log --single-version-externally-managed install_data
[2.300s] Level 1:colcon.colcon_core.environment:checking '/home/project/ASV/ASV_new/install/thruster' for CMake config files
[2.302s] Level 1:colcon.colcon_core.environment:checking '/home/project/ASV/ASV_new/install/thruster/lib'
[2.302s] Level 1:colcon.colcon_core.environment:checking '/home/project/ASV/ASV_new/install/thruster/bin'
[2.302s] Level 1:colcon.colcon_core.environment:checking '/home/project/ASV/ASV_new/install/thruster/lib/pkgconfig/thruster.pc'
[2.303s] Level 1:colcon.colcon_core.environment:checking '/home/project/ASV/ASV_new/install/thruster/lib/python3.12/site-packages'
[2.303s] Level 1:colcon.colcon_core.shell:create_environment_hook('thruster', 'pythonpath')
[2.303s] INFO:colcon.colcon_core.shell:Creating environment hook '/home/project/ASV/ASV_new/install/thruster/share/thruster/hook/pythonpath.ps1'
[2.304s] INFO:colcon.colcon_core.shell:Creating environment descriptor '/home/project/ASV/ASV_new/install/thruster/share/thruster/hook/pythonpath.dsv'
[2.305s] INFO:colcon.colcon_core.shell:Creating environment hook '/home/project/ASV/ASV_new/install/thruster/share/thruster/hook/pythonpath.sh'
[2.308s] Level 1:colcon.colcon_core.environment:checking '/home/project/ASV/ASV_new/install/thruster/bin'
[2.308s] Level 1:colcon.colcon_core.environment:create_environment_scripts_only(thruster)
[2.308s] INFO:colcon.colcon_core.shell:Creating package script '/home/project/ASV/ASV_new/install/thruster/share/thruster/package.ps1'
[2.309s] INFO:colcon.colcon_core.shell:Creating package descriptor '/home/project/ASV/ASV_new/install/thruster/share/thruster/package.dsv'
[2.310s] INFO:colcon.colcon_core.shell:Creating package script '/home/project/ASV/ASV_new/install/thruster/share/thruster/package.sh'
[2.311s] INFO:colcon.colcon_core.shell:Creating package script '/home/project/ASV/ASV_new/install/thruster/share/thruster/package.bash'
[2.312s] INFO:colcon.colcon_core.shell:Creating package script '/home/project/ASV/ASV_new/install/thruster/share/thruster/package.zsh'
[2.313s] Level 1:colcon.colcon_core.environment:create_file_with_runtime_dependencies(/home/project/ASV/ASV_new/install/thruster/share/colcon-core/packages/thruster)
[2.314s] DEBUG:colcon.colcon_parallel_executor.executor.parallel:closing loop
[2.316s] DEBUG:colcon.colcon_parallel_executor.executor.parallel:loop closed
[2.316s] DEBUG:colcon.colcon_parallel_executor.executor.parallel:run_until_complete finished with '0'
[2.316s] DEBUG:colcon.colcon_core.event_reactor:joining thread
[2.323s] INFO:colcon.colcon_core.plugin_system:Skipping extension 'colcon_notification.desktop_notification.notify2': 'notify2' not found
[2.323s] INFO:colcon.colcon_core.plugin_system:Skipping extension 'colcon_notification.desktop_notification.terminal_notifier': Not used on non-Darwin systems
[2.323s] INFO:colcon.colcon_core.plugin_system:Skipping extension 'colcon_notification.desktop_notification.win32': Not used on non-Windows systems
[2.324s] INFO:colcon.colcon_notification.desktop_notification:Sending desktop notification using 'notify_send'
[2.358s] DEBUG:colcon.colcon_core.event_reactor:joined thread
[2.359s] INFO:colcon.colcon_core.shell:Creating prefix script '/home/project/ASV/ASV_new/install/local_setup.ps1'
[2.361s] INFO:colcon.colcon_core.shell:Creating prefix util module '/home/project/ASV/ASV_new/install/_local_setup_util_ps1.py'
[2.365s] INFO:colcon.colcon_core.shell:Creating prefix chain script '/home/project/ASV/ASV_new/install/setup.ps1'
[2.370s] INFO:colcon.colcon_core.shell:Creating prefix script '/home/project/ASV/ASV_new/install/local_setup.sh'
[2.374s] INFO:colcon.colcon_core.shell:Creating prefix util module '/home/project/ASV/ASV_new/install/_local_setup_util_sh.py'
[2.379s] INFO:colcon.colcon_core.shell:Creating prefix chain script '/home/project/ASV/ASV_new/install/setup.sh'
[2.385s] INFO:colcon.colcon_core.shell:Creating prefix script '/home/project/ASV/ASV_new/install/local_setup.bash'
[2.389s] INFO:colcon.colcon_core.shell:Creating prefix chain script '/home/project/ASV/ASV_new/install/setup.bash'
[2.393s] INFO:colcon.colcon_core.shell:Creating prefix script '/home/project/ASV/ASV_new/install/local_setup.zsh'
[2.398s] INFO:colcon.colcon_core.shell:Creating prefix chain script '/home/project/ASV/ASV_new/install/setup.zsh'
