[4.041s] Invoking command in '/home/project/ASV/ASV_new/src/thruster': DEBUGINFOD_URLS=https://debuginfod.ubuntu.com PS1=(vir_env_main) \[\e]0;\u@\h: \w\a\]${debian_chroot:+($debian_chroot)}\[\033[01;32m\]\u@\h\[\033[00m\]:\[\033[01;34m\]\w\[\033[00m\]\$ PYTHONPATH=/home/project/ASV/ASV_new/build/thruster/prefix_override:/home/project/ASV/vir_env_main/lib/python3.12/site-packages/colcon_core/task/python/colcon_distutils_commands:/home/project/ASV/ASV_new/install/thruster/lib/python3.12/site-packages:${PYTHONPATH} VIRTUAL_ENV_PROMPT=(vir_env_main) /home/project/ASV/vir_env_main/bin/python3 -W ignore:setup.py install is deprecated -W ignore:easy_install command is deprecated setup.py egg_info --egg-base ../../build/thruster build --build-base /home/project/ASV/ASV_new/build/thruster/build install --record /home/project/ASV/ASV_new/build/thruster/install.log --single-version-externally-managed install_data
[5.271s] running egg_info
[5.309s] writing ../../build/thruster/thruster.egg-info/PKG-INFO
[5.310s] writing dependency_links to ../../build/thruster/thruster.egg-info/dependency_links.txt
[5.311s] writing entry points to ../../build/thruster/thruster.egg-info/entry_points.txt
[5.313s] writing requirements to ../../build/thruster/thruster.egg-info/requires.txt
[5.314s] writing top-level names to ../../build/thruster/thruster.egg-info/top_level.txt
[5.404s] reading manifest file '../../build/thruster/thruster.egg-info/SOURCES.txt'
[5.404s] writing manifest file '../../build/thruster/thruster.egg-info/SOURCES.txt'
[5.405s] running build
[5.406s] running build_py
[5.406s] copying thruster/__init__.py -> /home/project/ASV/ASV_new/build/thruster/build/lib/thruster
[5.406s] copying thruster/thrust_teleop_publisher.py -> /home/project/ASV/ASV_new/build/thruster/build/lib/thruster
[5.406s] copying thruster/thrust_subscriber.py -> /home/project/ASV/ASV_new/build/thruster/build/lib/thruster
[5.408s] running install
[5.423s] running install_lib
[5.455s] running install_data
[5.456s] copying resource/thruster -> /home/project/ASV/ASV_new/install/thruster/share/ament_index/resource_index/packages
[5.456s] copying package.xml -> /home/project/ASV/ASV_new/install/thruster/share/thruster
[5.457s] running install_egg_info
[5.507s] removing '/home/project/ASV/ASV_new/install/thruster/lib/python3.12/site-packages/thruster-0.0.0-py3.12.egg-info' (and everything under it)
[5.509s] Copying ../../build/thruster/thruster.egg-info to /home/project/ASV/ASV_new/install/thruster/lib/python3.12/site-packages/thruster-0.0.0-py3.12.egg-info
[5.511s] running install_scripts
[5.607s] Installing thruster_sub script to /home/project/ASV/ASV_new/install/thruster/lib/thruster
[5.618s] Installing thruster_teleop script to /home/project/ASV/ASV_new/install/thruster/lib/thruster
[5.618s] writing list of installed files to '/home/project/ASV/ASV_new/build/thruster/install.log'
[5.780s] Invoked command in '/home/project/ASV/ASV_new/src/thruster' returned '0': DEBUGINFOD_URLS=https://debuginfod.ubuntu.com PS1=(vir_env_main) \[\e]0;\u@\h: \w\a\]${debian_chroot:+($debian_chroot)}\[\033[01;32m\]\u@\h\[\033[00m\]:\[\033[01;34m\]\w\[\033[00m\]\$ PYTHONPATH=/home/project/ASV/ASV_new/build/thruster/prefix_override:/home/project/ASV/vir_env_main/lib/python3.12/site-packages/colcon_core/task/python/colcon_distutils_commands:/home/project/ASV/ASV_new/install/thruster/lib/python3.12/site-packages:${PYTHONPATH} VIRTUAL_ENV_PROMPT=(vir_env_main) /home/project/ASV/vir_env_main/bin/python3 -W ignore:setup.py install is deprecated -W ignore:easy_install command is deprecated setup.py egg_info --egg-base ../../build/thruster build --build-base /home/project/ASV/ASV_new/build/thruster/build install --record /home/project/ASV/ASV_new/build/thruster/install.log --single-version-externally-managed install_data
