[2.771s] Invoking command in '/home/project/ASV/ASV_new/src/thruster': DEBUGINFOD_URLS=https://debuginfod.ubuntu.com PYTHONPATH=/home/project/ASV/ASV_new/build/thruster/prefix_override:/home/project/ASV/vir_env_main/lib/python3.12/site-packages/colcon_core/task/python/colcon_distutils_commands:/home/project/ASV/ASV_new/install/thruster/lib/python3.12/site-packages:${PYTHONPATH} VIRTUAL_ENV_PROMPT=(vir_env_main) /home/project/ASV/vir_env_main/bin/python3 -W ignore:setup.py install is deprecated -W ignore:easy_install command is deprecated setup.py egg_info --egg-base ../../build/thruster build --build-base /home/project/ASV/ASV_new/build/thruster/build install --record /home/project/ASV/ASV_new/build/thruster/install.log --single-version-externally-managed install_data
[3.361s] running egg_info
[3.392s] writing ../../build/thruster/thruster.egg-info/PKG-INFO
[3.393s] writing dependency_links to ../../build/thruster/thruster.egg-info/dependency_links.txt
[3.393s] writing entry points to ../../build/thruster/thruster.egg-info/entry_points.txt
[3.397s] writing requirements to ../../build/thruster/thruster.egg-info/requires.txt
[3.397s] writing top-level names to ../../build/thruster/thruster.egg-info/top_level.txt
[3.476s] reading manifest file '../../build/thruster/thruster.egg-info/SOURCES.txt'
[3.480s] writing manifest file '../../build/thruster/thruster.egg-info/SOURCES.txt'
[3.481s] running build
[3.483s] running build_py
[3.484s] copying thruster/__init__.py -> /home/project/ASV/ASV_new/build/thruster/build/lib/thruster
[3.486s] copying thruster/thrust_teleop_publisher.py -> /home/project/ASV/ASV_new/build/thruster/build/lib/thruster
[3.486s] copying thruster/thrust_subscriber.py -> /home/project/ASV/ASV_new/build/thruster/build/lib/thruster
[3.488s] running install
[3.528s] running install_lib
[3.571s] running install_data
[3.572s] copying resource/thruster -> /home/project/ASV/ASV_new/install/thruster/share/ament_index/resource_index/packages
[3.573s] copying package.xml -> /home/project/ASV/ASV_new/install/thruster/share/thruster
[3.573s] running install_egg_info
[3.608s] removing '/home/project/ASV/ASV_new/install/thruster/lib/python3.12/site-packages/thruster-0.0.0-py3.12.egg-info' (and everything under it)
[3.609s] Copying ../../build/thruster/thruster.egg-info to /home/project/ASV/ASV_new/install/thruster/lib/python3.12/site-packages/thruster-0.0.0-py3.12.egg-info
[3.611s] running install_scripts
[3.746s] Installing thruster_sub script to /home/project/ASV/ASV_new/install/thruster/lib/thruster
[3.747s] Installing thruster_teleop script to /home/project/ASV/ASV_new/install/thruster/lib/thruster
[3.752s] writing list of installed files to '/home/project/ASV/ASV_new/build/thruster/install.log'
[3.893s] Invoked command in '/home/project/ASV/ASV_new/src/thruster' returned '0': DEBUGINFOD_URLS=https://debuginfod.ubuntu.com PYTHONPATH=/home/project/ASV/ASV_new/build/thruster/prefix_override:/home/project/ASV/vir_env_main/lib/python3.12/site-packages/colcon_core/task/python/colcon_distutils_commands:/home/project/ASV/ASV_new/install/thruster/lib/python3.12/site-packages:${PYTHONPATH} VIRTUAL_ENV_PROMPT=(vir_env_main) /home/project/ASV/vir_env_main/bin/python3 -W ignore:setup.py install is deprecated -W ignore:easy_install command is deprecated setup.py egg_info --egg-base ../../build/thruster build --build-base /home/project/ASV/ASV_new/build/thruster/build install --record /home/project/ASV/ASV_new/build/thruster/install.log --single-version-externally-managed install_data
