[0.226s] DEBUG:colcon:Command line arguments: ['/home/project/ASV/vir_env_main/bin/colcon', 'build']
[0.227s] DEBUG:colcon:Parsed command line arguments: Namespace(log_base=None, log_level=None, verb_name='build', build_base='build', install_base='install', merge_install=False, symlink_install=False, test_result_base=None, continue_on_error=False, executor='parallel', parallel_workers=4, event_handlers=None, ignore_user_meta=False, metas=['./colcon.meta'], base_paths=['.'], packages_ignore=None, packages_ignore_regex=None, paths=None, packages_up_to=None, packages_up_to_regex=None, packages_above=None, packages_above_and_dependencies=None, packages_above_depth=None, packages_select_by_dep=None, packages_skip_by_dep=None, packages_skip_up_to=None, packages_select_build_failed=False, packages_skip_build_finished=False, packages_select_test_failures=False, packages_skip_test_passed=False, packages_select=None, packages_skip=None, packages_select_regex=None, packages_skip_regex=None, packages_start=None, packages_end=None, cmake_args=None, cmake_target=None, cmake_target_skip_unavailable=False, cmake_clean_cache=False, cmake_clean_first=False, cmake_force_configure=False, ament_cmake_args=None, catkin_cmake_args=None, catkin_skip_building_tests=False, verb_parser=<colcon_defaults.argument_parser.defaults.DefaultArgumentsDecorator object at 0xffffacce9fd0>, verb_extension=<colcon_core.verb.build.BuildVerb object at 0xffffacce9e20>, main=<bound method BuildVerb.main of <colcon_core.verb.build.BuildVerb object at 0xffffacce9e20>>)
[0.292s] Level 1:colcon.colcon_core.package_discovery:discover_packages(colcon_meta) check parameters
[0.293s] Level 1:colcon.colcon_core.package_discovery:discover_packages(recursive) check parameters
[0.293s] Level 1:colcon.colcon_core.package_discovery:discover_packages(ignore) check parameters
[0.293s] Level 1:colcon.colcon_core.package_discovery:discover_packages(path) check parameters
[0.293s] Level 1:colcon.colcon_core.package_discovery:discover_packages(colcon_meta) discover
[0.293s] Level 1:colcon.colcon_core.package_discovery:discover_packages(recursive) discover
[0.293s] INFO:colcon.colcon_core.package_discovery:Crawling recursively for packages in '/home/project/ASV/ASV_new'
[0.293s] Level 1:colcon.colcon_core.package_identification:_identify(.) by extensions ['ignore', 'ignore_ament_install']
[0.293s] Level 1:colcon.colcon_core.package_identification:_identify(.) by extension 'ignore'
[0.293s] Level 1:colcon.colcon_core.package_identification:_identify(.) by extension 'ignore_ament_install'
[0.293s] Level 1:colcon.colcon_core.package_identification:_identify(.) by extensions ['colcon_pkg']
[0.293s] Level 1:colcon.colcon_core.package_identification:_identify(.) by extension 'colcon_pkg'
[0.293s] Level 1:colcon.colcon_core.package_identification:_identify(.) by extensions ['colcon_meta']
[0.294s] Level 1:colcon.colcon_core.package_identification:_identify(.) by extension 'colcon_meta'
[0.294s] Level 1:colcon.colcon_core.package_identification:_identify(.) by extensions ['ros']
[0.294s] Level 1:colcon.colcon_core.package_identification:_identify(.) by extension 'ros'
[0.337s] Level 1:colcon.colcon_core.package_identification:_identify(.) by extensions ['cmake', 'python']
[0.337s] Level 1:colcon.colcon_core.package_identification:_identify(.) by extension 'cmake'
[0.338s] Level 1:colcon.colcon_core.package_identification:_identify(.) by extension 'python'
[0.338s] Level 1:colcon.colcon_core.package_identification:_identify(.) by extensions ['python_setup_py']
[0.338s] Level 1:colcon.colcon_core.package_identification:_identify(.) by extension 'python_setup_py'
[0.339s] Level 1:colcon.colcon_core.package_identification:_identify(build) by extensions ['ignore', 'ignore_ament_install']
[0.339s] Level 1:colcon.colcon_core.package_identification:_identify(build) by extension 'ignore'
[0.339s] Level 1:colcon.colcon_core.package_identification:_identify(build) ignored
[0.339s] Level 1:colcon.colcon_core.package_identification:_identify(install) by extensions ['ignore', 'ignore_ament_install']
[0.340s] Level 1:colcon.colcon_core.package_identification:_identify(install) by extension 'ignore'
[0.340s] Level 1:colcon.colcon_core.package_identification:_identify(install) ignored
[0.340s] Level 1:colcon.colcon_core.package_identification:_identify(log) by extensions ['ignore', 'ignore_ament_install']
[0.340s] Level 1:colcon.colcon_core.package_identification:_identify(log) by extension 'ignore'
[0.340s] Level 1:colcon.colcon_core.package_identification:_identify(log) ignored
[0.340s] Level 1:colcon.colcon_core.package_identification:_identify(src) by extensions ['ignore', 'ignore_ament_install']
[0.340s] Level 1:colcon.colcon_core.package_identification:_identify(src) by extension 'ignore'
[0.340s] Level 1:colcon.colcon_core.package_identification:_identify(src) by extension 'ignore_ament_install'
[0.340s] Level 1:colcon.colcon_core.package_identification:_identify(src) by extensions ['colcon_pkg']
[0.340s] Level 1:colcon.colcon_core.package_identification:_identify(src) by extension 'colcon_pkg'
[0.340s] Level 1:colcon.colcon_core.package_identification:_identify(src) by extensions ['colcon_meta']
[0.340s] Level 1:colcon.colcon_core.package_identification:_identify(src) by extension 'colcon_meta'
[0.341s] Level 1:colcon.colcon_core.package_identification:_identify(src) by extensions ['ros']
[0.341s] Level 1:colcon.colcon_core.package_identification:_identify(src) by extension 'ros'
[0.341s] Level 1:colcon.colcon_core.package_identification:_identify(src) by extensions ['cmake', 'python']
[0.341s] Level 1:colcon.colcon_core.package_identification:_identify(src) by extension 'cmake'
[0.341s] Level 1:colcon.colcon_core.package_identification:_identify(src) by extension 'python'
[0.341s] Level 1:colcon.colcon_core.package_identification:_identify(src) by extensions ['python_setup_py']
[0.341s] Level 1:colcon.colcon_core.package_identification:_identify(src) by extension 'python_setup_py'
[0.341s] Level 1:colcon.colcon_core.package_identification:_identify(src/imu) by extensions ['ignore', 'ignore_ament_install']
[0.341s] Level 1:colcon.colcon_core.package_identification:_identify(src/imu) by extension 'ignore'
[0.341s] Level 1:colcon.colcon_core.package_identification:_identify(src/imu) by extension 'ignore_ament_install'
[0.341s] Level 1:colcon.colcon_core.package_identification:_identify(src/imu) by extensions ['colcon_pkg']
[0.341s] Level 1:colcon.colcon_core.package_identification:_identify(src/imu) by extension 'colcon_pkg'
[0.341s] Level 1:colcon.colcon_core.package_identification:_identify(src/imu) by extensions ['colcon_meta']
[0.341s] Level 1:colcon.colcon_core.package_identification:_identify(src/imu) by extension 'colcon_meta'
[0.341s] Level 1:colcon.colcon_core.package_identification:_identify(src/imu) by extensions ['ros']
[0.341s] Level 1:colcon.colcon_core.package_identification:_identify(src/imu) by extension 'ros'
[0.349s] DEBUG:colcon.colcon_core.package_identification:Package 'src/imu' with type 'ros.ament_python' and name 'imu'
[0.350s] Level 1:colcon.colcon_core.package_identification:_identify(src/thruster) by extensions ['ignore', 'ignore_ament_install']
[0.350s] Level 1:colcon.colcon_core.package_identification:_identify(src/thruster) by extension 'ignore'
[0.350s] Level 1:colcon.colcon_core.package_identification:_identify(src/thruster) by extension 'ignore_ament_install'
[0.350s] Level 1:colcon.colcon_core.package_identification:_identify(src/thruster) by extensions ['colcon_pkg']
[0.350s] Level 1:colcon.colcon_core.package_identification:_identify(src/thruster) by extension 'colcon_pkg'
[0.350s] Level 1:colcon.colcon_core.package_identification:_identify(src/thruster) by extensions ['colcon_meta']
[0.350s] Level 1:colcon.colcon_core.package_identification:_identify(src/thruster) by extension 'colcon_meta'
[0.350s] Level 1:colcon.colcon_core.package_identification:_identify(src/thruster) by extensions ['ros']
[0.350s] Level 1:colcon.colcon_core.package_identification:_identify(src/thruster) by extension 'ros'
[0.351s] DEBUG:colcon.colcon_core.package_identification:Package 'src/thruster' with type 'ros.ament_python' and name 'thruster'
[0.351s] Level 1:colcon.colcon_core.package_discovery:discover_packages(recursive) using defaults
[0.352s] Level 1:colcon.colcon_core.package_discovery:discover_packages(ignore) discover
[0.352s] Level 1:colcon.colcon_core.package_discovery:discover_packages(ignore) using defaults
[0.352s] Level 1:colcon.colcon_core.package_discovery:discover_packages(path) discover
[0.352s] Level 1:colcon.colcon_core.package_discovery:discover_packages(path) using defaults
[0.380s] Level 5:colcon.colcon_core.verb:set package 'imu' build argument 'cmake_args' from command line to 'None'
[0.380s] Level 5:colcon.colcon_core.verb:set package 'imu' build argument 'cmake_target' from command line to 'None'
[0.380s] Level 5:colcon.colcon_core.verb:set package 'imu' build argument 'cmake_target_skip_unavailable' from command line to 'False'
[0.380s] Level 5:colcon.colcon_core.verb:set package 'imu' build argument 'cmake_clean_cache' from command line to 'False'
[0.380s] Level 5:colcon.colcon_core.verb:set package 'imu' build argument 'cmake_clean_first' from command line to 'False'
[0.380s] Level 5:colcon.colcon_core.verb:set package 'imu' build argument 'cmake_force_configure' from command line to 'False'
[0.380s] Level 5:colcon.colcon_core.verb:set package 'imu' build argument 'ament_cmake_args' from command line to 'None'
[0.380s] Level 5:colcon.colcon_core.verb:set package 'imu' build argument 'catkin_cmake_args' from command line to 'None'
[0.380s] Level 5:colcon.colcon_core.verb:set package 'imu' build argument 'catkin_skip_building_tests' from command line to 'False'
[0.380s] DEBUG:colcon.colcon_core.verb:Building package 'imu' with the following arguments: {'ament_cmake_args': None, 'build_base': '/home/project/ASV/ASV_new/build/imu', 'catkin_cmake_args': None, 'catkin_skip_building_tests': False, 'cmake_args': None, 'cmake_clean_cache': False, 'cmake_clean_first': False, 'cmake_force_configure': False, 'cmake_target': None, 'cmake_target_skip_unavailable': False, 'install_base': '/home/project/ASV/ASV_new/install/imu', 'merge_install': False, 'path': '/home/project/ASV/ASV_new/src/imu', 'symlink_install': False, 'test_result_base': None}
[0.381s] Level 5:colcon.colcon_core.verb:set package 'thruster' build argument 'cmake_args' from command line to 'None'
[0.381s] Level 5:colcon.colcon_core.verb:set package 'thruster' build argument 'cmake_target' from command line to 'None'
[0.381s] Level 5:colcon.colcon_core.verb:set package 'thruster' build argument 'cmake_target_skip_unavailable' from command line to 'False'
[0.381s] Level 5:colcon.colcon_core.verb:set package 'thruster' build argument 'cmake_clean_cache' from command line to 'False'
[0.381s] Level 5:colcon.colcon_core.verb:set package 'thruster' build argument 'cmake_clean_first' from command line to 'False'
[0.381s] Level 5:colcon.colcon_core.verb:set package 'thruster' build argument 'cmake_force_configure' from command line to 'False'
[0.381s] Level 5:colcon.colcon_core.verb:set package 'thruster' build argument 'ament_cmake_args' from command line to 'None'
[0.381s] Level 5:colcon.colcon_core.verb:set package 'thruster' build argument 'catkin_cmake_args' from command line to 'None'
[0.381s] Level 5:colcon.colcon_core.verb:set package 'thruster' build argument 'catkin_skip_building_tests' from command line to 'False'
[0.381s] DEBUG:colcon.colcon_core.verb:Building package 'thruster' with the following arguments: {'ament_cmake_args': None, 'build_base': '/home/project/ASV/ASV_new/build/thruster', 'catkin_cmake_args': None, 'catkin_skip_building_tests': False, 'cmake_args': None, 'cmake_clean_cache': False, 'cmake_clean_first': False, 'cmake_force_configure': False, 'cmake_target': None, 'cmake_target_skip_unavailable': False, 'install_base': '/home/project/ASV/ASV_new/install/thruster', 'merge_install': False, 'path': '/home/project/ASV/ASV_new/src/thruster', 'symlink_install': False, 'test_result_base': None}
[0.381s] INFO:colcon.colcon_core.executor:Executing jobs using 'parallel' executor
[0.383s] DEBUG:colcon.colcon_parallel_executor.executor.parallel:run_until_complete
[0.385s] INFO:colcon.colcon_ros.task.ament_python.build:Building ROS package in '/home/project/ASV/ASV_new/src/imu' with build type 'ament_python'
[0.386s] Level 1:colcon.colcon_core.shell:create_environment_hook('imu', 'ament_prefix_path')
[0.393s] INFO:colcon.colcon_core.plugin_system:Skipping extension 'colcon_core.shell.bat': Not used on non-Windows systems
[0.394s] INFO:colcon.colcon_core.shell:Creating environment hook '/home/project/ASV/ASV_new/install/imu/share/imu/hook/ament_prefix_path.ps1'
[0.399s] INFO:colcon.colcon_core.shell:Creating environment descriptor '/home/project/ASV/ASV_new/install/imu/share/imu/hook/ament_prefix_path.dsv'
[0.404s] INFO:colcon.colcon_core.shell:Creating environment hook '/home/project/ASV/ASV_new/install/imu/share/imu/hook/ament_prefix_path.sh'
[0.407s] INFO:colcon.colcon_core.shell:Skip shell extension 'powershell' for command environment: Not usable outside of PowerShell
[0.407s] DEBUG:colcon.colcon_core.shell:Skip shell extension 'dsv' for command environment
[0.419s] INFO:colcon.colcon_ros.task.ament_python.build:Building ROS package in '/home/project/ASV/ASV_new/src/thruster' with build type 'ament_python'
[0.419s] Level 1:colcon.colcon_core.shell:create_environment_hook('thruster', 'ament_prefix_path')
[0.420s] INFO:colcon.colcon_core.shell:Creating environment hook '/home/project/ASV/ASV_new/install/thruster/share/thruster/hook/ament_prefix_path.ps1'
[0.422s] INFO:colcon.colcon_core.shell:Creating environment descriptor '/home/project/ASV/ASV_new/install/thruster/share/thruster/hook/ament_prefix_path.dsv'
[0.425s] INFO:colcon.colcon_core.shell:Creating environment hook '/home/project/ASV/ASV_new/install/thruster/share/thruster/hook/ament_prefix_path.sh'
[0.426s] INFO:colcon.colcon_core.shell:Skip shell extension 'powershell' for command environment: Not usable outside of PowerShell
[0.426s] DEBUG:colcon.colcon_core.shell:Skip shell extension 'dsv' for command environment
[0.877s] INFO:colcon.colcon_core.task.python.build:Building Python package in '/home/project/ASV/ASV_new/src/imu'
[0.877s] INFO:colcon.colcon_core.shell:Skip shell extension 'powershell' for command environment: Not usable outside of PowerShell
[0.877s] DEBUG:colcon.colcon_core.shell:Skip shell extension 'dsv' for command environment
[1.331s] INFO:colcon.colcon_core.task.python.build:Building Python package in '/home/project/ASV/ASV_new/src/thruster'
[1.331s] INFO:colcon.colcon_core.shell:Skip shell extension 'powershell' for command environment: Not usable outside of PowerShell
[1.331s] DEBUG:colcon.colcon_core.shell:Skip shell extension 'dsv' for command environment
[2.235s] DEBUG:colcon.colcon_core.event_handler.log_command:Invoking command in '/home/project/ASV/ASV_new/src/thruster': DEBUGINFOD_URLS=https://debuginfod.ubuntu.com PS1=(vir_env_main) \[\e]0;\u@\h: \w\a\]${debian_chroot:+($debian_chroot)}\[\033[01;32m\]\u@\h\[\033[00m\]:\[\033[01;34m\]\w\[\033[00m\]\$ PYTHONPATH=/home/project/ASV/ASV_new/build/thruster/prefix_override:/home/project/ASV/vir_env_main/lib/python3.12/site-packages/colcon_core/task/python/colcon_distutils_commands:/home/project/ASV/ASV_new/install/thruster/lib/python3.12/site-packages:${PYTHONPATH} VIRTUAL_ENV_PROMPT=(vir_env_main) /home/project/ASV/vir_env_main/bin/python3 -W ignore:setup.py install is deprecated -W ignore:easy_install command is deprecated setup.py egg_info --egg-base ../../build/thruster build --build-base /home/project/ASV/ASV_new/build/thruster/build install --record /home/project/ASV/ASV_new/build/thruster/install.log --single-version-externally-managed install_data
[2.275s] DEBUG:colcon.colcon_core.event_handler.log_command:Invoking command in '/home/project/ASV/ASV_new/src/imu': DEBUGINFOD_URLS=https://debuginfod.ubuntu.com PS1=(vir_env_main) \[\e]0;\u@\h: \w\a\]${debian_chroot:+($debian_chroot)}\[\033[01;32m\]\u@\h\[\033[00m\]:\[\033[01;34m\]\w\[\033[00m\]\$ PYTHONPATH=/home/project/ASV/ASV_new/build/imu/prefix_override:/home/project/ASV/vir_env_main/lib/python3.12/site-packages/colcon_core/task/python/colcon_distutils_commands:/home/project/ASV/ASV_new/install/imu/lib/python3.12/site-packages:${PYTHONPATH} VIRTUAL_ENV_PROMPT=(vir_env_main) /home/project/ASV/vir_env_main/bin/python3 -W ignore:setup.py install is deprecated -W ignore:easy_install command is deprecated setup.py egg_info --egg-base ../../build/imu build --build-base /home/project/ASV/ASV_new/build/imu/build install --record /home/project/ASV/ASV_new/build/imu/install.log --single-version-externally-managed install_data
[3.112s] DEBUG:colcon.colcon_core.event_handler.log_command:Invoked command in '/home/project/ASV/ASV_new/src/thruster' returned '0': DEBUGINFOD_URLS=https://debuginfod.ubuntu.com PS1=(vir_env_main) \[\e]0;\u@\h: \w\a\]${debian_chroot:+($debian_chroot)}\[\033[01;32m\]\u@\h\[\033[00m\]:\[\033[01;34m\]\w\[\033[00m\]\$ PYTHONPATH=/home/project/ASV/ASV_new/build/thruster/prefix_override:/home/project/ASV/vir_env_main/lib/python3.12/site-packages/colcon_core/task/python/colcon_distutils_commands:/home/project/ASV/ASV_new/install/thruster/lib/python3.12/site-packages:${PYTHONPATH} VIRTUAL_ENV_PROMPT=(vir_env_main) /home/project/ASV/vir_env_main/bin/python3 -W ignore:setup.py install is deprecated -W ignore:easy_install command is deprecated setup.py egg_info --egg-base ../../build/thruster build --build-base /home/project/ASV/ASV_new/build/thruster/build install --record /home/project/ASV/ASV_new/build/thruster/install.log --single-version-externally-managed install_data
[3.124s] Level 1:colcon.colcon_core.environment:checking '/home/project/ASV/ASV_new/install/thruster' for CMake module files
[3.126s] Level 1:colcon.colcon_core.environment:checking '/home/project/ASV/ASV_new/install/thruster' for CMake config files
[3.128s] Level 1:colcon.colcon_core.environment:checking '/home/project/ASV/ASV_new/install/thruster/lib'
[3.129s] Level 1:colcon.colcon_core.environment:checking '/home/project/ASV/ASV_new/install/thruster/bin'
[3.129s] Level 1:colcon.colcon_core.environment:checking '/home/project/ASV/ASV_new/install/thruster/lib/pkgconfig/thruster.pc'
[3.130s] Level 1:colcon.colcon_core.environment:checking '/home/project/ASV/ASV_new/install/thruster/lib/python3.12/site-packages'
[3.130s] Level 1:colcon.colcon_core.shell:create_environment_hook('thruster', 'pythonpath')
[3.131s] INFO:colcon.colcon_core.shell:Creating environment hook '/home/project/ASV/ASV_new/install/thruster/share/thruster/hook/pythonpath.ps1'
[3.133s] INFO:colcon.colcon_core.shell:Creating environment descriptor '/home/project/ASV/ASV_new/install/thruster/share/thruster/hook/pythonpath.dsv'
[3.140s] INFO:colcon.colcon_core.shell:Creating environment hook '/home/project/ASV/ASV_new/install/thruster/share/thruster/hook/pythonpath.sh'
[3.150s] Level 1:colcon.colcon_core.environment:checking '/home/project/ASV/ASV_new/install/thruster/bin'
[3.150s] Level 1:colcon.colcon_core.environment:create_environment_scripts_only(thruster)
[3.151s] INFO:colcon.colcon_core.shell:Creating package script '/home/project/ASV/ASV_new/install/thruster/share/thruster/package.ps1'
[3.157s] INFO:colcon.colcon_core.shell:Creating package descriptor '/home/project/ASV/ASV_new/install/thruster/share/thruster/package.dsv'
[3.163s] INFO:colcon.colcon_core.shell:Creating package script '/home/project/ASV/ASV_new/install/thruster/share/thruster/package.sh'
[3.168s] INFO:colcon.colcon_core.shell:Creating package script '/home/project/ASV/ASV_new/install/thruster/share/thruster/package.bash'
[3.170s] INFO:colcon.colcon_core.shell:Creating package script '/home/project/ASV/ASV_new/install/thruster/share/thruster/package.zsh'
[3.174s] Level 1:colcon.colcon_core.environment:create_file_with_runtime_dependencies(/home/project/ASV/ASV_new/install/thruster/share/colcon-core/packages/thruster)
[3.180s] Level 1:colcon.colcon_core.environment:checking '/home/project/ASV/ASV_new/install/imu' for CMake module files
[3.181s] Level 1:colcon.colcon_core.environment:checking '/home/project/ASV/ASV_new/install/imu' for CMake config files
[3.187s] DEBUG:colcon.colcon_core.event_handler.log_command:Invoked command in '/home/project/ASV/ASV_new/src/imu' returned '0': DEBUGINFOD_URLS=https://debuginfod.ubuntu.com PS1=(vir_env_main) \[\e]0;\u@\h: \w\a\]${debian_chroot:+($debian_chroot)}\[\033[01;32m\]\u@\h\[\033[00m\]:\[\033[01;34m\]\w\[\033[00m\]\$ PYTHONPATH=/home/project/ASV/ASV_new/build/imu/prefix_override:/home/project/ASV/vir_env_main/lib/python3.12/site-packages/colcon_core/task/python/colcon_distutils_commands:/home/project/ASV/ASV_new/install/imu/lib/python3.12/site-packages:${PYTHONPATH} VIRTUAL_ENV_PROMPT=(vir_env_main) /home/project/ASV/vir_env_main/bin/python3 -W ignore:setup.py install is deprecated -W ignore:easy_install command is deprecated setup.py egg_info --egg-base ../../build/imu build --build-base /home/project/ASV/ASV_new/build/imu/build install --record /home/project/ASV/ASV_new/build/imu/install.log --single-version-externally-managed install_data
[3.191s] Level 1:colcon.colcon_core.environment:checking '/home/project/ASV/ASV_new/install/imu/lib'
[3.193s] Level 1:colcon.colcon_core.environment:checking '/home/project/ASV/ASV_new/install/imu/bin'
[3.194s] Level 1:colcon.colcon_core.environment:checking '/home/project/ASV/ASV_new/install/imu/lib/pkgconfig/imu.pc'
[3.197s] Level 1:colcon.colcon_core.environment:checking '/home/project/ASV/ASV_new/install/imu/lib/python3.12/site-packages'
[3.197s] Level 1:colcon.colcon_core.shell:create_environment_hook('imu', 'pythonpath')
[3.198s] INFO:colcon.colcon_core.shell:Creating environment hook '/home/project/ASV/ASV_new/install/imu/share/imu/hook/pythonpath.ps1'
[3.200s] INFO:colcon.colcon_core.shell:Creating environment descriptor '/home/project/ASV/ASV_new/install/imu/share/imu/hook/pythonpath.dsv'
[3.204s] INFO:colcon.colcon_core.shell:Creating environment hook '/home/project/ASV/ASV_new/install/imu/share/imu/hook/pythonpath.sh'
[3.209s] Level 1:colcon.colcon_core.environment:checking '/home/project/ASV/ASV_new/install/imu/bin'
[3.210s] Level 1:colcon.colcon_core.environment:create_environment_scripts_only(imu)
[3.211s] INFO:colcon.colcon_core.shell:Creating package script '/home/project/ASV/ASV_new/install/imu/share/imu/package.ps1'
[3.213s] INFO:colcon.colcon_core.shell:Creating package descriptor '/home/project/ASV/ASV_new/install/imu/share/imu/package.dsv'
[3.217s] INFO:colcon.colcon_core.shell:Creating package script '/home/project/ASV/ASV_new/install/imu/share/imu/package.sh'
[3.225s] INFO:colcon.colcon_core.shell:Creating package script '/home/project/ASV/ASV_new/install/imu/share/imu/package.bash'
[3.231s] INFO:colcon.colcon_core.shell:Creating package script '/home/project/ASV/ASV_new/install/imu/share/imu/package.zsh'
[3.236s] Level 1:colcon.colcon_core.environment:create_file_with_runtime_dependencies(/home/project/ASV/ASV_new/install/imu/share/colcon-core/packages/imu)
[3.239s] DEBUG:colcon.colcon_parallel_executor.executor.parallel:closing loop
[3.240s] DEBUG:colcon.colcon_parallel_executor.executor.parallel:loop closed
[3.241s] DEBUG:colcon.colcon_parallel_executor.executor.parallel:run_until_complete finished with '0'
[3.242s] DEBUG:colcon.colcon_core.event_reactor:joining thread
[3.251s] INFO:colcon.colcon_core.plugin_system:Skipping extension 'colcon_notification.desktop_notification.notify2': 'notify2' not found
[3.252s] INFO:colcon.colcon_core.plugin_system:Skipping extension 'colcon_notification.desktop_notification.terminal_notifier': Not used on non-Darwin systems
[3.253s] INFO:colcon.colcon_core.plugin_system:Skipping extension 'colcon_notification.desktop_notification.win32': Not used on non-Windows systems
[3.253s] INFO:colcon.colcon_notification.desktop_notification:Sending desktop notification using 'notify_send'
[3.341s] DEBUG:colcon.colcon_core.event_reactor:joined thread
[3.342s] INFO:colcon.colcon_core.shell:Creating prefix script '/home/project/ASV/ASV_new/install/local_setup.ps1'
[3.345s] INFO:colcon.colcon_core.shell:Creating prefix util module '/home/project/ASV/ASV_new/install/_local_setup_util_ps1.py'
[3.349s] INFO:colcon.colcon_core.shell:Creating prefix chain script '/home/project/ASV/ASV_new/install/setup.ps1'
[3.352s] INFO:colcon.colcon_core.shell:Creating prefix script '/home/project/ASV/ASV_new/install/local_setup.sh'
[3.356s] INFO:colcon.colcon_core.shell:Creating prefix util module '/home/project/ASV/ASV_new/install/_local_setup_util_sh.py'
[3.360s] INFO:colcon.colcon_core.shell:Creating prefix chain script '/home/project/ASV/ASV_new/install/setup.sh'
[3.367s] INFO:colcon.colcon_core.shell:Creating prefix script '/home/project/ASV/ASV_new/install/local_setup.bash'
[3.369s] INFO:colcon.colcon_core.shell:Creating prefix chain script '/home/project/ASV/ASV_new/install/setup.bash'
[3.374s] INFO:colcon.colcon_core.shell:Creating prefix script '/home/project/ASV/ASV_new/install/local_setup.zsh'
[3.378s] INFO:colcon.colcon_core.shell:Creating prefix chain script '/home/project/ASV/ASV_new/install/setup.zsh'
